 takeon

 Timestamp is 61cb5aa1 (Tue Dec 28 18:42:41 2021)

 Preferred load address is 00400000

 Start         Length     Name                   Class
 0001:00000000 0000ab40H .text                   CODE
 0001:0000ab40 00013823H .text$mn                CODE
 0001:0001e363 00000000H .text$x                 CODE
 0002:00000000 00000118H .idata$5                DATA
 0002:00000118 00000004H .00cfg                  DATA
 0002:0000011c 00000004H .CRT$XCA                DATA
 0002:00000120 00000004H .CRT$XCAA               DATA
 0002:00000124 00000004H .CRT$XCZ                DATA
 0002:00000128 00000004H .CRT$XIA                DATA
 0002:0000012c 00000004H .CRT$XIAA               DATA
 0002:00000130 00000004H .CRT$XIAC               DATA
 0002:00000134 00000010H .CRT$XIC                DATA
 0002:00000144 00000004H .CRT$XIZ                DATA
 0002:00000148 00000004H .CRT$XPA                DATA
 0002:0000014c 00000008H .CRT$XPX                DATA
 0002:00000154 00000004H .CRT$XPXA               DATA
 0002:00000158 00000004H .CRT$XPZ                DATA
 0002:0000015c 00000004H .CRT$XTA                DATA
 0002:00000160 00000010H .CRT$XTZ                DATA
 0002:00000164 00000000H .gfids$y                DATA
 0002:00000170 00006bd0H .rdata                  DATA
 0002:00006d40 00000000H .rdata$CastGuardVftablesA DATA
 0002:00006d40 00000000H .rdata$CastGuardVftablesC DATA
 0002:00006d40 00000000H .rdata$r                DATA
 0002:00006d40 000002acH .rdata$zzzdbg           DATA
 0002:00006fec 00000004H .rtc$IAA                DATA
 0002:00006ff0 00000004H .rtc$IZZ                DATA
 0002:00006ff4 00000004H .rtc$TAA                DATA
 0002:00006ff8 00000008H .rtc$TZZ                DATA
 0002:00007000 000005bcH .xdata$x                DATA
 0002:000075bc 00000000H .edata                  DATA
 0002:000075bc 00000014H .idata$2                DATA
 0002:000075d0 00000014H .idata$3                DATA
 0002:000075e4 00000118H .idata$4                DATA
 0002:000076fc 00000504H .idata$6                DATA
 0003:00000000 00002060H .data                   DATA
 0003:00002060 00000000H .data$r                 DATA
 0003:00002060 00000000H .data$rs                DATA
 0003:00002060 00000a44H .bss                    DATA
 0004:00000000 00000300H _ITRAP$B                DATA
 0004:00000300 00000f00H _ITRAP$D                DATA
 0004:00001200 00000020H _ITRAP$F                DATA
 0005:00000000 000002e0H _SWTAB                  DATA

  Address         Publics by Value              Rva+Base       Lib:Object

 0000:00000000       ___guard_eh_cont_table     00000000     <absolute>
 0000:00000000       ___guard_iat_count         00000000     <absolute>
 0000:00000000       ___safe_se_handler_table   00000000     <absolute>
 0000:00000000       ___arm64x_native_entrypoint 00000000     <absolute>
 0000:00000000       __except_list              00000000     <absolute>
 0000:00000000       ___x64_code_ranges_to_entry_points_count 00000000     <absolute>
 0000:00000000       ___guard_longjmp_table     00000000     <absolute>
 0000:00000000       ___volatile_metadata       00000000     <absolute>
 0000:00000000       ___arm64x_extra_rfe_table  00000000     <absolute>
 0000:00000000       ___arm64x_redirection_metadata 00000000     <absolute>
 0000:00000000       ___guard_eh_cont_count     00000000     <absolute>
 0000:00000000       ___hybrid_code_map_count   00000000     <absolute>
 0000:00000000       ___guard_iat_table         00000000     <absolute>
 0000:00000000       ___x64_code_ranges_to_entry_points 00000000     <absolute>
 0000:00000000       ___guard_fids_count        00000000     <absolute>
 0000:00000000       ___safe_se_handler_count   00000000     <absolute>
 0000:00000000       ___hybrid_code_map         00000000     <absolute>
 0000:00000000       ___guard_longjmp_count     00000000     <absolute>
 0000:00000000       ___arm64x_extra_rfe_table_size 00000000     <absolute>
 0000:00000000       ___guard_check_icall_a64n_fptr 00000000     <absolute>
 0000:00000000       ___arm64x_redirection_metadata_count 00000000     <absolute>
 0000:00000000       ___hybrid_auxiliary_iat_copy 00000000     <absolute>
 0000:00000000       ___hybrid_auxiliary_iat    00000000     <absolute>
 0000:00000000       ___dynamic_value_reloc_table 00000000     <absolute>
 0000:00000000       ___enclave_config          00000000     <absolute>
 0000:00000000       ___AbsoluteZero            00000000     <absolute>
 0000:00000000       ___guard_fids_table        00000000     <absolute>
 0000:00000100       ___guard_flags             00000100     <absolute>
 0000:00000000       ___ImageBase               00400000     <linker-defined>
 0001:00000000       __impmain                  00401000 f   takeon.obj
 0001:00003ac0       _IMPSTRCPY                 00404ac0 f   libi77:impcore-strcpy.obj
 0001:00003b60       _IMPAREF                   00404b60 f   libi77:impcore-aref.obj
 0001:00003c40       _IMPADEF                   00404c40 f   libi77:impcore-adef.obj
 0001:00003d36       _IMPSTOP                   00404d36 f   libi77:impcore-signal.obj
 0001:00003d46       _IMPSIGNAL                 00404d46 f   libi77:impcore-signal.obj
 0001:00003f39       _NEEDTOINITIALISE          00404f39 f   libi77:imprtl-io.obj
 0001:00003f57       _GETMAXSTREAM              00404f57 f   libi77:imprtl-io.obj
 0001:00003fc1       _INITIALISEIO              00404fc1 f   libi77:imprtl-io.obj
 0001:0000412c       _TERMINATEIO               0040512c f   libi77:imprtl-io.obj
 0001:000041a9       _DEBUGSYMBOL               004051a9 f   libi77:imprtl-io.obj
 0001:000041dd       _DEBUGREAL                 004051dd f   libi77:imprtl-io.obj
 0001:00004218       _READBUFFER                00405218 f   libi77:imprtl-io.obj
 0001:00004c0d       _WRITEBUFFER               00405c0d f   libi77:imprtl-io.obj
 0001:000055a8       _INPUTSTREAM               004065a8 f   libi77:imprtl-io.obj
 0001:000055c4       _OUTPUTSTREAM              004065c4 f   libi77:imprtl-io.obj
 0001:000055e0       _RESETINPUT                004065e0 f   libi77:imprtl-io.obj
 0001:0000567e       _RESETOUTPUT               0040667e f   libi77:imprtl-io.obj
 0001:0000571c       _SEEKINPUT                 0040671c f   libi77:imprtl-io.obj
 0001:000057d1       _SEEKOUTPUT                004067d1 f   libi77:imprtl-io.obj
 0001:00005886       _TELLINPUT                 00406886 f   libi77:imprtl-io.obj
 0001:00005924       _TELLOUTPUT                00406924 f   libi77:imprtl-io.obj
 0001:000059c2       _INPUTNAME                 004069c2 f   libi77:imprtl-io.obj
 0001:00005a85       _OUTPUTNAME                00406a85 f   libi77:imprtl-io.obj
 0001:00005b30       _SELECTINPUT               00406b30 f   libi77:imprtl-io.obj
 0001:00005bad       _SELECTOUTPUT              00406bad f   libi77:imprtl-io.obj
 0001:00005c2a       _CLOSEINPUT                00406c2a f   libi77:imprtl-io.obj
 0001:00005cbb       _CLOSEOUTPUT               00406cbb f   libi77:imprtl-io.obj
 0001:00005d4c       _OPENINPUT                 00406d4c f   libi77:imprtl-io.obj
 0001:0000607a       _OPENBINARYINPUT           0040707a f   libi77:imprtl-io.obj
 0001:000063a8       _OPENOUTPUT                004073a8 f   libi77:imprtl-io.obj
 0001:000066d6       _OPENBINARYOUTPUT          004076d6 f   libi77:imprtl-io.obj
 0001:00006a04       _FLUSHOUTPUT               00407a04 f   libi77:imprtl-io.obj
 0001:00006aa5       _SETPROMPT                 00407aa5 f   libi77:imprtl-io.obj
 0001:00006abf       _NEXTSYMBOL                00407abf f   libi77:imprtl-io.obj
 0001:00006c40       _READSYMBOL                00407c40 f   libi77:imprtl-io.obj
 0001:00006c80       _PRINTSYMBOL               00407c80 f   libi77:imprtl-io.obj
 0001:00006d53       _PRINTREAL                 00407d53 f   libi77:imprtl-io.obj
 0001:0000705d       _SPLITIOLIST               0040805d f   libi77:imprtl-io.obj
 0001:00007140       _SKIPSYMBOL                00408140 f   libi77:implib-skipsymbol.obj
 0001:00007160       _PRINTSTRING               00408160 f   libi77:implib-printstring.obj
 0001:000071a0       _WRITE                     004081a0 f   libi77:implib-write.obj
 0001:000072d0       _SPACE                     004082d0 f   libi77:implib-space.obj
 0001:000072e0       _SPACES                    004082e0 f   libi77:implib-spaces.obj
 0001:00007300       _NEWLINE                   00408300 f   libi77:implib-newline.obj
 0001:00007310       _NEWLINES                  00408310 f   libi77:implib-newlines.obj
 0001:00007330       _READ                      00408330 f   libi77:implib-read.obj
 0001:00007870       _SETDEBUG                  00408870 f   libi77:implib-debug.obj
 0001:00007880       _CLEARDEBUG                00408880 f   libi77:implib-debug.obj
 0001:00007890       _DEBUGMODE                 00408890 f   libi77:implib-debug.obj
 0001:0000789b       _SETDEBUGLEVEL             0040889b f   libi77:implib-debug.obj
 0001:000078aa       _DEBUGSPACE                004088aa f   libi77:implib-debug.obj
 0001:000078ba       _DEBUGSPACES               004088ba f   libi77:implib-debug.obj
 0001:000078ea       _DEBUGSTRING               004088ea f   libi77:implib-debug.obj
 0001:00007923       _DEBUGNEWLINE              00408923 f   libi77:implib-debug.obj
 0001:00007940       _main                      00408940 f   libi77:imprtl-main.obj
 0001:00007c8f       _GETENVIRONMENT            00408c8f f   libi77:imprtl-main.obj
 0001:00007c9a       _GETARGUMENTS              00408c9a f   libi77:imprtl-main.obj
 0001:0000814e       _EXIT                      0040914e f   libi77:imprtl-main.obj
 0001:0000815f       _GETERROR                  0040915f f   libi77:imprtl-main.obj
 0001:0000816a       _GETSTDERRHANDLE           0040916a f   libi77:imprtl-main.obj
 0001:00008175       _GETSTDINHANDLE            00409175 f   libi77:imprtl-main.obj
 0001:00008180       _GETSTDOUTHANDLE           00409180 f   libi77:imprtl-main.obj
 0001:0000818b       _PUTDOUBLE                 0040918b f   libi77:imprtl-main.obj
 0001:000081a6       _OPENFILE                  004091a6 f   libi77:imprtl-main.obj
 0001:000081ba       _TELL                      004091ba f   libi77:imprtl-main.obj
 0001:000081cb       _FILEREWIND                004091cb f   libi77:imprtl-main.obj
 0001:000081dc       _FILESEEK                  004091dc f   libi77:imprtl-main.obj
 0001:000081f3       _CLOSE                     004091f3 f   libi77:imprtl-main.obj
 0001:00008204       _READBYTES                 00409204 f   libi77:imprtl-main.obj
 0001:0000821e       _WRITEBYTES                0040921e f   libi77:imprtl-main.obj
 0001:00008238       _GETCHAR                   00409238 f   libi77:imprtl-main.obj
 0001:00008249       _PUTCHAR                   00409249 f   libi77:imprtl-main.obj
 0001:0000825d       _FLUSH                     0040925d f   libi77:imprtl-main.obj
 0001:00008270       _GETEVENT                  00409270 f   libi77:imprtl-event.obj
 0001:0000827b       _GETEVENTSUB               0040927b f   libi77:imprtl-event.obj
 0001:00008286       _GETEVENTINFO              00409286 f   libi77:imprtl-event.obj
 0001:00008291       _GETEVENTMESSAGE           00409291 f   libi77:imprtl-event.obj
 0001:000082ab       _SAVEEVENT                 004092ab f   libi77:imprtl-event.obj
 0001:00009530       _MESSAGEFORMATA            0040a530 f   libi77:imprtl-event.obj
 0001:0000985e       _MESSAGEFORMATB            0040a85e f   libi77:imprtl-event.obj
 0001:00009fb4       _DUMPALLTRAPINFO           0040afb4 f   libi77:imprtl-trap.obj
 0001:0000a030       _HANDLERFOUND              0040b030 f   libi77:imprtl-trap.obj
 0001:0000a0df       _INITIALENTRYFOUND         0040b0df f   libi77:imprtl-trap.obj
 0001:0000a161       _HANDLERNAME               0040b161 f   libi77:imprtl-trap.obj
 0001:0000a196       _HANDLERENTRYADDRESS       0040b196 f   libi77:imprtl-trap.obj
 0001:0000a1b0       _IMPSTRCAT                 0040b1b0 f   libi77:impcore-strcat.obj
 0001:0000a260       _IMPSTRRES                 0040b260 f   libi77:impcore-strres.obj
 0001:0000a460       _ITOS                      0040b460 f   libi77:implib-itos.obj
 0001:0000a4b0       _INT2ASCII                 0040b4b0 f   libi77:implib-int2ascii.obj
 0001:0000a6a0       _IMPSTRCMP                 0040b6a0 f   libi77:impcore-strcmp.obj
 0001:0000a750       _GETENVCOUNT               0040b750 f   libi77:implib-env.obj
 0001:0000a77f       _GETENVNAME                0040b77f f   libi77:implib-env.obj
 0001:0000a897       _GETENV                    0040b897 f   libi77:implib-env.obj
 0001:0000a9ad       _GETENVINDEX               0040b9ad f   libi77:implib-env.obj
 0001:0000aa30       _GETARGCOUNT               0040ba30 f   libi77:implib-arg.obj
 0001:0000aa5f       _GETARG                    0040ba5f f   libi77:implib-arg.obj
 0001:0000ab40       _geterrno                  0040bb40 f   libi77:prim-rtl-file.obj
 0001:0000ab50       _getstderr                 0040bb50 f   libi77:prim-rtl-file.obj
 0001:0000ab60       _getstdin                  0040bb60 f   libi77:prim-rtl-file.obj
 0001:0000ab70       _getstdout                 0040bb70 f   libi77:prim-rtl-file.obj
 0001:0000ab80       _fileputreal               0040bb80 f   libi77:prim-rtl-file.obj
 0001:0000aba0       ___local_stdio_printf_options 0040bba0 f i libi77:prim-rtl-file.obj
 0001:0000abb0       __vfprintf_l               0040bbb0 f i libi77:prim-rtl-file.obj
 0001:0000abe0       _fprintf                   0040bbe0 f i libi77:prim-rtl-file.obj
 0001:0000ae5a       _mainCRTStartup            0040be5a f   LIBCMT:exe_main.obj
 0001:0000aea8       ___scrt_acquire_startup_lock 0040bea8 f   LIBCMT:utility.obj
 0001:0000aeda       ___scrt_initialize_crt     0040beda f   LIBCMT:utility.obj
 0001:0000af13       ___scrt_initialize_onexit_tables 0040bf13 f   LIBCMT:utility.obj
 0001:0000af9a       ___scrt_is_nonwritable_in_current_image 0040bf9a f   LIBCMT:utility.obj
 0001:0000b02e       ___scrt_release_startup_lock 0040c02e f   LIBCMT:utility.obj
 0001:0000b04b       ___scrt_uninitialize_crt   0040c04b f   LIBCMT:utility.obj
 0001:0000b073       __onexit                   0040c073 f   LIBCMT:utility.obj
 0001:0000b0a0       _atexit                    0040c0a0 f   LIBCMT:utility.obj
 0001:0000b102       ___security_init_cookie    0040c102 f   LIBCMT:gs_support.obj
 0001:0000b14d       __get_startup_commit_mode  0040c14d f   LIBCMT:commit_mode.obj
 0001:0000b14d       __get_startup_new_mode     0040c14d f   LIBCMT:new_mode.obj
 0001:0000b14d       ___scrt_initialize_winrt   0040c14d f   LIBCMT:utility_desktop.obj
 0001:0000b14d       ___scrt_exe_initialize_mta 0040c14d f   LIBCMT:utility_desktop.obj
 0001:0000b14d       ___scrt_stub_for_initialize_mta 0040c14d f   LIBCMT:utility_desktop.obj
 0001:0000b14d       __matherr                  0040c14d f   LIBCMT:matherr.obj
 0001:0000b14d       __get_startup_thread_locale_mode 0040c14d f   LIBCMT:thread_locale.obj
 0001:0000b150       __get_startup_argv_mode    0040c150 f   LIBCMT:argv_mode.obj
 0001:0000b154       __get_startup_file_mode    0040c154 f   LIBCMT:file_mode.obj
 0001:0000b15a       ?__scrt_initialize_type_info@@YAXXZ 0040c15a f   LIBCMT:tncleanup.obj
 0001:0000b166       __should_initialize_environment 0040c166 f   LIBCMT:env_mode.obj
 0001:0000b166       ___acrt_uninitialize_command_line 0040c166 f   libucrt:argv_data.obj
 0001:0000b169       __initialize_default_precision 0040c169 f   LIBCMT:default_precision.obj
 0001:0000b18a       @_guard_check_icall_nop@4  0040c18a f   LIBCMT:guard_support.obj
 0001:0000b18a       __initialize_invalid_parameter_handler 0040c18a f   LIBCMT:invalid_parameter_handler.obj
 0001:0000b18a       __initialize_denormal_control 0040c18a f   LIBCMT:denormal_control.obj
 0001:0000b18d       ___local_stdio_scanf_options 0040c18d f i LIBCMT:default_local_stdio_options.obj
 0001:0000b193       ___scrt_initialize_default_local_stdio_options 0040c193 f   LIBCMT:default_local_stdio_options.obj
 0001:0000b1b0       ___scrt_is_user_matherr_present 0040c1b0 f   LIBCMT:matherr_detection.obj
 0001:0000b1bc       ___scrt_get_dyn_tls_init_callback 0040c1bc f   LIBCMT:dyn_tls_init.obj
 0001:0000b1c2       ___scrt_get_dyn_tls_dtor_callback 0040c1c2 f   LIBCMT:dyn_tls_dtor.obj
 0001:0000b1c8       ___scrt_fastfail           0040c1c8 f   LIBCMT:utility_desktop.obj
 0001:0000b2e3       ___scrt_initialize_mta     0040c2e3 f   LIBCMT:utility_desktop.obj
 0001:0000b2e8       ___scrt_is_managed_app     0040c2e8 f   LIBCMT:utility_desktop.obj
 0001:0000b32b       ___scrt_set_unhandled_exception_filter 0040c32b f   LIBCMT:utility_desktop.obj
 0001:0000b337       ___scrt_unhandled_exception_filter@4 0040c337 f   LIBCMT:utility_desktop.obj
 0001:0000b38d       __crt_debugger_hook        0040c38d f   LIBCMT:utility_desktop.obj
 0001:0000b395       __RTC_Initialize           0040c395 f   LIBCMT:initsect.obj
 0001:0000b3c1       __RTC_Terminate            0040c3c1 f   LIBCMT:initsect.obj
 0001:0000b3f0       __SEH_prolog4              0040c3f0 f   LIBCMT:sehprolg4.obj
 0001:0000b436       ___isa_available_init      0040c436 f   LIBCMT:cpu_disp.obj
 0001:0000b607       ___scrt_is_ucrt_dll_in_use 0040c607 f   LIBCMT:ucrt_detection.obj
 0001:0000b613       @__security_check_cookie@4 0040c613 f   LIBCMT:secchk.obj
 0001:0000b624       ___raise_securityfailure   0040c624 f   LIBCMT:gs_report.obj
 0001:0000b64c       ___report_gsfailure        0040c64c f   LIBCMT:gs_report.obj
 0001:0000b790       __except_handler4          0040c790 f   libvcruntime:chandler4.obj
 0001:0000b8ee       ___vcrt_initialize         0040c8ee f   libvcruntime:initialization.obj
 0001:0000b90d       ___vcrt_uninitialize       0040c90d f   libvcruntime:initialization.obj
 0001:0000b924       ___DestructExceptionObject 0040c924 f   libvcruntime:ehhelpers.obj
 0001:0000b9c5       ?_CallMemberFunction0@@YGXQAX0@Z 0040c9c5 f i libvcruntime:ehhelpers.obj
 0001:0000ba2a       ___current_exception       0040ca2a f   libvcruntime:ehhelpers.obj
 0001:0000ba33       ___current_exception_context 0040ca33 f   libvcruntime:ehhelpers.obj
 0001:0000ba40       _memset                    0040ca40 f   libvcruntime:memset.obj
 0001:0000bba0       __local_unwind4            0040cba0 f   libvcruntime:exsup4.obj
 0001:0000bc90       @_EH4_CallFilterFunc@8     0040cc90 f   libvcruntime:exsup4.obj
 0001:0000bcb0       @_EH4_TransferToHandler@8  0040ccb0 f   libvcruntime:exsup4.obj
 0001:0000bcd0       @_EH4_GlobalUnwind2@8      0040ccd0 f   libvcruntime:exsup4.obj
 0001:0000bcf0       @_EH4_LocalUnwind@16       0040ccf0 f   libvcruntime:exsup4.obj
 0001:0000bd07       ___except_validate_context_record 0040cd07 f   libvcruntime:jbcxrval.obj
 0001:0000bd37       ___vcrt_freefls@4          0040cd37 f   libvcruntime:per_thread_data.obj
 0001:0000bd53       ___vcrt_getptd             0040cd53 f   libvcruntime:per_thread_data.obj
 0001:0000bd61       ___vcrt_getptd_noexit      0040cd61 f   libvcruntime:per_thread_data.obj
 0001:0000bdf3       ___vcrt_initialize_ptd     0040cdf3 f   libvcruntime:per_thread_data.obj
 0001:0000be26       ___vcrt_uninitialize_ptd   0040ce26 f   libvcruntime:per_thread_data.obj
 0001:0000be41       ___vcrt_initialize_locks   0040ce41 f   libvcruntime:locks.obj
 0001:0000be7d       ___vcrt_uninitialize_locks 0040ce7d f   libvcruntime:locks.obj
 0001:0000beb0       __NLG_Notify               0040ceb0 f   libvcruntime:exsup.obj
 0001:0000bec7       __NLG_Dispatch2            0040cec7     libvcruntime:exsup.obj
 0001:0000bec7       __NLG_Dispatch             0040cec7     libvcruntime:exsup.obj
 0001:0000bed0       __NLG_Call                 0040ced0 f   libvcruntime:exsup.obj
 0001:0000bed2       __NLG_Return2              0040ced2     libvcruntime:exsup.obj
 0001:0000bfb6       ___vcrt_FlsAlloc           0040cfb6 f   libvcruntime:winapi_downlevel.obj
 0001:0000bff1       ___vcrt_FlsFree            0040cff1 f   libvcruntime:winapi_downlevel.obj
 0001:0000c02c       ___vcrt_FlsGetValue        0040d02c f   libvcruntime:winapi_downlevel.obj
 0001:0000c067       ___vcrt_FlsSetValue        0040d067 f   libvcruntime:winapi_downlevel.obj
 0001:0000c0a5       ___vcrt_InitializeCriticalSectionEx 0040d0a5 f   libvcruntime:winapi_downlevel.obj
 0001:0000c0f0       _memmove                   0040d0f0 f   libvcruntime:memmove.obj
 0001:0000c0f0       _memcpy                    0040d0f0 f   libvcruntime:memcpy.obj
 0001:0000c6bd       ??$__crt_fast_encode_pointer@P6AHPAU_exception@@@Z@@YAP6AHPAU_exception@@@ZQ6AH0@Z@Z 0040d6bd f i libucrt:matherr.obj
 0001:0000c6bd       ??$__crt_fast_encode_pointer@P6AHXZ@@YAP6AHXZQ6AHXZ@Z 0040d6bd f i libucrt:onexit.obj
 0001:0000c6bd       ??$__crt_fast_encode_pointer@P6GXPAXK0@Z@@YAP6GXPAXK0@ZQ6GX0K0@Z@Z 0040d6bd f i libucrt:exit.obj
 0001:0000c6bd       ??$__crt_fast_encode_pointer@PAX@@YAPAXQAX@Z 0040d6bd f i libucrt:initialization.obj
 0001:0000c6bd       ??$__crt_fast_encode_pointer@PAP6AXXZ@@YAPAP6AXXZQAP6AXXZ@Z 0040d6bd f i libucrt:onexit.obj
 0001:0000c8c2       ___acrt_initialize_thread_local_exit_callback 0040d8c2 f   libucrt:exit.obj
 0001:0000c8d1       __c_exit                   0040d8d1 f   libucrt:exit.obj
 0001:0000c8e0       __cexit                    0040d8e0 f   libucrt:exit.obj
 0001:0000c8ef       __exit                     0040d8ef f   libucrt:exit.obj
 0001:0000c905       __register_thread_local_exe_atexit_callback 0040d905 f   libucrt:exit.obj
 0001:0000c92b       _exit                      0040d92b f   libucrt:exit.obj
 0001:0000c9f8       _fopen                     0040d9f8 f   libucrt:fopen.obj
 0001:0000cffc       __ftelli64_nolock          0040dffc f   libucrt:ftell.obj
 0001:0000d007       _ftell                     0040e007 f   libucrt:ftell.obj
 0001:0000d012       _rewind                    0040e012 f   libucrt:rewind.obj
 0001:0000d0df       ?LongLongSub@@YAJ_J0PA_J@Z 0040e0df f i libucrt:fseek.obj
 0001:0000d39b       _fseek                     0040e39b f   libucrt:fseek.obj
 0001:0000d3b6       __fclose_nolock            0040e3b6 f   libucrt:fclose.obj
 0001:0000d42d       _fclose                    0040e42d f   libucrt:fclose.obj
 0001:0000d4b1       __fread_nolock_s           0040e4b1 f   libucrt:fread.obj
 0001:0000d697       _fread                     0040e697 f   libucrt:fread.obj
 0001:0000d6b4       _fread_s                   0040e6b4 f   libucrt:fread.obj
 0001:0000d870       __fwrite_nolock            0040e870 f   libucrt:fwrite.obj
 0001:0000d9f1       _fwrite                    0040e9f1 f   libucrt:fwrite.obj
 0001:0000da54       __fgetc_nolock             0040ea54 f   libucrt:fgetc.obj
 0001:0000da90       _fgetc                     0040ea90 f   libucrt:fgetc.obj
 0001:0000db98       __fputc_nolock             0040eb98 f   libucrt:fputc.obj
 0001:0000dbc1       _fputc                     0040ebc1 f   libucrt:fputc.obj
 0001:0000df08       ___acrt_stdio_flush_nolock 0040ef08 f   libucrt:fflush.obj
 0001:0000df6d       __fflush_nolock            0040ef6d f   libucrt:fflush.obj
 0001:0000dfb5       __flushall                 0040efb5 f   libucrt:fflush.obj
 0001:0000dfbe       _fflush                    0040efbe f   libucrt:fflush.obj
 0001:0000e013       ___acrt_initialize_stdio   0040f013 f   libucrt:_file.obj
 0001:0000e0db       ___acrt_iob_func           0040f0db f   libucrt:_file.obj
 0001:0000e0eb       ___acrt_uninitialize_stdio 0040f0eb f   libucrt:_file.obj
 0001:0000e137       __lock_file                0040f137 f   libucrt:_file.obj
 0001:0000e14b       __unlock_file              0040f14b f   libucrt:_file.obj
 0001:0000e1ba       ??$count@D@formatting_buffer@__crt_stdio_output@@QBEIXZ 0040f1ba f i libucrt:output.obj
 0001:0000e1d2       ??$ensure_buffer_is_big_enough@D@formatting_buffer@__crt_stdio_output@@QAE_NI@Z 0040f1d2 f i libucrt:output.obj
 0001:0000e24f       ??$is_wide_character_specifier@D@__crt_stdio_output@@YA_N_KDW4length_modifier@0@@Z 0040f24f f i libucrt:output.obj
 0001:0000e280       ??$scratch_data@D@formatting_buffer@__crt_stdio_output@@QAEPADXZ 0040f280 f i libucrt:output.obj
 0001:0000e29e       ??$type_case_integer_parse_into_buffer@I@?$output_processor@DV?$stream_output_adapter@D@__crt_stdio_output@@V?$standard_base@DV?$stream_output_adapter@D@__crt_stdio_output@@@2@@__crt_stdio_output@@AAEXII_N@Z 0040f29e f i libucrt:output.obj
 0001:0000e311       ??$type_case_integer_parse_into_buffer@_K@?$output_processor@DV?$stream_output_adapter@D@__crt_stdio_output@@V?$standard_base@DV?$stream_output_adapter@D@__crt_stdio_output@@@2@@__crt_stdio_output@@AAEX_KI_N@Z 0040f311 f i libucrt:output.obj
 0001:0000e39f       ??$write_multiple_characters@V?$stream_output_adapter@D@__crt_stdio_output@@D@__crt_stdio_output@@YAXABV?$stream_output_adapter@D@0@DHQAH@Z 0040f39f f i libucrt:output.obj
 0001:0000e3da       ??0?$common_data@D@__crt_stdio_output@@IAE@XZ 0040f3da f i libucrt:output.obj
 0001:0000e41f       ??0?$output_adapter_data@DV?$stream_output_adapter@D@__crt_stdio_output@@@__crt_stdio_output@@IAE@ABV?$stream_output_adapter@D@1@_KQBDQAU__crt_locale_pointers@@QAD@Z 0040f41f f i libucrt:output.obj
 0001:0000e45b       ??0_LocaleUpdate@@QAE@QAU__crt_locale_pointers@@@Z 0040f45b f i libucrt:output.obj
 0001:0000e4de       ??1formatting_buffer@__crt_stdio_output@@QAE@XZ 0040f4de f i libucrt:output.obj
 0001:0000e4f8       ??4?$__crt_unique_heap_ptr@DU__crt_internal_free_policy@@@@QAEAAV0@$$QAV0@@Z 0040f4f8 f i libucrt:output.obj
 0001:0000e5e0       ?crop_zeroes@__crt_stdio_output@@YAXPADQAU__crt_locale_pointers@@@Z 0040f5e0 f i libucrt:output.obj
 0001:0000e661       ?find_next_state@?$output_processor@DV?$stream_output_adapter@D@__crt_stdio_output@@V?$standard_base@DV?$stream_output_adapter@D@__crt_stdio_output@@@2@@__crt_stdio_output@@ABE?AW4state@2@DW432@@Z 0040f661 f i libucrt:output.obj
 0001:0000e6a0       ?force_decimal_point@__crt_stdio_output@@YAXPADQAU__crt_locale_pointers@@@Z 0040f6a0 f i libucrt:output.obj
 0001:0000e705       ?parse_int_from_format_string@?$output_processor@DV?$stream_output_adapter@D@__crt_stdio_output@@V?$standard_base@DV?$stream_output_adapter@D@__crt_stdio_output@@@2@@__crt_stdio_output@@AAE_NQAH@Z 0040f705 f i libucrt:output.obj
 0001:0000e779       ?process@?$output_processor@DV?$stream_output_adapter@D@__crt_stdio_output@@V?$standard_base@DV?$stream_output_adapter@D@__crt_stdio_output@@@2@@__crt_stdio_output@@QAEHXZ 0040f779 f i libucrt:output.obj
 0001:0000e88d       ?state_case_flag@?$output_processor@DV?$stream_output_adapter@D@__crt_stdio_output@@V?$standard_base@DV?$stream_output_adapter@D@__crt_stdio_output@@@2@@__crt_stdio_output@@AAE_NXZ 0040f88d f i libucrt:output.obj
 0001:0000e8ca       ?state_case_normal@?$output_processor@DV?$stream_output_adapter@D@__crt_stdio_output@@V?$standard_base@DV?$stream_output_adapter@D@__crt_stdio_output@@@2@@__crt_stdio_output@@AAE_NXZ 0040f8ca f i libucrt:output.obj
 0001:0000e8e9       ?state_case_normal_common@?$output_processor@DV?$stream_output_adapter@D@__crt_stdio_output@@V?$standard_base@DV?$stream_output_adapter@D@__crt_stdio_output@@@2@@__crt_stdio_output@@AAE_NXZ 0040f8e9 f i libucrt:output.obj
 0001:0000e923       ?state_case_normal_tchar@?$output_processor@DV?$stream_output_adapter@D@__crt_stdio_output@@V?$standard_base@DV?$stream_output_adapter@D@__crt_stdio_output@@@2@@__crt_stdio_output@@AAE_ND@Z 0040f923 f i libucrt:output.obj
 0001:0000e990       ?state_case_precision@?$output_processor@DV?$stream_output_adapter@D@__crt_stdio_output@@V?$standard_base@DV?$stream_output_adapter@D@__crt_stdio_output@@@2@@__crt_stdio_output@@AAE_NXZ 0040f990 f i libucrt:output.obj
 0001:0000e9b6       ?state_case_size@?$output_processor@DV?$stream_output_adapter@D@__crt_stdio_output@@V?$standard_base@DV?$stream_output_adapter@D@__crt_stdio_output@@@2@@__crt_stdio_output@@AAE_NXZ 0040f9b6 f i libucrt:output.obj
 0001:0000eb04       ?state_case_type@?$output_processor@DV?$stream_output_adapter@D@__crt_stdio_output@@V?$standard_base@DV?$stream_output_adapter@D@__crt_stdio_output@@@2@@__crt_stdio_output@@AAE_NXZ 0040fb04 f i libucrt:output.obj
 0001:0000ed36       ?state_case_width@?$output_processor@DV?$stream_output_adapter@D@__crt_stdio_output@@V?$standard_base@DV?$stream_output_adapter@D@__crt_stdio_output@@@2@@__crt_stdio_output@@AAE_NXZ 0040fd36 f i libucrt:output.obj
 0001:0000ed70       ?to_integer_size@__crt_stdio_output@@YAIW4length_modifier@1@@Z 0040fd70 f i libucrt:output.obj
 0001:0000edcc       ?type_case_Z@?$output_processor@DV?$stream_output_adapter@D@__crt_stdio_output@@V?$standard_base@DV?$stream_output_adapter@D@__crt_stdio_output@@@2@@__crt_stdio_output@@AAE_NXZ 0040fdcc f i libucrt:output.obj
 0001:0000ee26       ?type_case_a@?$output_processor@DV?$stream_output_adapter@D@__crt_stdio_output@@V?$standard_base@DV?$stream_output_adapter@D@__crt_stdio_output@@@2@@__crt_stdio_output@@AAE_NXZ 0040fe26 f i libucrt:output.obj
 0001:0000ef77       ?type_case_c_tchar@?$output_processor@DV?$stream_output_adapter@D@__crt_stdio_output@@V?$standard_base@DV?$stream_output_adapter@D@__crt_stdio_output@@@2@@__crt_stdio_output@@AAE_ND@Z 0040ff77 f i libucrt:output.obj
 0001:0000f00a       ?type_case_integer@?$output_processor@DV?$stream_output_adapter@D@__crt_stdio_output@@V?$standard_base@DV?$stream_output_adapter@D@__crt_stdio_output@@@2@@__crt_stdio_output@@AAE_NI_N@Z 0041000a f i libucrt:output.obj
 0001:0000f15b       ?type_case_n@?$output_processor@DV?$stream_output_adapter@D@__crt_stdio_output@@V?$standard_base@DV?$stream_output_adapter@D@__crt_stdio_output@@@2@@__crt_stdio_output@@AAE_NXZ 0041015b f i libucrt:output.obj
 0001:0000f1cf       ?type_case_o@?$output_processor@DV?$stream_output_adapter@D@__crt_stdio_output@@V?$standard_base@DV?$stream_output_adapter@D@__crt_stdio_output@@@2@@__crt_stdio_output@@AAE_NXZ 004101cf f i libucrt:output.obj
 0001:0000f1ee       ?type_case_p@?$output_processor@DV?$stream_output_adapter@D@__crt_stdio_output@@V?$standard_base@DV?$stream_output_adapter@D@__crt_stdio_output@@@2@@__crt_stdio_output@@AAE_NXZ 004101ee f i libucrt:output.obj
 0001:0000f206       ?type_case_s@?$output_processor@DV?$stream_output_adapter@D@__crt_stdio_output@@V?$standard_base@DV?$stream_output_adapter@D@__crt_stdio_output@@@2@@__crt_stdio_output@@AAE_NXZ 00410206 f i libucrt:output.obj
 0001:0000f277       ?validate@?$stream_output_adapter@D@__crt_stdio_output@@QBE_NXZ 00410277 f i libucrt:output.obj
 0001:0000f298       ?validate_stream_is_ansi_if_required@?$__acrt_stdio_char_traits@D@@SA_NQAU_iobuf@@@Z 00410298 f i libucrt:output.obj
 0001:0000f31f       ?write_character_without_count_update@?$stream_output_adapter@D@__crt_stdio_output@@QBE_ND@Z 0041031f f i libucrt:output.obj
 0001:0000f355       ?write_stored_string_tchar@?$output_processor@DV?$stream_output_adapter@D@__crt_stdio_output@@V?$standard_base@DV?$stream_output_adapter@D@__crt_stdio_output@@@2@@__crt_stdio_output@@AAE_ND@Z 00410355 f i libucrt:output.obj
 0001:0000f3fa       ?write_string@?$stream_output_adapter@D@__crt_stdio_output@@QBEXQBDHQAHAAV__crt_deferred_errno_cache@@@Z 004103fa f i libucrt:output.obj
 0001:0000f426       ?write_string_impl@?$output_adapter_common@DV?$stream_output_adapter@D@__crt_stdio_output@@@__crt_stdio_output@@IBEXQBDHQAHAAV__crt_deferred_errno_cache@@@Z 00410426 f i libucrt:output.obj
 0001:0000f4c4       ___acrt_locale_get_ctype_array_value 004104c4 f i libucrt:output.obj
 0001:0000f4e6       ___stdio_common_vfprintf   004104e6 f   libucrt:output.obj
 0001:0000f569       ___acrt_errno_from_os_error 00410569 f   libucrt:errno.obj
 0001:0000f5ac       ___acrt_errno_map_os_error 004105ac f   libucrt:errno.obj
 0001:0000f5cf       ___doserrno                004105cf f   libucrt:errno.obj
 0001:0000f5e2       __errno                    004105e2 f   libucrt:errno.obj
 0001:0000f5f5       __seh_filter_exe           004105f5 f   libucrt:exception_filter.obj
 0001:0000f74d       __query_app_type           0041074d f   libucrt:report_runtime_error.obj
 0001:0000f753       __set_app_type             00410753 f   libucrt:report_runtime_error.obj
 0001:0000f762       ___acrt_has_user_matherr   00410762 f   libucrt:matherr.obj
 0001:0000f77a       ___acrt_initialize_user_matherr 0041077a f   libucrt:matherr.obj
 0001:0000f789       ___acrt_invoke_user_matherr 00410789 f   libucrt:matherr.obj
 0001:0000f7bb       ___setusermatherr          004107bb f   libucrt:matherr.obj
 0001:0000fa7a       ___acrt_allocate_buffer_for_argv 00410a7a f   libucrt:argv_parsing.obj
 0001:0000fac9       __configure_narrow_argv    00410ac9 f   libucrt:argv_parsing.obj
 0001:0000fcd5       ??$uninitialize@A6AXAAPAPAD@Z@?$dual_state_global@PAPAD@__crt_state_management@@QAEXA6AXAAPAPAD@Z@Z 00410cd5 f i libucrt:environment_initialization.obj
 0001:0000fcd5       ??$uninitialize@A6AXAAPAPA_W@Z@?$dual_state_global@PAPA_W@__crt_state_management@@QAEXA6AXAAPAPA_W@Z@Z 00410cd5 f i libucrt:environment_initialization.obj
 0001:0000fd34       ___dcrt_get_or_create_narrow_environment_nolock 00410d34 f   libucrt:environment_initialization.obj
 0001:0000fd39       ___dcrt_uninitialize_environments_nolock 00410d39 f   libucrt:environment_initialization.obj
 0001:0000fd70       __get_initial_narrow_environment 00410d70 f   libucrt:environment_initialization.obj
 0001:0000fd84       __initialize_narrow_environment 00410d84 f   libucrt:environment_initialization.obj
 0001:0000fd89       __initterm                 00410d89 f   libucrt:initterm.obj
 0001:0000fdce       __initterm_e               00410dce f   libucrt:initterm.obj
 0001:0000fdfc       __get_fmode                00410dfc f   libucrt:setmode.obj
 0001:0000fe29       __set_fmode                00410e29 f   libucrt:setmode.obj
 0001:0000fe66       __setmode_nolock           00410e66 f   libucrt:setmode.obj
 0001:0000ff35       ___acrt_initialize_command_line 00410f35 f   libucrt:argv_data.obj
 0001:0000ff4e       ___p___argc                00410f4e f   libucrt:argv_data.obj
 0001:0000ff54       ___p___argv                00410f54 f   libucrt:argv_data.obj
 0001:0000ffc8       ___acrt_set_locale_changed 00410fc8 f   libucrt:wsetlocale.obj
 0001:0000ffd3       ___acrt_uninitialize_locale 00410fd3 f   libucrt:wsetlocale.obj
 0001:0000fffa       __configthreadlocale       00410ffa f   libucrt:wsetlocale.obj
 0001:0001005c       __query_new_mode           0041105c f   libucrt:new_mode.obj
 0001:00010063       __set_new_mode             00411063 f   libucrt:new_mode.obj
 0001:00010092       ___p__commode              00411092 f   libucrt:ncommode.obj
 0001:00010351       __crt_atexit               00411351 f   libucrt:onexit.obj
 0001:00010367       __execute_onexit_table     00411367 f   libucrt:onexit.obj
 0001:00010394       __initialize_onexit_table  00411394 f   libucrt:onexit.obj
 0001:000103bd       __register_onexit_function 004113bd f   libucrt:onexit.obj
 0001:000104eb       ___acrt_initialize         004114eb f   libucrt:initialization.obj
 0001:000104fd       ___acrt_uninitialize       004114fd f   libucrt:initialization.obj
 0001:0001052d       __controlfp_s              0041152d f   libucrt:contrlfp.obj
 0001:0001058c       _terminate                 0041158c f   libucrt:terminate.obj
 0001:000105c8       _free                      004115c8 f   libucrt:free.obj
 0001:000105e3       _strcpy_s                  004115e3 f   libucrt:strcpy_s.obj
 0001:0001063d       _abort                     0041163d f   libucrt:abort.obj
 0001:00010681       _calloc                    00411681 f   libucrt:calloc.obj
 0001:0001068c       ??$is_overflow_condition@K@__crt_strtox@@YA_NIK@Z 0041168c f i libucrt:atox.obj
 0001:000106bd       ??$parse_integer@KV?$c_string_character_source@D@__crt_strtox@@@__crt_strtox@@YAKQAU__crt_locale_pointers@@V?$c_string_character_source@D@0@H_N@Z 004116bd f i libucrt:atox.obj
 0001:000108e0       ?unget@?$c_string_character_source@D@__crt_strtox@@QAEXD@Z 004118e0 f i libucrt:atox.obj
 0001:00010909       ?validate@?$c_string_character_source@D@__crt_strtox@@QBE_NXZ 00411909 f i libucrt:atox.obj
 0001:00010924       __ischartype_l             00411924 f i libucrt:atox.obj
 0001:00010980       _strncmp                   00411980 f   libucrt:strncmp.obj
 0001:000109f8       _wcsncmp                   004119f8 f   libucrt:wcsncmp.obj
 0001:00010a32       ___acrt_initialize_locks   00411a32 f   libucrt:locks.obj
 0001:00010a73       ___acrt_lock               00411a73 f   libucrt:locks.obj
 0001:00010a8a       ___acrt_uninitialize_locks 00411a8a f   libucrt:locks.obj
 0001:00010abb       ___acrt_unlock             00411abb f   libucrt:locks.obj
 0001:00010ad2       ___acrt_get_process_end_policy 00411ad2 f   libucrt:win_policies.obj
 0001:00010b03       ___acrt_call_reportfault   00411b03 f   libucrt:invalid_parameter.obj
 0001:00010c3c       ___acrt_initialize_invalid_parameter_handler 00411c3c f   libucrt:invalid_parameter.obj
 0001:00010c4b       __invalid_parameter        00411c4b f   libucrt:invalid_parameter.obj
 0001:00010caf       __invalid_parameter_noinfo 00411caf f   libucrt:invalid_parameter.obj
 0001:00010cbf       __invoke_watson            00411cbf f   libucrt:invalid_parameter.obj
 0001:00010cf3       ?__acrt_stdio_allocate_stream@@YA?AV__crt_stdio_stream@@XZ 00411cf3 f   libucrt:stream.obj
 0001:00010d5c       ?__acrt_stdio_free_stream@@YAXV__crt_stdio_stream@@@Z 00411d5c f   libucrt:stream.obj
 0001:00010e59       ??$__acrt_stdio_parse_mode@D@@YA?AU__acrt_stdio_stream_mode@@QBD@Z 00411e59 f i libucrt:openfile.obj
 0001:00011106       ?__acrt_stdio_parse_mode_D@@YA_NAAU__acrt_stdio_stream_mode@@@Z 00412106 f i libucrt:openfile.obj
 0001:00011121       ?__acrt_stdio_parse_mode_T@@YA_NAAU__acrt_stdio_stream_mode@@@Z 00412121 f i libucrt:openfile.obj
 0001:00011140       ?__acrt_stdio_parse_mode_b@@YA_NAAU__acrt_stdio_stream_mode@@@Z 00412140 f i libucrt:openfile.obj
 0001:00011160       ?__acrt_stdio_parse_mode_c@@YA_NAAU__acrt_stdio_stream_mode@@AA_N@Z 00412160 f i libucrt:openfile.obj
 0001:00011182       ?__acrt_stdio_parse_mode_n@@YA_NAAU__acrt_stdio_stream_mode@@AA_N@Z 00412182 f i libucrt:openfile.obj
 0001:000111a4       ?__acrt_stdio_parse_mode_plus@@YA_NAAU__acrt_stdio_stream_mode@@AA_N@Z 004121a4 f i libucrt:openfile.obj
 0001:000111da       ?__acrt_stdio_parse_mode_t@@YA_NAAU__acrt_stdio_stream_mode@@@Z 004121da f i libucrt:openfile.obj
 0001:000111fa       ?__acrt_stdio_parse_mode_x@@YA_NAAU__acrt_stdio_stream_mode@@@Z 004121fa f i libucrt:openfile.obj
 0001:0001121a       __openfile                 0041221a f   libucrt:openfile.obj
 0001:00011578       __lseek                    00412578 f   libucrt:lseek.obj
 0001:00011583       __lseeki64                 00412583 f   libucrt:lseek.obj
 0001:0001159e       __lseeki64_nolock          0041259e f   libucrt:lseek.obj
 0001:000115b9       __fileno                   004125b9 f   libucrt:fileno.obj
 0001:00011ab5       __read                     00412ab5 f   libucrt:read.obj
 0001:00011bc9       __read_nolock              00412bc9 f   libucrt:read.obj
 0001:000120e3       ___acrt_initialize_lowio   004130e3 f   libucrt:ioinit.obj
 0001:00012143       ___acrt_uninitialize_lowio 00413143 f   libucrt:ioinit.obj
 0001:0001216f       __free_base                0041316f f   libucrt:free_base.obj
 0001:00012235       __close                    00413235 f   libucrt:close.obj
 0001:000122c2       __close_nolock             004132c2 f   libucrt:close.obj
 0001:0001235e       ___acrt_stdio_free_buffer_nolock 0041335e f   libucrt:_freebuf.obj
 0001:00012528       ___acrt_stdio_refill_and_read_narrow_nolock 00413528 f   libucrt:_filbuf.obj
 0001:00012cae       __write                    00413cae f   libucrt:write.obj
 0001:00012da0       __write_nolock             00413da0 f   libucrt:write.obj
 0001:000131bb       ___acrt_stdio_flush_and_write_narrow_nolock 004141bb f   libucrt:_flsbuf.obj
 0001:000131c6       ___acrt_should_use_temporary_buffer 004141c6 f   libucrt:_sftbuf.obj
 0001:00013201       ___acrt_stdio_begin_temporary_buffering_nolock 00414201 f   libucrt:_sftbuf.obj
 0001:000132ad       ___acrt_stdio_end_temporary_buffering_nolock 004142ad f   libucrt:_sftbuf.obj
 0001:00013389       __commit                   00414389 f   libucrt:commit.obj
 0001:00013406       __calloc_base              00414406 f   libucrt:calloc_base.obj
 0001:00013615       ___acrt_AppPolicyGetProcessTerminationMethodInternal@4 00414615 f   libucrt:winapi_thunks.obj
 0001:00013655       ___acrt_AreFileApisANSI@0  00414655 f   libucrt:winapi_thunks.obj
 0001:00013674       ___acrt_CompareStringEx@36 00414674 f   libucrt:winapi_thunks.obj
 0001:000136d1       ___acrt_FlsAlloc@4         004146d1 f   libucrt:winapi_thunks.obj
 0001:00013710       ___acrt_FlsFree@4          00414710 f   libucrt:winapi_thunks.obj
 0001:0001374f       ___acrt_FlsGetValue@4      0041474f f   libucrt:winapi_thunks.obj
 0001:0001378e       ___acrt_FlsSetValue@8      0041478e f   libucrt:winapi_thunks.obj
 0001:000137d0       ___acrt_InitializeCriticalSectionEx@12 004147d0 f   libucrt:winapi_thunks.obj
 0001:0001381b       ___acrt_LCMapStringEx@36   0041481b f   libucrt:winapi_thunks.obj
 0001:00013878       ___acrt_LocaleNameToLCID@8 00414878 f   libucrt:winapi_thunks.obj
 0001:000138a9       ___acrt_initialize_winapi_thunks 004148a9 f   libucrt:winapi_thunks.obj
 0001:000138d4       ___acrt_uninitialize_winapi_thunks 004148d4 f   libucrt:winapi_thunks.obj
 0001:0001390a       __fcloseall                0041490a f   libucrt:closeall.obj
 0001:000139b5       __malloc_base              004149b5 f   libucrt:malloc_base.obj
 0001:00013a03       ??$make_c_string_character_source@DPAPAD@__crt_strtox@@YA?AV?$c_string_character_source@D@0@QBDQAPAD@Z 00414a03 f i libucrt:strtox.obj
 0001:00013a1e       _strtol                    00414a1e f   libucrt:strtox.obj
 0001:00013a48       __mbtowc_l                 00414a48 f   libucrt:mbtowc.obj
 0001:00013b8a       _mbtowc                    00414b8a f   libucrt:mbtowc.obj
 0001:00013ba4       __wctomb_s_l               00414ba4 f   libucrt:wctomb.obj
 0001:00013cff       _strnlen                   00414cff f   libucrt:strnlen.obj
 0001:00013e21       _wcsnlen                   00414e21 f   libucrt:strnlen.obj
 0001:0001430f       ___acrt_getptd             0041530f f   libucrt:per_thread_data.obj
 0001:000143cc       ___acrt_getptd_head        004153cc f   libucrt:per_thread_data.obj
 0001:00014466       ___acrt_getptd_noexit      00415466 f   libucrt:per_thread_data.obj
 0001:0001451b       ___acrt_initialize_ptd     0041551b f   libucrt:per_thread_data.obj
 0001:00014547       ___acrt_uninitialize_ptd   00415547 f   libucrt:per_thread_data.obj
 0001:00014561       ___acrt_update_locale_info 00415561 f   libucrt:locale_update.obj
 0001:0001458e       ___acrt_update_multibyte_info 0041558e f   libucrt:locale_update.obj
 0001:000145bb       ?__acrt_fp_classify@@YA?AW4__acrt_fp_class@@ABN@Z 004155bb f i libucrt:cvt.obj
 0001:00014f6e       ___acrt_fp_format          00415f6e f   libucrt:cvt.obj
 0001:000150ca       __get_printf_count_output  004160ca f   libucrt:printf_count_output.obj
 0001:00015278       ??$__acrt_mbs_to_wcs_cp@U__crt_win32_buffer_internal_dynamic_resizing@@@@YAHQBDAAV?$__crt_win32_buffer@_WU__crt_win32_buffer_internal_dynamic_resizing@@@@I@Z 00416278 f i libucrt:argv_wildcards.obj
 0001:0001578c       ?__acrt_get_utf8_acp_compatibility_codepage@@YAIXZ 0041678c f i libucrt:argv_wildcards.obj
 0001:000157cb       ?_deallocate@?$__crt_win32_buffer@_WU__crt_win32_buffer_internal_dynamic_resizing@@@@AAEXXZ 004167cb f i libucrt:argv_wildcards.obj
 0001:000157cb       ?_deallocate@?$__crt_win32_buffer@DU__crt_win32_buffer_internal_dynamic_resizing@@@@AAEXXZ 004167cb f i libucrt:argv_wildcards.obj
 0001:000157e5       ?allocate@?$__crt_win32_buffer@DU__crt_win32_buffer_internal_dynamic_resizing@@@@QAEHI@Z 004167e5 f i libucrt:argv_wildcards.obj
 0001:00015821       ?allocate@?$__crt_win32_buffer@_WU__crt_win32_buffer_internal_dynamic_resizing@@@@QAEHI@Z 00416821 f i libucrt:argv_wildcards.obj
 0001:00015860       ?allocate@__crt_win32_buffer_internal_dynamic_resizing@@SAHQAPAXIABV__crt_win32_buffer_empty_debug_info@@@Z 00416860 f i libucrt:argv_wildcards.obj
 0001:00015906       ___acrt_expand_narrow_argv_wildcards 00416906 f   libucrt:argv_wildcards.obj
 0001:000159d8       ?allocate@?$__crt_win32_buffer@DU__crt_win32_buffer_no_resizing@@@@QAEHI@Z 004169d8 f i libucrt:getmodulefilenamea.obj
 0001:000159ff       ?set_to_nullptr@?$__crt_win32_buffer@DU__crt_win32_buffer_no_resizing@@@@QAEXXZ 004169ff f i libucrt:getmodulefilenamea.obj
 0001:00015a13       ___acrt_GetModuleFileNameA 00416a13 f   libucrt:getmodulefilenamea.obj
 0001:00015fcc       ___acrt_initialize_multibyte 00416fcc f   libucrt:mbctype.obj
 0001:00016014       ___acrt_update_thread_multibyte_data 00417014 f   libucrt:mbctype.obj
 0001:00016027       __setmbcp_nolock           00417027 f   libucrt:mbctype.obj
 0001:00016271       __ismbblead                00417271 f   libucrt:ismbbyte.obj
 0001:00016289       ___acrt_MultiByteToWideChar 00417289 f   libucrt:multibytetowidechar.obj
 0001:00016305       ___acrt_WideCharToMultiByte 00417305 f   libucrt:widechartomultibyte.obj
 0001:000163f3       ___dcrt_get_narrow_environment_from_os 004173f3 f   libucrt:get_environment_from_os.obj
 0001:000167d4       ___dcrt_set_variable_in_narrow_environment_nolock 004177d4 f   libucrt:setenv.obj
 0001:000167df       ___acrt_lowio_create_handle_array 004177df f   libucrt:osfinfo.obj
 0001:0001685a       ___acrt_lowio_destroy_handle_array 0041785a f   libucrt:osfinfo.obj
 0001:0001688f       ___acrt_lowio_ensure_fh_exists 0041788f f   libucrt:osfinfo.obj
 0001:0001692d       ___acrt_lowio_lock_fh      0041792d f   libucrt:osfinfo.obj
 0001:00016950       ___acrt_lowio_set_os_handle 00417950 f   libucrt:osfinfo.obj
 0001:000169e2       ___acrt_lowio_unlock_fh    004179e2 f   libucrt:osfinfo.obj
 0001:00016a05       __alloc_osfhnd             00417a05 f   libucrt:osfinfo.obj
 0001:00016b18       __free_osfhnd              00417b18 f   libucrt:osfinfo.obj
 0001:00016ba9       __get_osfhandle            00417ba9 f   libucrt:osfinfo.obj
 0001:00016c13       ___acrt_initialize_fmode   00417c13 f   libucrt:txtmode.obj
 0001:00016c29       ___acrt_locale_free_monetary 00417c29 f   libucrt:initmon.obj
 0001:00016d27       ___acrt_locale_free_numeric 00417d27 f   libucrt:initnum.obj
 0001:00016dc8       ___acrt_locale_free_time   00417dc8 f   libucrt:inittime.obj
 0001:00016eac       ___pctype_func             00417eac f   libucrt:ctype.obj
 0001:00016ed0       ___acrt_GetStringTypeA     00417ed0 f   libucrt:getstringtypea.obj
 0001:00016fd3       __freea_crt                00417fd3 f i libucrt:getstringtypea.obj
 0001:00016ff3       ___acrt_add_locale_ref     00417ff3 f   libucrt:locale_refcounting.obj
 0001:00017070       ___acrt_free_locale        00418070 f   libucrt:locale_refcounting.obj
 0001:000171b8       ___acrt_locale_add_lc_time_reference 004181b8 f   libucrt:locale_refcounting.obj
 0001:000171e1       ___acrt_locale_free_lc_time_if_unreferenced 004181e1 f   libucrt:locale_refcounting.obj
 0001:00017212       ___acrt_locale_release_lc_time_reference 00418212 f   libucrt:locale_refcounting.obj
 0001:0001723b       ___acrt_release_locale_ref 0041823b f   libucrt:locale_refcounting.obj
 0001:000172bc       ___acrt_update_thread_locale_data 004182bc f   libucrt:locale_refcounting.obj
 0001:0001733d       __updatetlocinfoEx_nolock  0041833d f   libucrt:locale_refcounting.obj
 0001:0001738d       __recalloc_base            0041838d f   libucrt:recalloc.obj
 0001:000173fa       ___acrt_initialize_heap    004183fa f   libucrt:heap_handle.obj
 0001:0001740b       ___acrt_uninitialize_heap  0041840b f   libucrt:heap_handle.obj
 0001:00017415       ___acrt_execute_initializers 00418415 f   libucrt:shared_initialization.obj
 0001:0001747d       ___acrt_execute_uninitializers 0041847d f   libucrt:shared_initialization.obj
 0001:000174ae       ___acrt_initialize_new_handler 004184ae f   libucrt:new_handler.obj
 0001:000174bd       __callnewh                 004184bd f   libucrt:new_handler.obj
 0001:000174ea       __query_new_handler        004184ea f   libucrt:new_handler.obj
 0001:00017614       ___acrt_get_sigabrt_handler 00418614 f   libucrt:signal.obj
 0001:0001763b       ___acrt_initialize_signal_handlers 0041863b f   libucrt:signal.obj
 0001:00017659       _raise                     00418659 f   libucrt:signal.obj
 0001:000178f3       __clearfp                  004188f3 f   libucrt:ieee87.obj
 0001:000179d1       __control87                004189d1 f   libucrt:ieee87.obj
 0001:00017d70       __isctype_l                00418d70 f   libucrt:isctype.obj
 0001:00017e3b       ___ascii_wcsnicmp          00418e3b f   libucrt:wcsnicmp.obj
 0001:00017e8a       __strnicmp                 00418e8a f   libucrt:strnicmp.obj
 0001:00017ef7       __strnicmp_l               00418ef7 f   libucrt:strnicmp.obj
 0001:0001858d       __sopen_nolock             0041958d f   libucrt:open.obj
 0001:000185fb       __sopen_s                  004195fb f   libucrt:open.obj
 0001:0001861b       __wsopen_nolock            0041961b f   libucrt:open.obj
 0001:00018945       __isatty                   00419945 f   libucrt:isatty.obj
 0001:0001899b       ___acrt_stdio_allocate_buffer_nolock 0041999b f   libucrt:_getbuf.obj
 0001:00018a23       ?__mbrtowc_utf8@__crt_mbstring@@YAIPA_WPBDIPAU_Mbstatet@@@Z 00419a23 f   libucrt:mbrtowc.obj
 0001:00018a63       ?__mbsrtowcs_utf8@__crt_mbstring@@YAIPA_WPAPBDIPAU_Mbstatet@@@Z 00419a63 f   libucrt:mbrtowc.obj
 0001:00018b5e       __putwch_nolock            00419b5e f   libucrt:putwch.obj
 0001:00018be0       ___acrt_DownlevelLocaleNameToLCID 00419be0 f   libucrt:lcidtoname_downlevel.obj
 0001:00018c0c       __isleadbyte_l             00419c0c f i libucrt:_wctype.obj
 0001:00018c46       ?__c32rtomb_utf8@__crt_mbstring@@YAIPAD_UPAU_Mbstatet@@@Z 00419c46 f   libucrt:c32rtomb.obj
 0001:00018cf1       ?return_illegal_sequence@__crt_mbstring@@YAIPAU_Mbstatet@@@Z 00419cf1 f i libucrt:c32rtomb.obj
 0001:00018d8a       ___acrt_fp_strflt_to_string 00419d8a f   libucrt:_fptostr.obj
 0001:00018e70       ?divide@__crt_strtox@@YA_KAAUbig_integer@1@ABU21@@Z 00419e70 f i libucrt:cfout.obj
 0001:00019308       ___acrt_fltout             0041a308 f   libucrt:cfout.obj
 0001:0001a80f       _fegetround                0041b80f f   libucrt:fegetround.obj
 0001:0001a820       _qsort                     0041b820 f   libucrt:qsort.obj
 0001:0001adc1       _strncpy_s                 0041bdc1 f   libucrt:strncpy_s.obj
 0001:0001add0       _strpbrk                   0041bdd0 f   libucrt:strpbrk.obj
 0001:0001ae10       __mbsdec                   0041be10 f   libucrt:mbsdec.obj
 0001:0001ae27       __mbsdec_l                 0041be27 f   libucrt:mbsdec.obj
 0001:0001b09e       ___acrt_LCMapStringA       0041c09e f   libucrt:lcmapstringa.obj
 0001:0001b0f6       __strnicoll                0041c0f6 f   libucrt:strnicol.obj
 0001:0001b11f       __strnicoll_l              0041c11f f   libucrt:strnicol.obj
 0001:0001b1e7       ___acrt_SetEnvironmentVariableA 0041c1e7 f   libucrt:setenvironmentvariablea.obj
 0001:0001b27c       __msize_base               0041c27c f   libucrt:msize.obj
 0001:0001b2af       __realloc_base             0041c2af f   libucrt:realloc_base.obj
 0001:0001b318       ___set_fpsr_sse2           0041c318 f   libucrt:fpctrl.obj
 0001:0001b398       __clrfp                    0041c398 f   libucrt:fpctrl.obj
 0001:0001b3a9       __ctrlfp                   0041c3a9 f   libucrt:fpctrl.obj
 0001:0001b3d3       __set_statfp               0041c3d3 f   libucrt:fpctrl.obj
 0001:0001b42c       __statfp                   0041c42c f   libucrt:fpctrl.obj
 0001:0001b440       ___ascii_strnicmp          0041c440 f   libucrt:_strnicm.obj
 0001:0001b4a1       ??0__crt_seek_guard@@QAE@H_J@Z 0041c4a1 f i libucrt:chsize.obj
 0001:0001b4ee       __chsize_nolock            0041c4ee f   libucrt:chsize.obj
 0001:0001b65e       ?__mbrtoc32_utf8@__crt_mbstring@@YAIPA_UPBDIPAU_Mbstatet@@@Z 0041c65e f   libucrt:mbrtoc32.obj
 0001:0001b824       ___dcrt_lowio_ensure_console_output_initialized 0041c824 f   libucrt:initcon.obj
 0001:0001b843       ___dcrt_terminate_console_output 0041c843 f   libucrt:initcon.obj
 0001:0001b85a       ___dcrt_write_console      0041c85a f   libucrt:initcon.obj
 0001:0001b8af       _fegetenv                  0041c8af f   libucrt:fegetenv.obj
 0001:0001b8cc       _fesetenv                  0041c8cc f   libucrt:fesetenv.obj
 0001:0001b917       _feholdexcept              0041c917 f   libucrt:feholdexcept.obj
 0001:0001b970       __CIlog10                  0041c970 f   libucrt:log10_impl.obj
 0001:0001b9ab       __CIlog10_default          0041c9ab f   libucrt:log10_impl.obj
 0001:0001b9bf       __log10_default            0041c9bf     libucrt:log10_impl.obj
 0001:0001ba80       _ceil                      0041ca80 f   libucrt:ceil_pentium4.obj
 0001:0001bac0       __ceil_pentium4            0041cac0 f   libucrt:ceil_pentium4.obj
 0001:0001beba       ___acrt_fenv_get_common_round_control 0041ceba f   libucrt:_fenvutils.obj
 0001:0001bedc       ___acrt_fenv_get_control   0041cedc f   libucrt:_fenvutils.obj
 0001:0001bf5c       ___acrt_fenv_get_status    0041cf5c f   libucrt:_fenvutils.obj
 0001:0001c014       ___acrt_fenv_set_control   0041d014 f   libucrt:_fenvutils.obj
 0001:0001c07c       ___acrt_fenv_set_status    0041d07c f   libucrt:_fenvutils.obj
 0001:0001c173       ___strncnt                 0041d173 f   libucrt:strncnt.obj
 0001:0001c41a       ___acrt_CompareStringA     0041d41a f   libucrt:comparestringa.obj
 0001:0001c460       ___acrt_initialize_sse2    0041d460 f   libucrt:mathfcns.obj
 0001:0001c470       __CIlog10_pentium4         0041d470 f   libucrt:log10_pentium4.obj
 0001:0001c488       __log10_pentium4           0041d488     libucrt:log10_pentium4.obj
 0001:0001c720       __fFEXP                    0041d720 f   libucrt:87tran.obj
 0001:0001c777       __rtinfpopse               0041d777     libucrt:87tran.obj
 0001:0001c779       __rtinfnpopse              0041d779     libucrt:87tran.obj
 0001:0001c789       __fFLN                     0041d789     libucrt:87tran.obj
 0001:0001c83e       __rtinfpop                 0041d83e     libucrt:87tran.obj
 0001:0001c840       __rtinfnpop                0041d840     libucrt:87tran.obj
 0001:0001c850       __rtforexpinf              0041d850 f   libucrt:87tran.obj
 0001:0001c85d       __ffexpm1                  0041d85d     libucrt:87tran.obj
 0001:0001c910       __trandisp1                0041d910 f   libucrt:87disp.obj
 0001:0001c985       __trandisp2                0041d985 f   libucrt:87disp.obj
 0001:0001ca1f       __rttospopde               0041da1f     libucrt:87disp.obj
 0001:0001ca24       __rttospop                 0041da24     libucrt:87disp.obj
 0001:0001ca30       __rtnospop                 0041da30 f   libucrt:87disp.obj
 0001:0001ca40       __rttosnpop                0041da40 f   libucrt:87disp.obj
 0001:0001ca41       __rtnospopde               0041da41     libucrt:87disp.obj
 0001:0001ca48       __rtzeropop                0041da48     libucrt:87disp.obj
 0001:0001ca4a       __rtzeronpop               0041da4a     libucrt:87disp.obj
 0001:0001ca50       __rtzerospop               0041da50 f   libucrt:87disp.obj
 0001:0001ca5d       __rtonepop                 0041da5d     libucrt:87disp.obj
 0001:0001ca60       __rtonenpop                0041da60 f   libucrt:87disp.obj
 0001:0001ca70       __tosnan1                  0041da70 f   libucrt:87disp.obj
 0001:0001caa0       __nosnan2                  0041daa0 f   libucrt:87disp.obj
 0001:0001cab0       __tosnan2                  0041dab0 f   libucrt:87disp.obj
 0001:0001cae0       __nan2                     0041dae0 f   libucrt:87disp.obj
 0001:0001cb20       __rtindfpop                0041db20 f   libucrt:87disp.obj
 0001:0001cb22       __rtindfnpop               0041db22     libucrt:87disp.obj
 0001:0001cb33       __rttosnpopde              0041db33     libucrt:87disp.obj
 0001:0001cb40       __rtatan2inf               0041db40 f   libucrt:87disp.obj
 0001:0001cb5d       __rtchsifneg               0041db5d     libucrt:87disp.obj
 0001:0001cb70       __twoToTOS                 0041db70 f   libucrt:common.obj
 0001:0001cb85       __load_CW                  0041db85 f   libucrt:common.obj
 0001:0001cb9c       __convertTOStoQNaN         0041db9c f   libucrt:common.obj
 0001:0001cbb5       __fload_withFB             0041dbb5 f   libucrt:common.obj
 0001:0001cbf8       __checkTOS_withFB          0041dbf8 f   libucrt:common.obj
 0001:0001cc0e       __fast_exit                0041dc0e f   libucrt:common.obj
 0001:0001cc1b       __math_exit                0041dc1b f   libucrt:common.obj
 0001:0001cc45       __check_overflow_exit      0041dc45 f   libucrt:common.obj
 0001:0001cc59       __check_range_exit         0041dc59 f   libucrt:common.obj
 0001:0001cd00       __startTwoArgErrorHandling 0041dd00 f   libucrt:genexcep.obj
 0001:0001cd17       __startOneArgErrorHandling 0041dd17 f   libucrt:genexcep.obj
 0001:0001cd53       ___libm_error_support      0041dd53 f   libucrt:libm_error.obj
 0001:0001cf47       __ceil_default             0041df47 f   libucrt:ceil.obj
 0001:0001cffc       __d_inttype                0041dffc f   libucrt:powhlp.obj
 0001:0001d064       __powhlp                   0041e064 f   libucrt:powhlp.obj
 0001:0001d18f       __87except                 0041e18f f   libucrt:87except.obj
 0001:0001d299       __frnd                     0041e299 f   libucrt:frnd.obj
 0001:0001d2ad       __errcode                  0041e2ad f   libucrt:fpexcept.obj
 0001:0001d2e1       __except1                  0041e2e1 f   libucrt:fpexcept.obj
 0001:0001d3af       __handle_exc               0041e3af f   libucrt:fpexcept.obj
 0001:0001d59a       __raise_exc                0041e59a f   libucrt:fpexcept.obj
 0001:0001d5bd       __raise_exc_ex             0041e5bd f   libucrt:fpexcept.obj
 0001:0001d8b3       __set_errno_from_matherr   0041e8b3 f   libucrt:fpexcept.obj
 0001:0001d8e2       __umatherr                 0041e8e2 f   libucrt:fpexcept.obj
 0001:0001d982       __decomp                   0041e982 f   libucrt:util.obj
 0001:0001da54       __set_exp                  0041ea54 f   libucrt:util.obj
 0001:0001da81       __sptype                   0041ea81 f   libucrt:util.obj
 0001:0001dadf       __fpclass                  0041eadf f   libucrt:ieeemisc.obj
 0001:0001db90       __FindPESection            0041eb90 f   LIBCMT:pesect.obj
 0001:0001dbe0       __IsNonwritableInCurrentImage 0041ebe0 f   LIBCMT:pesect.obj
 0001:0001dca0       __ValidateImageBase        0041eca0 f   LIBCMT:pesect.obj
 0001:0001dce0       __aulldvrm                 0041ece0 f   LIBCMT:ulldvrm.obj
 0001:0001dd80       __alldiv                   0041ed80 f   LIBCMT:lldiv.obj
 0001:0001de30       __chkstk                   0041ee30 f   LIBCMT:chkstk.obj
 0001:0001de30       __alloca_probe             0041ee30 f   LIBCMT:chkstk.obj
 0001:0001de60       __allmul                   0041ee60 f   LIBCMT:llmul.obj
 0001:0001dea0       __alldvrm                  0041eea0 f   LIBCMT:lldvrm.obj
 0001:0001df80       __allshl                   0041ef80 f   LIBCMT:llshl.obj
 0001:0001dfa0       __aullshr                  0041efa0 f   LIBCMT:ullshr.obj
 0001:0001dfc0       __alloca_probe_16          0041efc0 f   LIBCMT:alloca16.obj
 0001:0001dfd6       __alloca_probe_8           0041efd6     LIBCMT:alloca16.obj
 0001:0001dff0       __ftol2_sse                0041eff0 f   LIBCMT:ftol2.obj
 0001:0001e000       __ftoi2                    0041f000 f   LIBCMT:ftol2.obj
 0001:0001e080       _strrchr                   0041f080 f   libvcruntime:strrchr.obj
 0001:0001e1c0       _strchr                    0041f1c0 f   libvcruntime:strchr.obj
 0001:0001e22e       ___from_strstr_to_strchr   0041f22e     libvcruntime:strchr.obj
 0001:0001e2eb       __filter_x86_sse2_floating_point_exception 0041f2eb f   LIBCMT:x86_exception_filter.obj
 0001:0001e2eb       __filter_x86_sse2_floating_point_exception_default 0041f2eb f   LIBCMT:x86_exception_filter.obj
 0002:00000000       __imp__QueryPerformanceCounter@4 00420000     kernel32:KERNEL32.dll
 0002:00000004       __imp__GetCurrentProcessId@0 00420004     kernel32:KERNEL32.dll
 0002:00000008       __imp__GetCurrentThreadId@0 00420008     kernel32:KERNEL32.dll
 0002:0000000c       __imp__GetSystemTimeAsFileTime@4 0042000c     kernel32:KERNEL32.dll
 0002:00000010       __imp__InitializeSListHead@4 00420010     kernel32:KERNEL32.dll
 0002:00000014       __imp__IsDebuggerPresent@0 00420014     kernel32:KERNEL32.dll
 0002:00000018       __imp__UnhandledExceptionFilter@4 00420018     kernel32:KERNEL32.dll
 0002:0000001c       __imp__SetUnhandledExceptionFilter@4 0042001c     kernel32:KERNEL32.dll
 0002:00000020       __imp__GetStartupInfoW@4   00420020     kernel32:KERNEL32.dll
 0002:00000024       __imp__IsProcessorFeaturePresent@4 00420024     kernel32:KERNEL32.dll
 0002:00000028       __imp__GetModuleHandleW@4  00420028     kernel32:KERNEL32.dll
 0002:0000002c       __imp__GetCurrentProcess@0 0042002c     kernel32:KERNEL32.dll
 0002:00000030       __imp__TerminateProcess@8  00420030     kernel32:KERNEL32.dll
 0002:00000034       __imp__WriteConsoleW@20    00420034     kernel32:KERNEL32.dll
 0002:00000038       __imp__RtlUnwind@16        00420038     kernel32:KERNEL32.dll
 0002:0000003c       __imp__GetLastError@0      0042003c     kernel32:KERNEL32.dll
 0002:00000040       __imp__SetLastError@4      00420040     kernel32:KERNEL32.dll
 0002:00000044       __imp__EnterCriticalSection@4 00420044     kernel32:KERNEL32.dll
 0002:00000048       __imp__LeaveCriticalSection@4 00420048     kernel32:KERNEL32.dll
 0002:0000004c       __imp__DeleteCriticalSection@4 0042004c     kernel32:KERNEL32.dll
 0002:00000050       __imp__InitializeCriticalSectionAndSpinCount@8 00420050     kernel32:KERNEL32.dll
 0002:00000054       __imp__TlsAlloc@0          00420054     kernel32:KERNEL32.dll
 0002:00000058       __imp__TlsGetValue@4       00420058     kernel32:KERNEL32.dll
 0002:0000005c       __imp__TlsSetValue@8       0042005c     kernel32:KERNEL32.dll
 0002:00000060       __imp__TlsFree@4           00420060     kernel32:KERNEL32.dll
 0002:00000064       __imp__FreeLibrary@4       00420064     kernel32:KERNEL32.dll
 0002:00000068       __imp__GetProcAddress@8    00420068     kernel32:KERNEL32.dll
 0002:0000006c       __imp__LoadLibraryExW@12   0042006c     kernel32:KERNEL32.dll
 0002:00000070       __imp__RaiseException@16   00420070     kernel32:KERNEL32.dll
 0002:00000074       __imp__ExitProcess@4       00420074     kernel32:KERNEL32.dll
 0002:00000078       __imp__GetModuleHandleExW@12 00420078     kernel32:KERNEL32.dll
 0002:0000007c       __imp__ReadFile@20         0042007c     kernel32:KERNEL32.dll
 0002:00000080       __imp__GetStdHandle@4      00420080     kernel32:KERNEL32.dll
 0002:00000084       __imp__WriteFile@20        00420084     kernel32:KERNEL32.dll
 0002:00000088       __imp__GetModuleFileNameW@12 00420088     kernel32:KERNEL32.dll
 0002:0000008c       __imp__GetCommandLineA@0   0042008c     kernel32:KERNEL32.dll
 0002:00000090       __imp__GetCommandLineW@0   00420090     kernel32:KERNEL32.dll
 0002:00000094       __imp__SetFilePointerEx@20 00420094     kernel32:KERNEL32.dll
 0002:00000098       __imp__GetConsoleMode@8    00420098     kernel32:KERNEL32.dll
 0002:0000009c       __imp__ReadConsoleW@20     0042009c     kernel32:KERNEL32.dll
 0002:000000a0       __imp__GetFileType@4       004200a0     kernel32:KERNEL32.dll
 0002:000000a4       __imp__HeapFree@12         004200a4     kernel32:KERNEL32.dll
 0002:000000a8       __imp__CloseHandle@4       004200a8     kernel32:KERNEL32.dll
 0002:000000ac       __imp__GetConsoleOutputCP@0 004200ac     kernel32:KERNEL32.dll
 0002:000000b0       __imp__GetFileSizeEx@8     004200b0     kernel32:KERNEL32.dll
 0002:000000b4       __imp__FlushFileBuffers@4  004200b4     kernel32:KERNEL32.dll
 0002:000000b8       __imp__HeapAlloc@12        004200b8     kernel32:KERNEL32.dll
 0002:000000bc       __imp__CompareStringW@24   004200bc     kernel32:KERNEL32.dll
 0002:000000c0       __imp__LCMapStringW@24     004200c0     kernel32:KERNEL32.dll
 0002:000000c4       __imp__FindClose@4         004200c4     kernel32:KERNEL32.dll
 0002:000000c8       __imp__FindFirstFileExW@24 004200c8     kernel32:KERNEL32.dll
 0002:000000cc       __imp__FindNextFileW@8     004200cc     kernel32:KERNEL32.dll
 0002:000000d0       __imp__IsValidCodePage@4   004200d0     kernel32:KERNEL32.dll
 0002:000000d4       __imp__GetACP@0            004200d4     kernel32:KERNEL32.dll
 0002:000000d8       __imp__GetOEMCP@0          004200d8     kernel32:KERNEL32.dll
 0002:000000dc       __imp__GetCPInfo@8         004200dc     kernel32:KERNEL32.dll
 0002:000000e0       __imp__MultiByteToWideChar@24 004200e0     kernel32:KERNEL32.dll
 0002:000000e4       __imp__WideCharToMultiByte@32 004200e4     kernel32:KERNEL32.dll
 0002:000000e8       __imp__GetEnvironmentStringsW@0 004200e8     kernel32:KERNEL32.dll
 0002:000000ec       __imp__FreeEnvironmentStringsW@4 004200ec     kernel32:KERNEL32.dll
 0002:000000f0       __imp__SetEnvironmentVariableW@8 004200f0     kernel32:KERNEL32.dll
 0002:000000f4       __imp__SetStdHandle@8      004200f4     kernel32:KERNEL32.dll
 0002:000000f8       __imp__GetStringTypeW@16   004200f8     kernel32:KERNEL32.dll
 0002:000000fc       __imp__GetProcessHeap@0    004200fc     kernel32:KERNEL32.dll
 0002:00000100       __imp__CreateFileW@28      00420100     kernel32:KERNEL32.dll
 0002:00000104       __imp__HeapSize@12         00420104     kernel32:KERNEL32.dll
 0002:00000108       __imp__HeapReAlloc@16      00420108     kernel32:KERNEL32.dll
 0002:0000010c       __imp__SetEndOfFile@4      0042010c     kernel32:KERNEL32.dll
 0002:00000110       __imp__DecodePointer@4     00420110     kernel32:KERNEL32.dll
 0002:00000114       \177KERNEL32_NULL_THUNK_DATA 00420114     kernel32:KERNEL32.dll
 0002:00000118       ___guard_check_icall_fptr  00420118     LIBCMT:guard_support.obj
 0002:0000011c       ___xc_a                    0042011c     LIBCMT:initializers.obj
 0002:00000124       ___xc_z                    00420124     LIBCMT:initializers.obj
 0002:00000128       ___xi_a                    00420128     LIBCMT:initializers.obj
 0002:00000134       ___acrt_stdio_initializer  00420134     libucrt:stdio_initializer.obj
 0002:00000138       ___acrt_multibyte_initializer 00420138     libucrt:multibyte_initializer.obj
 0002:0000013c       ___acrt_fmode_initializer  0042013c     libucrt:fmode_initializer.obj
 0002:00000140       ___acrt_tran_sse2_initializer 00420140     libucrt:sse2_initializer.obj
 0002:00000144       ___xi_z                    00420144     LIBCMT:initializers.obj
 0002:00000148       ___xp_a                    00420148     LIBCMT:initializers.obj
 0002:0000014c       ___acrt_locale_terminator  0042014c     libucrt:locale_initializer.obj
 0002:00000150       ___dcrt_console_output_terminator 00420150     libucrt:console_output_initializer.obj
 0002:00000154       ___acrt_stdio_terminator   00420154     libucrt:stdio_initializer.obj
 0002:00000158       ___xp_z                    00420158     LIBCMT:initializers.obj
 0002:0000015c       ___xt_a                    0042015c     LIBCMT:initializers.obj
 0002:00000160       ___xt_z                    00420160     LIBCMT:initializers.obj
 0002:000012e0       __pDestructExceptionObject 004212e0     libvcruntime:ehhelpers.obj
 0002:00001668       ??_C@_08EHJDFFNH@__based?$CI@ 00421668     libvcruntime:undname.obj
 0002:00001674       ??_C@_07KOLFKCDI@__cdecl@  00421674     libvcruntime:undname.obj
 0002:0000167c       ??_C@_08GHMPAG@__pascal@   0042167c     libvcruntime:undname.obj
 0002:00001688       ??_C@_09IFJBGAPI@__stdcall@ 00421688     libvcruntime:undname.obj
 0002:00001694       ??_C@_0L@NPHFGOKO@__thiscall@ 00421694     libvcruntime:undname.obj
 0002:000016a0       ??_C@_0L@JMKHOMEK@__fastcall@ 004216a0     libvcruntime:undname.obj
 0002:000016ac       ??_C@_0N@BCKKPABJ@__vectorcall@ 004216ac     libvcruntime:undname.obj
 0002:000016bc       ??_C@_09HIJEGCPM@__clrcall@ 004216bc     libvcruntime:undname.obj
 0002:000016c8       ??_C@_06GHPCKEAG@__eabi@   004216c8     libvcruntime:undname.obj
 0002:000016d0       ??_C@_09IOPIDJLG@__swift_1@ 004216d0     libvcruntime:undname.obj
 0002:000016dc       ??_C@_09KFNFGKHF@__swift_2@ 004216dc     libvcruntime:undname.obj
 0002:000016e8       ??_C@_07JOMMBBKO@__ptr64@  004216e8     libvcruntime:undname.obj
 0002:000016f0       ??_C@_0L@PILCLIHE@__restrict@ 004216f0     libvcruntime:undname.obj
 0002:000016fc       ??_C@_0M@GFIIJFMG@__unaligned@ 004216fc     libvcruntime:undname.obj
 0002:00001708       ??_C@_09DHDLOLLB@restrict?$CI@ 00421708     libvcruntime:undname.obj
 0002:00001712       ??_C@_00CNPNBAHC@@         00421712     libvcruntime:undname.obj
 0002:00001714       ??_C@_04NIHEBCM@?5new@     00421714     libvcruntime:undname.obj
 0002:0000171c       ??_C@_07FPCDHGMM@?5delete@ 0042171c     libvcruntime:undname.obj
 0002:00001724       ??_C@_01NEMOKFLO@?$DN@     00421724     libvcruntime:undname.obj
 0002:00001728       ??_C@_02GPIOPFAK@?$DO?$DO@ 00421728     libvcruntime:undname.obj
 0002:0000172c       ??_C@_02FODMEDOG@?$DM?$DM@ 0042172c     libvcruntime:undname.obj
 0002:00001730       ??_C@_01DCLJPIOD@?$CB@     00421730     libvcruntime:undname.obj
 0002:00001734       ??_C@_02EGOFBIJA@?$DN?$DN@ 00421734     libvcruntime:undname.obj
 0002:00001738       ??_C@_02FDNJECIE@?$CB?$DN@ 00421738     libvcruntime:undname.obj
 0002:0000173c       ??_C@_02GPECMEKF@?$FL?$FN@ 0042173c     libvcruntime:undname.obj
 0002:00001740       ??_C@_08LHJFAFGD@operator@ 00421740     libvcruntime:undname.obj
 0002:0000174c       ??_C@_02HBOOOICD@?9?$DO@   0042174c     libvcruntime:undname.obj
 0002:00001750       ??_C@_01NBENCBCI@?$CK@     00421750     libvcruntime:undname.obj
 0002:00001754       ??_C@_02ECNGHCIF@?$CL?$CL@ 00421754     libvcruntime:undname.obj
 0002:00001758       ??_C@_02BAABKJLB@?9?9@     00421758     libvcruntime:undname.obj
 0002:0000175c       ??_C@_01JOAMLHOP@?9@       0042175c     libvcruntime:undname.obj
 0002:00001760       ??_C@_01MIFGBAGJ@?$CL@     00421760     libvcruntime:undname.obj
 0002:00001764       ??_C@_01HNPIGOCE@?$CG@     00421764     libvcruntime:undname.obj
 0002:00001768       ??_C@_03MNHNFDLC@?9?$DO?$CK@ 00421768     libvcruntime:undname.obj
 0002:0000176c       ??_C@_01KMDKNFGN@?1@       0042176c     libvcruntime:undname.obj
 0002:00001770       ??_C@_01FGNFDNOH@?$CF@     00421770     libvcruntime:undname.obj
 0002:00001774       ??_C@_01MNNFJEPP@?$DM@     00421774     libvcruntime:undname.obj
 0002:00001778       ??_C@_02EHCHHCKH@?$DM?$DN@ 00421778     libvcruntime:undname.obj
 0002:0000177c       ??_C@_01PPODPGHN@?$DO@     0042177c     libvcruntime:undname.obj
 0002:00001780       ??_C@_02EEKDKGMJ@?$DO?$DN@ 00421780     libvcruntime:undname.obj
 0002:00001784       ??_C@_01IHBHIGKO@?0@       00421784     libvcruntime:undname.obj
 0002:00001788       ??_C@_02HCKGKOFO@?$CI?$CJ@ 00421788     libvcruntime:undname.obj
 0002:0000178c       ??_C@_01PJKLJHI@?$HO@      0042178c     libvcruntime:undname.obj
 0002:00001790       ??_C@_01JKBOJNNK@?$FO@     00421790     libvcruntime:undname.obj
 0002:00001794       ??_C@_01DNKMNLPK@?$HM@     00421794     libvcruntime:undname.obj
 0002:00001798       ??_C@_02PPKAJPJL@?$CG?$CG@ 00421798     libvcruntime:undname.obj
 0002:0000179c       ??_C@_02NONPIBCD@?$HM?$HM@ 0042179c     libvcruntime:undname.obj
 0002:000017a0       ??_C@_02FPIMKNGF@?$CK?$DN@ 004217a0     libvcruntime:undname.obj
 0002:000017a4       ??_C@_02FOEOMHFC@?$CL?$DN@ 004217a4     libvcruntime:undname.obj
 0002:000017a8       ??_C@_02FKMDLLOA@?9?$DN@   004217a8     libvcruntime:undname.obj
 0002:000017ac       ??_C@_02FJEHGPIO@?1?$DN@   004217ac     libvcruntime:undname.obj
 0002:000017b0       ??_C@_02FENAOKFI@?$CF?$DN@ 004217b0     libvcruntime:undname.obj
 0002:000017b4       ??_C@_03IKFCCPFF@?$DO?$DO?$DN@ 004217b4     libvcruntime:undname.obj
 0002:000017b8       ??_C@_03CDNPDDLA@?$DM?$DM?$DN@ 004217b8     libvcruntime:undname.obj
 0002:000017bc       ??_C@_02FGJGFEAB@?$CG?$DN@ 004217bc     libvcruntime:undname.obj
 0002:000017c0       ??_C@_02DHLNPPGH@?$HM?$DN@ 004217c0     libvcruntime:undname.obj
 0002:000017c4       ??_C@_02MHEGNOJ@?$FO?$DN@  004217c4     libvcruntime:undname.obj
 0002:000017c8       ??_C@_09IFPLHPGF@?$GAvftable?8@ 004217c8     libvcruntime:undname.obj
 0002:000017d4       ??_C@_09BLBHBJP@?$GAvbtable?8@ 004217d4     libvcruntime:undname.obj
 0002:000017e0       ??_C@_07FEEIOKP@?$GAvcall?8@ 004217e0     libvcruntime:undname.obj
 0002:000017e8       ??_C@_08LLFFHHDJ@?$GAtypeof?8@ 004217e8     libvcruntime:undname.obj
 0002:000017f4       ??_C@_0BF@KDPPACIK@?$GAlocal?5static?5guard?8@ 004217f4     libvcruntime:undname.obj
 0002:0000180c       ??_C@_08OBABFOLI@?$GAstring?8@ 0042180c     libvcruntime:undname.obj
 0002:00001818       ??_C@_0BD@JDLKDPAB@?$GAvbase?5destructor?8@ 00421818     libvcruntime:undname.obj
 0002:0000182c       ??_C@_0BN@DEGPLNFK@?$GAvector?5deleting?5destructor?8@ 0042182c     libvcruntime:undname.obj
 0002:0000184c       ??_C@_0BO@OBMKPJIG@?$GAdefault?5constructor?5closure?8@ 0042184c     libvcruntime:undname.obj
 0002:0000186c       ??_C@_0BN@IMDCHIKM@?$GAscalar?5deleting?5destructor?8@ 0042186c     libvcruntime:undname.obj
 0002:0000188c       ??_C@_0BO@PFGOCPJJ@?$GAvector?5constructor?5iterator?8@ 0042188c     libvcruntime:undname.obj
 0002:000018ac       ??_C@_0BN@LFPFMEDL@?$GAvector?5destructor?5iterator?8@ 004218ac     libvcruntime:undname.obj
 0002:000018cc       ??_C@_0CE@IKBNEHA@?$GAvector?5vbase?5constructor?5itera@ 004218cc     libvcruntime:undname.obj
 0002:000018f0       ??_C@_0BL@NILFHHPC@?$GAvirtual?5displacement?5map?8@ 004218f0     libvcruntime:undname.obj
 0002:0000190c       ??_C@_0CB@JONCMFFK@?$GAeh?5vector?5constructor?5iterator@ 0042190c     libvcruntime:undname.obj
 0002:00001930       ??_C@_0CA@GCEOPDGL@?$GAeh?5vector?5destructor?5iterator?8@ 00421930     libvcruntime:undname.obj
 0002:00001950       ??_C@_0CH@OOJPLCPH@?$GAeh?5vector?5vbase?5constructor?5it@ 00421950     libvcruntime:undname.obj
 0002:00001978       ??_C@_0BL@LLKPOHJI@?$GAcopy?5constructor?5closure?8@ 00421978     libvcruntime:undname.obj
 0002:00001994       ??_C@_0BA@KBCDOMBN@?$GAudt?5returning?8@ 00421994     libvcruntime:undname.obj
 0002:000019a4       ??_C@_03KLGMFNMG@?$GAEH@   004219a4     libvcruntime:undname.obj
 0002:000019a8       ??_C@_05KHLCHHI@?$GARTTI@  004219a8     libvcruntime:undname.obj
 0002:000019b0       ??_C@_0BA@KKLDJDLB@?$GAlocal?5vftable?8@ 004219b0     libvcruntime:undname.obj
 0002:000019c0       ??_C@_0CE@IIHCMGGL@?$GAlocal?5vftable?5constructor?5clos@ 004219c0     libvcruntime:undname.obj
 0002:000019e4       ??_C@_06FHBGPFGH@?5new?$FL?$FN@ 004219e4     libvcruntime:undname.obj
 0002:000019ec       ??_C@_09LBNFPBCA@?5delete?$FL?$FN@ 004219ec     libvcruntime:undname.obj
 0002:000019f8       ??_C@_0P@HJKNJFNN@?$GAomni?5callsig?8@ 004219f8     libvcruntime:undname.obj
 0002:00001a08       ??_C@_0BL@CNOONJFP@?$GAplacement?5delete?5closure?8@ 00421a08     libvcruntime:undname.obj
 0002:00001a24       ??_C@_0BN@CKNJLHMB@?$GAplacement?5delete?$FL?$FN?5closure?8@ 00421a24     libvcruntime:undname.obj
 0002:00001a44       ??_C@_0CG@CFDHKGGD@?$GAmanaged?5vector?5constructor?5ite@ 00421a44     libvcruntime:undname.obj
 0002:00001a6c       ??_C@_0CF@IMGKMJNO@?$GAmanaged?5vector?5destructor?5iter@ 00421a6c     libvcruntime:undname.obj
 0002:00001a94       ??_C@_0CG@HLDDJMAG@?$GAeh?5vector?5copy?5constructor?5ite@ 00421a94     libvcruntime:undname.obj
 0002:00001abc       ??_C@_0CM@FCBBDIGB@?$GAeh?5vector?5vbase?5copy?5construct@ 00421abc     libvcruntime:undname.obj
 0002:00001ae8       ??_C@_0BL@CLIPGLGB@?$GAdynamic?5initializer?5for?5?8@ 00421ae8     libvcruntime:undname.obj
 0002:00001b04       ??_C@_0CB@PDBIFEP@?$GAdynamic?5atexit?5destructor?5for?5@ 00421b04     libvcruntime:undname.obj
 0002:00001b28       ??_C@_0CD@CGAJBKEJ@?$GAvector?5copy?5constructor?5iterat@ 00421b28     libvcruntime:undname.obj
 0002:00001b4c       ??_C@_0CJ@GJELGAMM@?$GAvector?5vbase?5copy?5constructor?5@ 00421b4c     libvcruntime:undname.obj
 0002:00001b78       ??_C@_0CL@FGIJHLCE@?$GAmanaged?5vector?5copy?5constructo@ 00421b78     libvcruntime:undname.obj
 0002:00001ba4       ??_C@_0BM@PMGGMLDN@?$GAlocal?5static?5thread?5guard?8@ 00421ba4     libvcruntime:undname.obj
 0002:00001bc0       ??_C@_0N@BDNMDMOL@operator?5?$CC?$CC?5@ 00421bc0     libvcruntime:undname.obj
 0002:00001bd0       ??_C@_0BC@GGEBGALA@operator?5co_await@ 00421bd0     libvcruntime:undname.obj
 0002:00001be4       ??_C@_0M@GAAIMMOH@operator?$DM?$DN?$DO@ 00421be4     libvcruntime:undname.obj
 0002:00001bf0       ??_C@_0BC@DAFEJGAK@?5Type?5Descriptor?8@ 00421bf0     libvcruntime:undname.obj
 0002:00001c04       ??_C@_0BM@LDKODKLH@?5Base?5Class?5Descriptor?5at?5?$CI@ 00421c04     libvcruntime:undname.obj
 0002:00001c20       ??_C@_0BD@LGICGFMM@?5Base?5Class?5Array?8@ 00421c20     libvcruntime:undname.obj
 0002:00001c34       ??_C@_0BN@MECKDCOJ@?5Class?5Hierarchy?5Descriptor?8@ 00421c34     libvcruntime:undname.obj
 0002:00001c54       ??_C@_0BK@CFCOFLF@?5Complete?5Object?5Locator?8@ 00421c54     libvcruntime:undname.obj
 0002:00001c70       ??_C@_0BG@JNJLAMPM@?$GAanonymous?5namespace?8@ 00421c70     libvcruntime:undname.obj
 0002:00001c94       ??_C@_1DM@KHCHBNEB@?$AAa?$AAp?$AAi?$AA?9?$AAm?$AAs?$AA?9?$AAw?$AAi?$AAn?$AA?9?$AAc?$AAo?$AAr?$AAe@ 00421c94     libvcruntime:winapi_downlevel.obj
 0002:00001cd0       ??_C@_1DK@LPPGFMPP@?$AAa?$AAp?$AAi?$AA?9?$AAm?$AAs?$AA?9?$AAw?$AAi?$AAn?$AA?9?$AAc?$AAo?$AAr?$AAe@ 00421cd0     libvcruntime:winapi_downlevel.obj
 0002:00001d0c       ??_C@_1BC@GDMECMAK@?$AAk?$AAe?$AAr?$AAn?$AAe?$AAl?$AA3?$AA2@ 00421d0c     libvcruntime:winapi_downlevel.obj
 0002:00001d20       ??_C@_1BA@PFFKHIOG@?$AAa?$AAp?$AAi?$AA?9?$AAm?$AAs?$AA?9@ 00421d20     libvcruntime:winapi_downlevel.obj
 0002:00001d38       ??_C@_08KNHFBNJ@FlsAlloc@  00421d38     libvcruntime:winapi_downlevel.obj
 0002:00001d4c       ??_C@_07PEJMOBNF@FlsFree@  00421d4c     libvcruntime:winapi_downlevel.obj
 0002:00001d5c       ??_C@_0M@GDNOONDI@FlsGetValue@ 00421d5c     libvcruntime:winapi_downlevel.obj
 0002:00001d70       ??_C@_0M@JCPCPOEF@FlsSetValue@ 00421d70     libvcruntime:winapi_downlevel.obj
 0002:00001d84       ??_C@_0BM@HCFOFFN@InitializeCriticalSectionEx@ 00421d84     libvcruntime:winapi_downlevel.obj
 0002:00001da0       ??_C@_1BI@BGOHAHKC@?$AAm?$AAs?$AAc?$AAo?$AAr?$AAe?$AAe?$AA?4?$AAd?$AAl?$AAl@ 00421da0     libucrt:exit.obj
 0002:00001db8       ??_C@_0P@MIGLKIOC@CorExitProcess@ 00421db8     libucrt:exit.obj
 0002:00001dc8       ?standard_lookup_table_spectre@__crt_stdio_output@@3V?$spectre_mitigated_lookup_table@Ustate_transition_pair@__crt_stdio_output@@$0IA@@1@B 00421dc8     libucrt:output.obj
[...]
 0002:00001d68       ?candidate_modules@?1??try_get_FlsSetValue@@YAP6GHKPAX@ZXZ@4QBW4module_id@?A0xbea6e107@@B 00421d68     libvcruntime:winapi_downlevel.obj
 0002:00001d7c       ?candidate_modules@?1??try_get_InitializeCriticalSectionEx@@YAP6GHPAU_RTL_CRITICAL_SECTION@@KK@ZXZ@4QBW4module_id@?A0xbea6e107@@B 00421d7c     libvcruntime:winapi_downlevel.obj
 0002:000021e0       ?errtable@@3QBUerrentry@?A0x31fdb9ec@@B 004221e0     libucrt:errno.obj
 0002:000023e8       ___acrt_initializers       004223e8     libucrt:initialization.obj
 0002:00002488       ?module_names@?A0x391cf84c@@3QBQB_WB 00422488     libucrt:winapi_thunks.obj
 0002:00002900       ?candidate_modules@?1??try_get_AreFileApisANSI@@YAP6GHXZXZ@4QBW4module_id@?A0x391cf84c@@B 00422900     libucrt:winapi_thunks.obj
 0002:00002914       ?candidate_modules@?1??try_get_CompareStringEx@@YAP6GHPB_WK0H0HPAU_nlsversioninfo@@PAXJ@ZXZ@4QBW4module_id@?A0x391cf84c@@B 00422914     libucrt:winapi_thunks.obj
 0002:0000292c       ?candidate_modules@?1??try_get_FlsAlloc@@YAP6GKP6GXPAX@Z@ZXZ@4QBW4module_id@?A0x391cf84c@@B 0042292c     libucrt:winapi_thunks.obj
 0002:00002934       ?candidate_modules@?1??try_get_FlsFree@@YAP6GHK@ZXZ@4QBW4module_id@?A0x391cf84c@@B 00422934     libucrt:winapi_thunks.obj
 0002:0000293c       ?candidate_modules@?1??try_get_FlsGetValue@@YAP6GPAXK@ZXZ@4QBW4module_id@?A0x391cf84c@@B 0042293c     libucrt:winapi_thunks.obj
 0002:00002944       ?candidate_modules@?1??try_get_FlsSetValue@@YAP6GHKPAX@ZXZ@4QBW4module_id@?A0x391cf84c@@B 00422944     libucrt:winapi_thunks.obj
 0002:0000294c       ?candidate_modules@?1??try_get_InitializeCriticalSectionEx@@YAP6GHPAU_RTL_CRITICAL_SECTION@@KK@ZXZ@4QBW4module_id@?A0x391cf84c@@B 0042294c     libucrt:winapi_thunks.obj
 0002:00002954       ?candidate_modules@?1??try_get_LCMapStringEx@@YAP6GHPB_WK0HPA_WHPAU_nlsversioninfo@@PAXJ@ZXZ@4QBW4module_id@?A0x391cf84c@@B 00422954     libucrt:winapi_thunks.obj
 0002:0000296c       ?candidate_modules@?1??try_get_LocaleNameToLCID@@YAP6GKPB_WK@ZXZ@4QBW4module_id@?A0x391cf84c@@B 0042296c     libucrt:winapi_thunks.obj
 0002:00002988       ?candidate_modules@?1??try_get_AppPolicyGetProcessTerminationMethod@@YAP6GJPAXPAW4AppPolicyProcessTerminationMethod@@@ZXZ@4QBW4module_id@?A0x391cf84c@@B 00422988     libucrt:winapi_thunks.obj
 0002:000029b8       ?strings@?1??fp_format_nan_or_infinity@@YAHW4__acrt_fp_class@@_NPADI1@Z@4QAY03QBDA 004229b8     libucrt:cvt.obj
 0002:00002f00       ?_mb_locale_names@@3QBQB_WB 00422f00     libucrt:mbctype.obj
 0002:00003548       ?LcidToLocaleNameTable@?A0x881e4c05@@3QBULcidToLocaleName@1@B 00423548     libucrt:lcidtoname_downlevel.obj
 0002:00004668       ?LocaleNameToIndexTable@?A0x881e4c05@@3QBULocaleNameIndex@1@B 00424668     libucrt:lcidtoname_downlevel.obj
 0002:00005fa0       _over                      00425fa0     libucrt:fpctrl.obj
 0002:00005fac       _under                     00425fac     libucrt:fpctrl.obj
 0002:00005fd0       LOG_name                   00425fd0     libucrt:log10_impl.obj
 0002:00005fe0       _One                       00425fe0     libucrt:ceil_pentium4.obj
 0002:00005ff0       _Bns                       00425ff0     libucrt:ceil_pentium4.obj
 0002:00006000       _Zero                      00426000     libucrt:ceil_pentium4.obj
 0002:00006010       _S                         00426010     libucrt:ceil_pentium4.obj
 0002:00006020       _NegZero                   00426020     libucrt:ceil_pentium4.obj
 0002:00006030       emask                      00426030     libucrt:log10_pentium4.obj
 0002:00006040       CC                         00426040     libucrt:log10_pentium4.obj
 0002:00006050       Magic                      00426050     libucrt:log10_pentium4.obj
 0002:00006060       hi_mask                    00426060     libucrt:log10_pentium4.obj
 0002:00006070       LOG10_2                    00426070     libucrt:log10_pentium4.obj
 0002:00006080       place_L                    00426080     libucrt:log10_pentium4.obj
 0002:000060a0       One                        004260a0     libucrt:log10_pentium4.obj
 0002:000060b0       Zero                       004260b0     libucrt:log10_pentium4.obj
 0002:000060c0       Two52                      004260c0     libucrt:log10_pentium4.obj
 0002:000060d0       Infs                       004260d0     libucrt:log10_pentium4.obj
 0002:000060e0       NaN                        004260e0     libucrt:log10_pentium4.obj
 0002:000060f0       coeff                      004260f0     libucrt:log10_pentium4.obj
 0002:0000614e       _log2max                   0042614e     libucrt:87tran.obj
 0002:00006158       _smallarg                  00426158     libucrt:87tran.obj
 0002:00006162       _half                      00426162     libucrt:87tran.obj
 0002:000061ae       One                        004261ae     libucrt:87disp.obj
 0002:000061b6       Three                      004261b6     libucrt:87disp.obj
 0002:000061be       XAMtoTagTab                004261be     libucrt:87disp.obj
 0002:000061d0       One                        004261d0     libucrt:common.obj
 0002:000061e4       DblMax                     004261e4     libucrt:common.obj
 0002:000061ec       DblMin                     004261ec     libucrt:common.obj
 0002:000061f4       IeeeAdjO                   004261f4     libucrt:common.obj
 0002:000061fc       IeeeAdjU                   004261fc     libucrt:common.obj
 0002:00006204       _infinity                  00426204     libucrt:common.obj
 0002:0000620c       _zero                      0042620c     libucrt:common.obj
 0002:00006a78       ?_names@?1??_get_fname@@9@9 00426a78     libucrt:fpexcept.obj
 0002:00006c20       two32                      00426c20     LIBCMT:ftol2.obj
 0002:00006c24       two63                      00426c24     LIBCMT:ftol2.obj
 0002:00006c28       _NaN                       00426c28     LIBCMT:ftol2.obj
 0002:00007000       __sehtable$?__scrt_common_main_seh@@YAHXZ 00427000     LIBCMT:exe_main.obj
 0002:00007020       __sehtable$___scrt_is_nonwritable_in_current_image 00427020     LIBCMT:utility.obj
 0002:00007040       __sehtable$___DestructExceptionObject 00427040     libvcruntime:ehhelpers.obj
 0002:00007060       __sehtable$??R<lambda_6e4b09c48022b2350581041d5f6b0c4c>@@QBE@XZ 00427060     libucrt:exit.obj
 0002:00007080       __sehtable$??$?RV<lambda_03b1d95aef87969028cfba75ccab2455>@@AAV<lambda_6e4b09c48022b2350581041d5f6b0c4c>@@V<lambda_22bdf7517842c4b3e53723af5aa32b9e>@@@?$__crt_seh_guarded_call@X@@QAEX$$QAV<lambda_03b1d95aef87969028cfba75ccab2455>@@AAV<lambda_6e4b09c48022b2350581041d5f6b0c4c>@@$$QAV<lambda_22bdf7517842c4b3e53723af5aa32b9e>@@@Z 00427080     libucrt:exit.obj
 0002:000070a0       __sehtable$??$common_fsopen@D@@YAPAU_iobuf@@QBD0H@Z 004270a0     libucrt:fopen.obj
 0002:000070c0       __sehtable$??$common_ftell@J@@YAJV__crt_stdio_stream@@@Z 004270c0     libucrt:ftell.obj
 0002:000070e0       __sehtable$_rewind         004270e0     libucrt:rewind.obj
 0002:00007100       __sehtable$?common_fseek@@YAHV__crt_stdio_stream@@_JH@Z 00427100     libucrt:fseek.obj
 0002:00007120       __sehtable$_fclose         00427120     libucrt:fclose.obj
 0002:00007140       __sehtable$_fread_s        00427140     libucrt:fread.obj
 0002:00007160       __sehtable$??$?RV<lambda_4ac01c32aa5b53846f05d0620572872e>@@AAV<lambda_5856287d7ecd2be6c9197bb4007c3f6e>@@V<lambda_e7a9868ed898c75c0f0637692d94351a>@@@?$__crt_seh_guarded_call@I@@QAEI$$QAV<lambda_4ac01c32aa5b53846f05d0620572872e>@@AAV<lambda_5856287d7ecd2be6c9197bb4007c3f6e>@@$$QAV<lambda_e7a9868ed898c75c0f0637692d94351a>@@@Z 00427160     libucrt:fwrite.obj
 0002:00007180       __sehtable$_fgetc          00427180     libucrt:fgetc.obj
 0002:000071a0       __sehtable$_fputc          004271a0     libucrt:fputc.obj
 0002:000071c0       __sehtable$??$?RV<lambda_2866be3712abc81a800a822484c830d8>@@AAV<lambda_39ca0ed439415581b5b15c265174cece>@@V<lambda_2b24c74d71094a6cd0cb82e44167d71b>@@@?$__crt_seh_guarded_call@X@@QAEX$$QAV<lambda_2866be3712abc81a800a822484c830d8>@@AAV<lambda_39ca0ed439415581b5b15c265174cece>@@$$QAV<lambda_2b24c74d71094a6cd0cb82e44167d71b>@@@Z 004271c0     libucrt:fflush.obj
 0002:000071e0       __sehtable$??$?RV<lambda_2cc53f568c5a2bb6f192f930a45d44ea>@@AAV<lambda_ab61a845afdef5b7c387490eaf3616ee>@@V<lambda_c2ffc0b7726aa6be21d5f0026187e748>@@@?$__crt_seh_guarded_call@X@@QAEX$$QAV<lambda_2cc53f568c5a2bb6f192f930a45d44ea>@@AAV<lambda_ab61a845afdef5b7c387490eaf3616ee>@@$$QAV<lambda_c2ffc0b7726aa6be21d5f0026187e748>@@@Z 004271e0     libucrt:fflush.obj
 0002:00007200       __sehtable$??$?RV<lambda_6d20deecaf4856105ebacbad442d1079>@@AAV<lambda_9a32fed5bf61b6b509b2d3f6003082a1>@@V<lambda_63ea2239ed67c638ddbae41947fdf875>@@@?$__crt_seh_guarded_call@H@@QAEH$$QAV<lambda_6d20deecaf4856105ebacbad442d1079>@@AAV<lambda_9a32fed5bf61b6b509b2d3f6003082a1>@@$$QAV<lambda_63ea2239ed67c638ddbae41947fdf875>@@@Z 00427200     libucrt:fflush.obj
 0002:00007220       __sehtable$??$?RV<lambda_c29ee0499b841886b80d843682cc403a>@@AAV<lambda_0be4ab1c2a6918fda4e39227d83ea893>@@V<lambda_5a3ed3da325c8ea037a470278c0f2d16>@@@?$__crt_seh_guarded_call@H@@QAEH$$QAV<lambda_c29ee0499b841886b80d843682cc403a>@@AAV<lambda_0be4ab1c2a6918fda4e39227d83ea893>@@$$QAV<lambda_5a3ed3da325c8ea037a470278c0f2d16>@@@Z 00427220     libucrt:output.obj
 0002:00007240       __sehtable$??$?RV<lambda_e5124f882df8998aaf41531e079ba474>@@AAV<lambda_3e16ef9562a7dcce91392c22ab16ea36>@@V<lambda_e25ca0880e6ef98be67edffd8c599615>@@@?$__crt_seh_guarded_call@X@@QAEX$$QAV<lambda_e5124f882df8998aaf41531e079ba474>@@AAV<lambda_3e16ef9562a7dcce91392c22ab16ea36>@@$$QAV<lambda_e25ca0880e6ef98be67edffd8c599615>@@@Z 00427240     libucrt:wsetlocale.obj
 0002:00007260       __sehtable$??$?RV<lambda_8e746cf0007f6ed984d6f78af1fec997>@@AAV<lambda_22ebabd17bc4fa466a2aca6d8deb888d>@@V<lambda_18ed0c0b38a6dc0daf1e7ac6d6adf05e>@@@?$__crt_seh_guarded_call@H@@QAEH$$QAV<lambda_8e746cf0007f6ed984d6f78af1fec997>@@AAV<lambda_22ebabd17bc4fa466a2aca6d8deb888d>@@$$QAV<lambda_18ed0c0b38a6dc0daf1e7ac6d6adf05e>@@@Z 00427260     libucrt:onexit.obj
 0002:00007280       __sehtable$??$?RV<lambda_69a2805e680e0e292e8ba93315fe43a8>@@AAV<lambda_f03950bc5685219e0bcd2087efbe011e>@@V<lambda_03fcd07e894ec930e3f35da366ca99d6>@@@?$__crt_seh_guarded_call@H@@QAEH$$QAV<lambda_69a2805e680e0e292e8ba93315fe43a8>@@AAV<lambda_f03950bc5685219e0bcd2087efbe011e>@@$$QAV<lambda_03fcd07e894ec930e3f35da366ca99d6>@@@Z 00427280     libucrt:onexit.obj
 0002:000072a0       __sehtable$_terminate      004272a0     libucrt:terminate.obj
 0002:000072c0       __sehtable$?__acrt_stdio_allocate_stream@@YA?AV__crt_stdio_stream@@XZ 004272c0     libucrt:stream.obj
 0002:000072e0       __sehtable$??$common_lseek@J@@YAJHJH@Z 004272e0     libucrt:lseek.obj
 0002:00007300       __sehtable$??$common_lseek@_J@@YA_JH_JH@Z 00427300     libucrt:lseek.obj
 0002:00007320       __sehtable$__read          00427320     libucrt:read.obj
 0002:00007340       __sehtable$___acrt_initialize_lowio 00427340     libucrt:ioinit.obj
 0002:00007360       __sehtable$??$?RV<lambda_218ce3db14220d0be481dae8ef3383b6>@@AAV<lambda_628dfdc04ba53c8bfc02c9951375f3f5>@@V<lambda_57dc472bd5c9d5f3b2cbca59b8a843ae>@@@?$__crt_seh_guarded_call@H@@QAEH$$QAV<lambda_218ce3db14220d0be481dae8ef3383b6>@@AAV<lambda_628dfdc04ba53c8bfc02c9951375f3f5>@@$$QAV<lambda_57dc472bd5c9d5f3b2cbca59b8a843ae>@@@Z 00427360     libucrt:close.obj
 0002:00007380       __sehtable$__write         00427380     libucrt:write.obj
 0002:000073a0       __sehtable$??$?RV<lambda_9e9de3de5fa147e2223d7db92bc10aa6>@@AAV<lambda_38ce7e780aa69e748d6df282ebc68efe>@@V<lambda_8ca6da459f0f6780f1cff60fdc3d00e5>@@@?$__crt_seh_guarded_call@H@@QAEH$$QAV<lambda_9e9de3de5fa147e2223d7db92bc10aa6>@@AAV<lambda_38ce7e780aa69e748d6df282ebc68efe>@@$$QAV<lambda_8ca6da459f0f6780f1cff60fdc3d00e5>@@@Z 004273a0     libucrt:commit.obj
 0002:000073c0       __sehtable$__fcloseall     004273c0     libucrt:closeall.obj
 0002:000073e0       __sehtable$??$?RV<lambda_15ade71b0218206bbe3333a0c9b79046>@@AAV<lambda_da44e0f8b0f19ba52fefafb335991732>@@V<lambda_207f2d024fc103971653565357d6cd41>@@@?$__crt_seh_guarded_call@X@@QAEX$$QAV<lambda_15ade71b0218206bbe3333a0c9b79046>@@AAV<lambda_da44e0f8b0f19ba52fefafb335991732>@@$$QAV<lambda_207f2d024fc103971653565357d6cd41>@@@Z 004273e0     libucrt:per_thread_data.obj
 0002:00007400       __sehtable$??$?RV<lambda_a7e850c220f1c8d1e6efeecdedd162c6>@@AAV<lambda_46720907175c18b6c9d2717bc0d2d362>@@V<lambda_9048902d66e8d99359bc9897bbb930a8>@@@?$__crt_seh_guarded_call@X@@QAEX$$QAV<lambda_a7e850c220f1c8d1e6efeecdedd162c6>@@AAV<lambda_46720907175c18b6c9d2717bc0d2d362>@@$$QAV<lambda_9048902d66e8d99359bc9897bbb930a8>@@@Z 00427400     libucrt:per_thread_data.obj
 0002:00007420       __sehtable$??$?RV<lambda_38edbb1296d33220d7e4dd0ed76b244a>@@AAV<lambda_5ce1d447e08cb34b2473517608e21441>@@V<lambda_fb385d3da700c9147fc39e65dd577a8c>@@@?$__crt_seh_guarded_call@X@@QAEX$$QAV<lambda_38edbb1296d33220d7e4dd0ed76b244a>@@AAV<lambda_5ce1d447e08cb34b2473517608e21441>@@$$QAV<lambda_fb385d3da700c9147fc39e65dd577a8c>@@@Z 00427420     libucrt:per_thread_data.obj
 0002:00007440       __sehtable$??$?RV<lambda_6affb1475c98b40b75cdec977db92e3c>@@AAV<lambda_b8d4b9c228a6ecc3f80208dbb4b4a104>@@V<lambda_608742c3c92a14382c1684fc64f96c88>@@@?$__crt_seh_guarded_call@X@@QAEX$$QAV<lambda_6affb1475c98b40b75cdec977db92e3c>@@AAV<lambda_b8d4b9c228a6ecc3f80208dbb4b4a104>@@$$QAV<lambda_608742c3c92a14382c1684fc64f96c88>@@@Z 00427440     libucrt:per_thread_data.obj
 0002:00007460       __sehtable$?update_thread_multibyte_data_internal@@YAPAU__crt_multibyte_data@@QAU__acrt_ptd@@QAPAU1@@Z 00427460     libucrt:mbctype.obj
 0002:00007480       __sehtable$??$?RV<lambda_ceb1ee4838e85a9d631eb091e2fbe199>@@AAV<lambda_ae742caa10f662c28703da3d2ea5e57e>@@V<lambda_cd08b5d6af4937fe54fc07d0c9bf6b37>@@@?$__crt_seh_guarded_call@X@@QAEX$$QAV<lambda_ceb1ee4838e85a9d631eb091e2fbe199>@@AAV<lambda_ae742caa10f662c28703da3d2ea5e57e>@@$$QAV<lambda_cd08b5d6af4937fe54fc07d0c9bf6b37>@@@Z 00427480     libucrt:mbctype.obj
 0002:000074a0       __sehtable$__alloc_osfhnd  004274a0     libucrt:osfinfo.obj
 0002:000074c0       __sehtable$___acrt_lowio_ensure_fh_exists 004274c0     libucrt:osfinfo.obj
 0002:000074e0       __sehtable$___acrt_update_thread_locale_data 004274e0     libucrt:locale_refcounting.obj
 0002:00007500       __sehtable$__query_new_handler 00427500     libucrt:new_handler.obj
 0002:00007520       __sehtable$_raise          00427520     libucrt:signal.obj
 0002:00007540       __sehtable$??$?RV<lambda_cbab9ec6f41b0180b23cc171c22676b0>@@AAV<lambda_44731a7d0e6d81c3e6aa82d741081786>@@V<lambda_4b292cb8dd18144e164572427af410ab>@@@?$__crt_seh_guarded_call@P6AXH@Z@@QAEP6AXH@Z$$QAV<lambda_cbab9ec6f41b0180b23cc171c22676b0>@@AAV<lambda_44731a7d0e6d81c3e6aa82d741081786>@@$$QAV<lambda_4b292cb8dd18144e164572427af410ab>@@@Z 00427540     libucrt:signal.obj
 0002:00007560       __sehtable$??$common_sopen_dispatch@D@@YAHQBDHHHQAHH@Z 00427560     libucrt:open.obj
 0002:00007580       __sehtable$___set_fpsr_sse2 00427580     libucrt:fpctrl.obj
 0002:000075a0       __sehtable$__IsNonwritableInCurrentImage 004275a0     LIBCMT:pesect.obj
 0002:0000782a       .idata$6                   0042782a     kernel32:KERNEL32.dll
 0003:000017a8       $SG10102                   004297a8     libi77:prim-rtl-file.obj
 0003:000017d0       ?__vcrt_flsindex@@3KA      004297d0     libvcruntime:per_thread_data.obj
 0003:00001898       ?errno_no_memory@@3HA      00429898     libucrt:errno.obj
 0003:0000189c       ?doserrno_no_memory@@3KA   0042989c     libucrt:errno.obj
 0003:000019e8       ?__acrt_flsindex@@3KA      004299e8     libucrt:per_thread_data.obj
 0003:00001cd8       __mbctypes                 00429cd8     libucrt:mbctype.obj
 0003:00001de0       __mbcasemaps               00429de0     libucrt:mbctype.obj
 0003:00001ee0       ?__rgctypeflag@@3PADA      00429ee0     libucrt:mbctype.obj
 0003:00001ee8       ?__rgcode_page_info@@3PAUcode_page_info@@A 00429ee8     libucrt:mbctype.obj
 0003:00002040       ?__DAZ_ENABLED@?1??__set_fpsr_sse2@@9@9 0042a040     libucrt:fpctrl.obj
 0003:00002050       ?__dcrt_lowio_console_output_handle@@3PAXA 0042a050     libucrt:initcon.obj
 0003:00002068       ?is_initialized_as_dll@@3_NA 0042a068     LIBCMT:utility.obj
 0003:00002069       ?module_local_atexit_table_initialized@@3_NA 0042a069     LIBCMT:utility.obj
 0003:0000206c       ?module_local_atexit_table@@3U_onexit_table_t@@A 0042a06c     LIBCMT:utility.obj
 0003:00002078       ?module_local_at_quick_exit_table@@3U_onexit_table_t@@A 0042a078     LIBCMT:utility.obj
 0003:000020a8       _GS_ExceptionRecord        0042a0a8     LIBCMT:gs_report.obj
 0003:000020f8       _GS_ContextRecord          0042a0f8     LIBCMT:gs_report.obj
 0003:000023c8       ?__vcrt_startup_thread_ptd@@3U__vcrt_ptd@@A 0042a3c8     libvcruntime:per_thread_data.obj
 0003:000023f0       ___vcrt_lock_table         0042a3f0     libvcruntime:locks.obj
 0003:00002408       ___vcrt_locks_initialized  0042a408     libvcruntime:locks.obj
 0003:00002434       ?heap@@3V_HeapManager@@A   0042a434     libvcruntime:undname.obj
 0003:00002448       ?module_handles@@3PAPAUHINSTANCE__@@A 0042a448     libvcruntime:winapi_downlevel.obj
 0003:00002454       ?function_pointers@@3PAPAXA 0042a454     libvcruntime:winapi_downlevel.obj
 0003:0000246c       ?c_termination_complete@@3JA 0042a46c     libucrt:exit.obj
 0003:00002470       ?thread_local_exit_callback_func@@3P6GXPAXK0@ZA 0042a470     libucrt:exit.obj
 0003:00002484       ?__acrt_app_type@@3W4_crt_app_type@@A 0042a484     libucrt:report_runtime_error.obj
 0003:00002488       ?user_matherr@@3V?$dual_state_global@P6AHPAU_exception@@@Z@__crt_state_management@@A 0042a488     libucrt:matherr.obj
 0003:00002490       ?program_name@?1???$common_configure_argv@D@@YAHW4_crt_argv_mode@@@Z@4PADA 0042a490     libucrt:argv_parsing.obj
 0003:000025c4       ?__acrt_global_new_mode@@3V?$dual_state_global@J@__crt_state_management@@A 0042a5c4     libucrt:new_mode.obj
 0003:000025e8       ?__acrt_lock_table@@3PAU_RTL_CRITICAL_SECTION@@A 0042a5e8     libucrt:locks.obj
 0003:00002738       ?__acrt_locks_initialized@@3IA 0042a738     libucrt:locks.obj
 0003:0000273c       ?__acrt_invalid_parameter_handler@@3V?$dual_state_global@P6AXPB_W00II@Z@__crt_state_management@@A 0042a73c     libucrt:invalid_parameter.obj
 0003:00002950       ?module_handles@@3PAPAUHINSTANCE__@@A 0042a950     libucrt:winapi_thunks.obj
 0003:000029a0       ?encoded_function_pointers@@3PAPAXA 0042a9a0     libucrt:winapi_thunks.obj
 0003:00002a28       ?internal_state@?1??_mbtowc_l@@9@4U_Mbstatet@@A 0042aa28     libucrt:mbtowc.obj
 0003:00002a30       ?enable_percent_n@@3IA     0042aa30     libucrt:printf_count_output.obj
 0003:00002a44       ?fSystemSet@@3HA           0042aa44     libucrt:mbctype.obj
 0003:00002a48       ?initialized@?1??__acrt_initialize_multibyte@@9@4_NA 0042aa48     libucrt:mbctype.obj
 0003:00002a5c       ?__acrt_new_handler@@3V?$dual_state_global@P6AHI@Z@__crt_state_management@@A 0042aa5c     libucrt:new_handler.obj
 0003:00002a60       ?ctrlc_action@@3V?$dual_state_global@P6AXH@Z@__crt_state_management@@A 0042aa60     libucrt:signal.obj
 0003:00002a64       ?ctrlbreak_action@@3V?$dual_state_global@P6AXH@Z@__crt_state_management@@A 0042aa64     libucrt:signal.obj
 0003:00002a68       ?abort_action@@3V?$dual_state_global@P6AXH@Z@__crt_state_management@@A 0042aa68     libucrt:signal.obj
 0003:00002a6c       ?term_action@@3V?$dual_state_global@P6AXH@Z@__crt_state_management@@A 0042aa6c     libucrt:signal.obj
 0003:00002a74       ?internal_pst@?1??__mbrtoc32_utf8@__crt_mbstring@@YAIPA_UPBDIPAU_Mbstatet@@@Z@4U3@A 0042aa74     libucrt:mbrtoc32.obj
 0003:00002a80       __pmatherr_set             0042aa80     libucrt:libm_error.obj

 Exports

  ordinal    name

