 testheap

 Timestamp is 60f45859 (Sun Jul 18 17:35:37 2021)

 Preferred load address is 00400000

 Start         Length     Name                   Class
 0001:00000000 00006f20H .text                   CODE
 0001:00006f20 00013ce3H .text$mn                CODE
 0001:0001ac03 00000000H .text$x                 CODE
 0002:00000000 00000118H .idata$5                DATA
 0002:00000118 00000004H .00cfg                  DATA
 0002:0000011c 00000004H .CRT$XCA                DATA
 0002:00000120 00000004H .CRT$XCAA               DATA
 0002:00000124 00000004H .CRT$XCZ                DATA
 0002:00000128 00000004H .CRT$XIA                DATA
 0002:0000012c 00000004H .CRT$XIAA               DATA
 0002:00000130 00000004H .CRT$XIAC               DATA
 0002:00000134 0000000cH .CRT$XIC                DATA
 0002:00000140 00000004H .CRT$XIZ                DATA
 0002:00000144 00000004H .CRT$XPA                DATA
 0002:00000148 00000008H .CRT$XPX                DATA
 0002:00000150 00000004H .CRT$XPXA               DATA
 0002:00000154 00000004H .CRT$XPZ                DATA
 0002:00000158 00000004H .CRT$XTA                DATA
 0002:0000015c 00000004H .CRT$XTZ                DATA
 0002:00000160 00000000H .gfids$y                DATA
 0002:00000160 000065a0H .rdata                  DATA
 0002:00006700 00000000H .rdata$r                DATA
 0002:00006700 000002acH .rdata$zzzdbg           DATA
 0002:000069ac 00000004H .rtc$IAA                DATA
 0002:000069b0 00000004H .rtc$IZZ                DATA
 0002:000069b4 00000004H .rtc$TAA                DATA
 0002:000069b8 00000008H .rtc$TZZ                DATA
 0002:000069c0 000005bcH .xdata$x                DATA
 0002:00006f7c 00000000H .edata                  DATA
 0002:00006f7c 00000014H .idata$2                DATA
 0002:00006f90 00000014H .idata$3                DATA
 0002:00006fa4 00000118H .idata$4                DATA
 0002:000070bc 000004feH .idata$6                DATA
 0003:00000000 00001f40H .data                   DATA
 0003:00001f40 00000000H .data$r                 DATA
 0003:00001f40 00000a44H .bss                    DATA
 0004:00000000 00000100H _ITRAP$B                DATA
 0004:00000100 00000dc0H _ITRAP$D                DATA
 0004:00000ec0 00000020H _ITRAP$F                DATA
 0005:00000000 000002e0H _SWTAB                  DATA

  Address         Publics by Value              Rva+Base       Lib:Object

 0000:00000000       ___guard_iat_count         00000000     <absolute>
 0000:00000000       ___guard_eh_cont_count     00000000     <absolute>
 0000:00000000       ___guard_longjmp_count     00000000     <absolute>
 0000:00000000       ___guard_fids_count        00000000     <absolute>
 0000:00000000       ___guard_longjmp_table     00000000     <absolute>
 0000:00000000       __except_list              00000000     <absolute>
 0000:00000000       ___hybrid_code_map_count   00000000     <absolute>
 0000:00000000       ___hybrid_auxiliary_iat    00000000     <absolute>
 0000:00000000       ___guard_fids_table        00000000     <absolute>
 0000:00000000       ___dynamic_value_reloc_table 00000000     <absolute>
 0000:00000000       ___guard_iat_table         00000000     <absolute>
 0000:00000000       ___volatile_metadata       00000000     <absolute>
 0000:00000000       ___AbsoluteZero            00000000     <absolute>
 0000:00000000       ___enclave_config          00000000     <absolute>
 0000:00000000       ___safe_se_handler_count   00000000     <absolute>
 0000:00000000       ___guard_eh_cont_table     00000000     <absolute>
 0000:00000000       ___safe_se_handler_table   00000000     <absolute>
 0000:00000000       ___hybrid_code_map         00000000     <absolute>
 0000:00000100       ___guard_flags             00000100     <absolute>
 0000:00000000       ___ImageBase               00400000     <linker-defined>
 0001:00000000       __impmain                  00401000 f   testheap.obj
 0001:00000600       _IMPSTRCPY                 00401600 f   libi77:impcore-strcpy.obj
 0001:000006a0       _IMPSTRCAT                 004016a0 f   libi77:impcore-strcat.obj
 0001:00000750       _IMPAREF                   00401750 f   libi77:impcore-aref.obj
 0001:00000830       _PRINTSTRING               00401830 f   libi77:implib-printstring.obj
 0001:00000870       _SPACES                    00401870 f   libi77:implib-spaces.obj
 0001:00000890       _NEWLINE                   00401890 f   libi77:implib-newline.obj
 0001:000008a0       _ITOS                      004018a0 f   libi77:implib-itos.obj
 0001:000008f0       _INT2ASCII                 004018f0 f   libi77:implib-int2ascii.obj
 0001:00000ae0       _NEW                       00401ae0 f   libi77:implib-new.obj
 0001:00000b10       _DISPOSE                   00401b10 f   libi77:implib-dispose.obj
 0001:00000b46       _IMPSTOP                   00401b46 f   libi77:impcore-signal.obj
 0001:00000b56       _IMPSIGNAL                 00401b56 f   libi77:impcore-signal.obj
 0001:00000d49       _NEEDTOINITIALISE          00401d49 f   libi77:imprtl-io.obj
 0001:00000d67       _GETMAXSTREAM              00401d67 f   libi77:imprtl-io.obj
 0001:00000dd1       _INITIALISEIO              00401dd1 f   libi77:imprtl-io.obj
 0001:00000f3c       _TERMINATEIO               00401f3c f   libi77:imprtl-io.obj
 0001:00000fb9       _DEBUGSYMBOL               00401fb9 f   libi77:imprtl-io.obj
 0001:00000fed       _DEBUGREAL                 00401fed f   libi77:imprtl-io.obj
 0001:00001028       _READBUFFER                00402028 f   libi77:imprtl-io.obj
 0001:00001a1d       _WRITEBUFFER               00402a1d f   libi77:imprtl-io.obj
 0001:000023b8       _INPUTSTREAM               004033b8 f   libi77:imprtl-io.obj
 0001:000023d4       _OUTPUTSTREAM              004033d4 f   libi77:imprtl-io.obj
 0001:000023f0       _RESETINPUT                004033f0 f   libi77:imprtl-io.obj
 0001:0000248e       _RESETOUTPUT               0040348e f   libi77:imprtl-io.obj
 0001:0000252c       _SEEKINPUT                 0040352c f   libi77:imprtl-io.obj
 0001:000025e1       _SEEKOUTPUT                004035e1 f   libi77:imprtl-io.obj
 0001:00002696       _TELLINPUT                 00403696 f   libi77:imprtl-io.obj
 0001:00002734       _TELLOUTPUT                00403734 f   libi77:imprtl-io.obj
 0001:000027d2       _INPUTNAME                 004037d2 f   libi77:imprtl-io.obj
 0001:00002895       _OUTPUTNAME                00403895 f   libi77:imprtl-io.obj
 0001:00002940       _SELECTINPUT               00403940 f   libi77:imprtl-io.obj
 0001:000029bd       _SELECTOUTPUT              004039bd f   libi77:imprtl-io.obj
 0001:00002a3a       _CLOSEINPUT                00403a3a f   libi77:imprtl-io.obj
 0001:00002acb       _CLOSEOUTPUT               00403acb f   libi77:imprtl-io.obj
 0001:00002b5c       _OPENINPUT                 00403b5c f   libi77:imprtl-io.obj
 0001:00002e8a       _OPENBINARYINPUT           00403e8a f   libi77:imprtl-io.obj
 0001:000031b8       _OPENOUTPUT                004041b8 f   libi77:imprtl-io.obj
 0001:000034e6       _OPENBINARYOUTPUT          004044e6 f   libi77:imprtl-io.obj
 0001:00003814       _FLUSHOUTPUT               00404814 f   libi77:imprtl-io.obj
 0001:000038b5       _SETPROMPT                 004048b5 f   libi77:imprtl-io.obj
 0001:000038cf       _NEXTSYMBOL                004048cf f   libi77:imprtl-io.obj
 0001:00003a50       _READSYMBOL                00404a50 f   libi77:imprtl-io.obj
 0001:00003a90       _PRINTSYMBOL               00404a90 f   libi77:imprtl-io.obj
 0001:00003b54       _PRINTREAL                 00404b54 f   libi77:imprtl-io.obj
 0001:00003e5e       _SPLITIOLIST               00404e5e f   libi77:imprtl-io.obj
 0001:00003f40       _SETDEBUG                  00404f40 f   libi77:implib-debug.obj
 0001:00003f50       _CLEARDEBUG                00404f50 f   libi77:implib-debug.obj
 0001:00003f60       _DEBUGMODE                 00404f60 f   libi77:implib-debug.obj
 0001:00003f6b       _SETDEBUGLEVEL             00404f6b f   libi77:implib-debug.obj
 0001:00003f7a       _DEBUGSPACE                00404f7a f   libi77:implib-debug.obj
 0001:00003f8a       _DEBUGSPACES               00404f8a f   libi77:implib-debug.obj
 0001:00003fba       _DEBUGSTRING               00404fba f   libi77:implib-debug.obj
 0001:00003ff3       _DEBUGNEWLINE              00404ff3 f   libi77:implib-debug.obj
 0001:00004010       _EXIT                      00405010 f   libi77:imprtl-prim.obj
 0001:00004021       _GETERROR                  00405021 f   libi77:imprtl-prim.obj
 0001:0000402c       _GETSTDERRHANDLE           0040502c f   libi77:imprtl-prim.obj
 0001:00004037       _GETSTDINHANDLE            00405037 f   libi77:imprtl-prim.obj
 0001:00004042       _GETSTDOUTHANDLE           00405042 f   libi77:imprtl-prim.obj
 0001:0000404d       _PUTDOUBLE                 0040504d f   libi77:imprtl-prim.obj
 0001:00004068       _OPENFILE                  00405068 f   libi77:imprtl-prim.obj
 0001:0000407c       _TELL                      0040507c f   libi77:imprtl-prim.obj
 0001:0000408d       _FILEREWIND                0040508d f   libi77:imprtl-prim.obj
 0001:0000409e       _FILESEEK                  0040509e f   libi77:imprtl-prim.obj
 0001:000040b5       _CLOSE                     004050b5 f   libi77:imprtl-prim.obj
 0001:000040c6       _READBYTES                 004050c6 f   libi77:imprtl-prim.obj
 0001:000040e0       _WRITEBYTES                004050e0 f   libi77:imprtl-prim.obj
 0001:000040fa       _GETCHAR                   004050fa f   libi77:imprtl-prim.obj
 0001:0000410b       _PUTCHAR                   0040510b f   libi77:imprtl-prim.obj
 0001:0000411f       _FLUSH                     0040511f f   libi77:imprtl-prim.obj
 0001:00004130       _GETEVENT                  00405130 f   libi77:imprtl-event.obj
 0001:0000413b       _GETEVENTSUB               0040513b f   libi77:imprtl-event.obj
 0001:00004146       _GETEVENTINFO              00405146 f   libi77:imprtl-event.obj
 0001:00004151       _GETEVENTMESSAGE           00405151 f   libi77:imprtl-event.obj
 0001:0000416b       _SAVEEVENT                 0040516b f   libi77:imprtl-event.obj
 0001:000053f0       _MESSAGEFORMATA            004063f0 f   libi77:imprtl-event.obj
 0001:0000571e       _MESSAGEFORMATB            0040671e f   libi77:imprtl-event.obj
 0001:00005e74       _DUMPALLTRAPINFO           00406e74 f   libi77:imprtl-trap.obj
 0001:00005ef0       _HANDLERFOUND              00406ef0 f   libi77:imprtl-trap.obj
 0001:00005f9f       _INITIALENTRYFOUND         00406f9f f   libi77:imprtl-trap.obj
 0001:00006021       _HANDLERNAME               00407021 f   libi77:imprtl-trap.obj
 0001:00006056       _HANDLERENTRYADDRESS       00407056 f   libi77:imprtl-trap.obj
 0001:00006070       _IMPSTRRES                 00407070 f   libi77:impcore-strres.obj
 0001:00006270       _IMPSTRCMP                 00407270 f   libi77:impcore-strcmp.obj
 0001:00006320       _main                      00407320 f   libi77:imprtl-main.obj
 0001:0000666f       _GETENVIRONMENT            0040766f f   libi77:imprtl-main.obj
 0001:0000667a       _GETARGUMENTS              0040767a f   libi77:imprtl-main.obj
 0001:00006b30       _GETENVCOUNT               00407b30 f   libi77:implib-env.obj
 0001:00006b5f       _GETENVNAME                00407b5f f   libi77:implib-env.obj
 0001:00006c77       _GETENV                    00407c77 f   libi77:implib-env.obj
 0001:00006d8d       _GETENVINDEX               00407d8d f   libi77:implib-env.obj
 0001:00006e10       _GETARGCOUNT               00407e10 f   libi77:implib-arg.obj
 0001:00006e3f       _GETARG                    00407e3f f   libi77:implib-arg.obj
 0001:00006f20       _geterrno                  00407f20 f   libi77:prim-rtl-file.obj
 0001:00006f30       _getstderr                 00407f30 f   libi77:prim-rtl-file.obj
 0001:00006f40       _getstdin                  00407f40 f   libi77:prim-rtl-file.obj
 0001:00006f50       _getstdout                 00407f50 f   libi77:prim-rtl-file.obj
 0001:00006f60       _fileputreal               00407f60 f   libi77:prim-rtl-file.obj
 0001:00006f80       ___local_stdio_printf_options 00407f80 f i libi77:prim-rtl-file.obj
 0001:00006f90       __vfprintf_l               00407f90 f i libi77:prim-rtl-file.obj
 0001:00006fc0       _fprintf                   00407fc0 f i libi77:prim-rtl-file.obj
 0001:0000723a       _mainCRTStartup            0040823a f   LIBCMT:exe_main.obj
 0001:00007288       ___scrt_acquire_startup_lock 00408288 f   LIBCMT:utility.obj
 0001:000072ba       ___scrt_initialize_crt     004082ba f   LIBCMT:utility.obj
 0001:000072f3       ___scrt_initialize_onexit_tables 004082f3 f   LIBCMT:utility.obj
 0001:0000737a       ___scrt_is_nonwritable_in_current_image 0040837a f   LIBCMT:utility.obj
 0001:0000740e       ___scrt_release_startup_lock 0040840e f   LIBCMT:utility.obj
 0001:0000742b       ___scrt_uninitialize_crt   0040842b f   LIBCMT:utility.obj
 0001:00007453       __onexit                   00408453 f   LIBCMT:utility.obj
 0001:00007480       _atexit                    00408480 f   LIBCMT:utility.obj
 0001:000074e2       ___security_init_cookie    004084e2 f   LIBCMT:gs_support.obj
 0001:0000752d       ___scrt_stub_for_initialize_mta 0040852d f   LIBCMT:utility_desktop.obj
 0001:0000752d       __matherr                  0040852d f   LIBCMT:matherr.obj
 0001:0000752d       ___scrt_initialize_winrt   0040852d f   LIBCMT:utility_desktop.obj
 0001:0000752d       ___scrt_exe_initialize_mta 0040852d f   LIBCMT:utility_desktop.obj
 0001:0000752d       __get_startup_new_mode     0040852d f   LIBCMT:new_mode.obj
 0001:0000752d       __get_startup_thread_locale_mode 0040852d f   LIBCMT:thread_locale.obj
 0001:0000752d       __get_startup_commit_mode  0040852d f   LIBCMT:commit_mode.obj
 0001:00007530       __get_startup_argv_mode    00408530 f   LIBCMT:argv_mode.obj
 0001:00007534       __get_startup_file_mode    00408534 f   LIBCMT:file_mode.obj
 0001:0000753a       ?__scrt_initialize_type_info@@YAXXZ 0040853a f   LIBCMT:tncleanup.obj
 0001:00007546       __should_initialize_environment 00408546 f   LIBCMT:env_mode.obj
 0001:00007546       ___acrt_uninitialize_command_line 00408546 f   libucrt:argv_data.obj
 0001:00007549       __initialize_default_precision 00408549 f   LIBCMT:default_precision.obj
 0001:0000756a       @_guard_check_icall_nop@4  0040856a f   LIBCMT:guard_support.obj
 0001:0000756a       __initialize_denormal_control 0040856a f   LIBCMT:denormal_control.obj
 0001:0000756a       __initialize_invalid_parameter_handler 0040856a f   LIBCMT:invalid_parameter_handler.obj
 0001:0000756b       ___local_stdio_scanf_options 0040856b f i LIBCMT:default_local_stdio_options.obj
 0001:00007571       ___scrt_initialize_default_local_stdio_options 00408571 f   LIBCMT:default_local_stdio_options.obj
 0001:0000758e       ___scrt_is_user_matherr_present 0040858e f   LIBCMT:matherr_detection.obj
 0001:0000759a       ___scrt_get_dyn_tls_init_callback 0040859a f   LIBCMT:dyn_tls_init.obj
 0001:000075a0       ___scrt_get_dyn_tls_dtor_callback 004085a0 f   LIBCMT:dyn_tls_dtor.obj
 0001:000075a6       ___scrt_fastfail           004085a6 f   LIBCMT:utility_desktop.obj
 0001:000076c0       ___scrt_initialize_mta     004086c0 f   LIBCMT:utility_desktop.obj
 0001:000076c5       ___scrt_is_managed_app     004086c5 f   LIBCMT:utility_desktop.obj
 0001:00007708       ___scrt_set_unhandled_exception_filter 00408708 f   LIBCMT:utility_desktop.obj
 0001:00007714       ___scrt_unhandled_exception_filter@4 00408714 f   LIBCMT:utility_desktop.obj
 0001:0000776a       __crt_debugger_hook        0040876a f   LIBCMT:utility_desktop.obj
 0001:00007772       __RTC_Initialize           00408772 f   LIBCMT:initsect.obj
 0001:0000779e       __RTC_Terminate            0040879e f   LIBCMT:initsect.obj
 0001:000077d0       __SEH_prolog4              004087d0 f   LIBCMT:sehprolg4.obj
 0001:00007816       __SEH_epilog4              00408816 f   LIBCMT:sehprolg4.obj
 0001:0000782b       ___isa_available_init      0040882b f   LIBCMT:cpu_disp.obj
 0001:000079fb       ___scrt_is_ucrt_dll_in_use 004089fb f   LIBCMT:ucrt_detection.obj
 0001:00007a07       @__security_check_cookie@4 00408a07 f   LIBCMT:secchk.obj
 0001:00007a18       ___raise_securityfailure   00408a18 f   LIBCMT:gs_report.obj
 0001:00007a40       ___report_gsfailure        00408a40 f   LIBCMT:gs_report.obj
 0001:00007b39       _IsProcessorFeaturePresent@4 00408b39 f   kernel32:KERNEL32.dll
 0001:00007b80       __except_handler4          00408b80 f   libvcruntime:chandler4.obj
 0001:00007cde       ___vcrt_initialize         00408cde f   libvcruntime:initialization.obj
 0001:00007cfd       ___vcrt_uninitialize       00408cfd f   libvcruntime:initialization.obj
 0001:00007d14       ___DestructExceptionObject 00408d14 f   libvcruntime:ehhelpers.obj
 0001:00007db5       ?_CallMemberFunction0@@YGXQAX0@Z 00408db5 f i libvcruntime:ehhelpers.obj
 0001:00007e1a       ___current_exception       00408e1a f   libvcruntime:ehhelpers.obj
 0001:00007e23       ___current_exception_context 00408e23 f   libvcruntime:ehhelpers.obj
 0001:00007e30       _memset                    00408e30 f   libvcruntime:memset.obj
 0001:00007f90       __local_unwind4            00408f90 f   libvcruntime:exsup4.obj
 0001:00008068       __seh_longjmp_unwind4@4    00409068 f   libvcruntime:exsup4.obj
 0001:00008090       @_EH4_CallFilterFunc@8     00409090 f   libvcruntime:exsup4.obj
 0001:000080a8       @_EH4_TransferToHandler@8  004090a8 f   libvcruntime:exsup4.obj
 0001:000080c4       @_EH4_GlobalUnwind2@8      004090c4 f   libvcruntime:exsup4.obj
 0001:000080e0       @_EH4_LocalUnwind@16       004090e0 f   libvcruntime:exsup4.obj
 0001:000080f7       ___except_validate_context_record 004090f7 f   libvcruntime:jbcxrval.obj
 0001:00008127       ___except_validate_jump_buffer 00409127 f   libvcruntime:jbcxrval.obj
 0001:00008154       ___vcrt_freefls@4          00409154 f   libvcruntime:per_thread_data.obj
 0001:00008170       ___vcrt_getptd             00409170 f   libvcruntime:per_thread_data.obj
 0001:0000817e       ___vcrt_getptd_noexit      0040917e f   libvcruntime:per_thread_data.obj
 0001:00008210       ___vcrt_initialize_ptd     00409210 f   libvcruntime:per_thread_data.obj
 0001:00008243       ___vcrt_uninitialize_ptd   00409243 f   libvcruntime:per_thread_data.obj
 0001:0000825e       ___vcrt_initialize_locks   0040925e f   libvcruntime:locks.obj
 0001:0000829a       ___vcrt_uninitialize_locks 0040929a f   libvcruntime:locks.obj
 0001:000082d0       __global_unwind2           004092d0 f   libvcruntime:exsup.obj
 0001:00008336       __local_unwind2            00409336 f   libvcruntime:exsup.obj
 0001:000083ba       __abnormal_termination     004093ba f   libvcruntime:exsup.obj
 0001:000083e0       __NLG_Notify1              004093e0 f   libvcruntime:exsup.obj
 0001:000083ec       __NLG_Notify               004093ec f   libvcruntime:exsup.obj
 0001:00008403       __NLG_Dispatch             00409403     libvcruntime:exsup.obj
 0001:00008403       __NLG_Dispatch2            00409403     libvcruntime:exsup.obj
 0001:0000840b       __NLG_Call                 0040940b f   libvcruntime:exsup.obj
 0001:0000840d       __NLG_Return2              0040940d     libvcruntime:exsup.obj
 0001:000084f1       ___vcrt_FlsAlloc           004094f1 f   libvcruntime:winapi_downlevel.obj
 0001:0000852c       ___vcrt_FlsFree            0040952c f   libvcruntime:winapi_downlevel.obj
 0001:00008567       ___vcrt_FlsGetValue        00409567 f   libvcruntime:winapi_downlevel.obj
 0001:000085a2       ___vcrt_FlsSetValue        004095a2 f   libvcruntime:winapi_downlevel.obj
 0001:000085e0       ___vcrt_InitializeCriticalSectionEx 004095e0 f   libvcruntime:winapi_downlevel.obj
 0001:00008630       _memcpy                    00409630 f   libvcruntime:memcpy.obj
 0001:00008bb0       __CallSettingFrame@12      00409bb0 f   libvcruntime:lowhelpr.obj
 0001:00008bd7       __NLG_Return               00409bd7     libvcruntime:lowhelpr.obj
 0001:00008c00       _memmove                   00409c00 f   libvcruntime:memmove.obj
 0001:00009174       _malloc                    0040a174 f   libucrt:malloc.obj
 0001:0000917f       _free                      0040a17f f   libucrt:free.obj
 0001:000091e7       ??$__crt_fast_encode_pointer@P6AHXZ@@YAP6AHXZQ6AHXZ@Z 0040a1e7 f i libucrt:onexit.obj
 0001:000091e7       ??$__crt_fast_encode_pointer@PAX@@YAPAXQAX@Z 0040a1e7 f i libucrt:initialization.obj
 0001:000091e7       ??$__crt_fast_encode_pointer@P6GXPAXK0@Z@@YAP6GXPAXK0@ZQ6GX0K0@Z@Z 0040a1e7 f i libucrt:exit.obj
 0001:000091e7       ??$__crt_fast_encode_pointer@P6AHPAU_exception@@@Z@@YAP6AHPAU_exception@@@ZQ6AH0@Z@Z 0040a1e7 f i libucrt:matherr.obj
 0001:000091e7       ??$__crt_fast_encode_pointer@PAP6AXXZ@@YAPAP6AXXZQAP6AXXZ@Z 0040a1e7 f i libucrt:onexit.obj
 0001:000093ec       ___acrt_initialize_thread_local_exit_callback 0040a3ec f   libucrt:exit.obj
 0001:000093fb       __c_exit                   0040a3fb f   libucrt:exit.obj
 0001:0000940a       __cexit                    0040a40a f   libucrt:exit.obj
 0001:00009419       __exit                     0040a419 f   libucrt:exit.obj
 0001:0000942f       __register_thread_local_exe_atexit_callback 0040a42f f   libucrt:exit.obj
 0001:00009455       _exit                      0040a455 f   libucrt:exit.obj
 0001:00009522       _fopen                     0040a522 f   libucrt:fopen.obj
 0001:00009b2f       __ftelli64_nolock          0040ab2f f   libucrt:ftell.obj
 0001:00009b3a       _ftell                     0040ab3a f   libucrt:ftell.obj
 0001:00009b45       _rewind                    0040ab45 f   libucrt:rewind.obj
 0001:00009c12       ?LongLongSub@@YAJ_J0PA_J@Z 0040ac12 f i libucrt:fseek.obj
 0001:00009ece       _fseek                     0040aece f   libucrt:fseek.obj
 0001:00009ee9       __fclose_nolock            0040aee9 f   libucrt:fclose.obj
 0001:00009f60       _fclose                    0040af60 f   libucrt:fclose.obj
 0001:00009fe4       __fread_nolock_s           0040afe4 f   libucrt:fread.obj
 0001:0000a1ca       _fread                     0040b1ca f   libucrt:fread.obj
 0001:0000a1e7       _fread_s                   0040b1e7 f   libucrt:fread.obj
 0001:0000a3a3       __fwrite_nolock            0040b3a3 f   libucrt:fwrite.obj
 0001:0000a524       _fwrite                    0040b524 f   libucrt:fwrite.obj
 0001:0000a587       __fgetc_nolock             0040b587 f   libucrt:fgetc.obj
 0001:0000a5c3       _fgetc                     0040b5c3 f   libucrt:fgetc.obj
 0001:0000a6cb       __fputc_nolock             0040b6cb f   libucrt:fputc.obj
 0001:0000a6f4       _fputc                     0040b6f4 f   libucrt:fputc.obj
 0001:0000aa3b       ___acrt_stdio_flush_nolock 0040ba3b f   libucrt:fflush.obj
 0001:0000aaa0       __fflush_nolock            0040baa0 f   libucrt:fflush.obj
 0001:0000aae8       __flushall                 0040bae8 f   libucrt:fflush.obj
 0001:0000aaf1       _fflush                    0040baf1 f   libucrt:fflush.obj
 0001:0000ab46       ___acrt_initialize_stdio   0040bb46 f   libucrt:_file.obj
 0001:0000ac0e       ___acrt_iob_func           0040bc0e f   libucrt:_file.obj
 0001:0000ac1e       ___acrt_uninitialize_stdio 0040bc1e f   libucrt:_file.obj
 0001:0000ac6a       __lock_file                0040bc6a f   libucrt:_file.obj
 0001:0000ac7e       __unlock_file              0040bc7e f   libucrt:_file.obj
 0001:0000aced       ??$count@D@formatting_buffer@__crt_stdio_output@@QBEIXZ 0040bced f i libucrt:output.obj
 0001:0000ad05       ??$ensure_buffer_is_big_enough@D@formatting_buffer@__crt_stdio_output@@QAE_NI@Z 0040bd05 f i libucrt:output.obj
 0001:0000ad82       ??$is_wide_character_specifier@D@__crt_stdio_output@@YA_N_KDW4length_modifier@0@@Z 0040bd82 f i libucrt:output.obj
 0001:0000adb3       ??$scratch_data@D@formatting_buffer@__crt_stdio_output@@QAEPADXZ 0040bdb3 f i libucrt:output.obj
 0001:0000add1       ??$type_case_integer_parse_into_buffer@I@?$output_processor@DV?$stream_output_adapter@D@__crt_stdio_output@@V?$standard_base@DV?$stream_output_adapter@D@__crt_stdio_output@@@2@@__crt_stdio_output@@AAEXII_N@Z 0040bdd1 f i libucrt:output.obj
 0001:0000ae44       ??$type_case_integer_parse_into_buffer@_K@?$output_processor@DV?$stream_output_adapter@D@__crt_stdio_output@@V?$standard_base@DV?$stream_output_adapter@D@__crt_stdio_output@@@2@@__crt_stdio_output@@AAEX_KI_N@Z 0040be44 f i libucrt:output.obj
 0001:0000aed2       ??$write_multiple_characters@V?$stream_output_adapter@D@__crt_stdio_output@@D@__crt_stdio_output@@YAXABV?$stream_output_adapter@D@0@DHQAH@Z 0040bed2 f i libucrt:output.obj
 0001:0000af0d       ??0?$common_data@D@__crt_stdio_output@@IAE@XZ 0040bf0d f i libucrt:output.obj
 0001:0000af52       ??0?$output_adapter_data@DV?$stream_output_adapter@D@__crt_stdio_output@@@__crt_stdio_output@@IAE@ABV?$stream_output_adapter@D@1@_KQBDQAU__crt_locale_pointers@@QAD@Z 0040bf52 f i libucrt:output.obj
 0001:0000af8e       ??0_LocaleUpdate@@QAE@QAU__crt_locale_pointers@@@Z 0040bf8e f i libucrt:output.obj
 0001:0000b011       ??1formatting_buffer@__crt_stdio_output@@QAE@XZ 0040c011 f i libucrt:output.obj
 0001:0000b02b       ??4?$__crt_unique_heap_ptr@DU__crt_internal_free_policy@@@@QAEAAV0@$$QAV0@@Z 0040c02b f i libucrt:output.obj
 0001:0000b10e       ?crop_zeroes@__crt_stdio_output@@YAXPADQAU__crt_locale_pointers@@@Z 0040c10e f i libucrt:output.obj
 0001:0000b16e       ?find_next_state@?$output_processor@DV?$stream_output_adapter@D@__crt_stdio_output@@V?$standard_base@DV?$stream_output_adapter@D@__crt_stdio_output@@@2@@__crt_stdio_output@@ABE?AW4state@2@DW432@@Z 0040c16e f i libucrt:output.obj
 0001:0000b1ab       ?force_decimal_point@__crt_stdio_output@@YAXPADQAU__crt_locale_pointers@@@Z 0040c1ab f i libucrt:output.obj
 0001:0000b207       ?parse_int_from_format_string@?$output_processor@DV?$stream_output_adapter@D@__crt_stdio_output@@V?$standard_base@DV?$stream_output_adapter@D@__crt_stdio_output@@@2@@__crt_stdio_output@@AAE_NQAH@Z 0040c207 f i libucrt:output.obj
 0001:0000b27b       ?process@?$output_processor@DV?$stream_output_adapter@D@__crt_stdio_output@@V?$standard_base@DV?$stream_output_adapter@D@__crt_stdio_output@@@2@@__crt_stdio_output@@QAEHXZ 0040c27b f i libucrt:output.obj
 0001:0000b38f       ?state_case_flag@?$output_processor@DV?$stream_output_adapter@D@__crt_stdio_output@@V?$standard_base@DV?$stream_output_adapter@D@__crt_stdio_output@@@2@@__crt_stdio_output@@AAE_NXZ 0040c38f f i libucrt:output.obj
 0001:0000b3cc       ?state_case_normal@?$output_processor@DV?$stream_output_adapter@D@__crt_stdio_output@@V?$standard_base@DV?$stream_output_adapter@D@__crt_stdio_output@@@2@@__crt_stdio_output@@AAE_NXZ 0040c3cc f i libucrt:output.obj
 0001:0000b3eb       ?state_case_normal_common@?$output_processor@DV?$stream_output_adapter@D@__crt_stdio_output@@V?$standard_base@DV?$stream_output_adapter@D@__crt_stdio_output@@@2@@__crt_stdio_output@@AAE_NXZ 0040c3eb f i libucrt:output.obj
 0001:0000b425       ?state_case_normal_tchar@?$output_processor@DV?$stream_output_adapter@D@__crt_stdio_output@@V?$standard_base@DV?$stream_output_adapter@D@__crt_stdio_output@@@2@@__crt_stdio_output@@AAE_ND@Z 0040c425 f i libucrt:output.obj
 0001:0000b492       ?state_case_precision@?$output_processor@DV?$stream_output_adapter@D@__crt_stdio_output@@V?$standard_base@DV?$stream_output_adapter@D@__crt_stdio_output@@@2@@__crt_stdio_output@@AAE_NXZ 0040c492 f i libucrt:output.obj
 0001:0000b4b8       ?state_case_size@?$output_processor@DV?$stream_output_adapter@D@__crt_stdio_output@@V?$standard_base@DV?$stream_output_adapter@D@__crt_stdio_output@@@2@@__crt_stdio_output@@AAE_NXZ 0040c4b8 f i libucrt:output.obj
 0001:0000b606       ?state_case_type@?$output_processor@DV?$stream_output_adapter@D@__crt_stdio_output@@V?$standard_base@DV?$stream_output_adapter@D@__crt_stdio_output@@@2@@__crt_stdio_output@@AAE_NXZ 0040c606 f i libucrt:output.obj
 0001:0000b838       ?state_case_width@?$output_processor@DV?$stream_output_adapter@D@__crt_stdio_output@@V?$standard_base@DV?$stream_output_adapter@D@__crt_stdio_output@@@2@@__crt_stdio_output@@AAE_NXZ 0040c838 f i libucrt:output.obj
 0001:0000b863       ?to_integer_size@__crt_stdio_output@@YAIW4length_modifier@1@@Z 0040c863 f i libucrt:output.obj
 0001:0000b8b7       ?type_case_Z@?$output_processor@DV?$stream_output_adapter@D@__crt_stdio_output@@V?$standard_base@DV?$stream_output_adapter@D@__crt_stdio_output@@@2@@__crt_stdio_output@@AAE_NXZ 0040c8b7 f i libucrt:output.obj
 0001:0000b911       ?type_case_a@?$output_processor@DV?$stream_output_adapter@D@__crt_stdio_output@@V?$standard_base@DV?$stream_output_adapter@D@__crt_stdio_output@@@2@@__crt_stdio_output@@AAE_NXZ 0040c911 f i libucrt:output.obj
 0001:0000ba60       ?type_case_c_tchar@?$output_processor@DV?$stream_output_adapter@D@__crt_stdio_output@@V?$standard_base@DV?$stream_output_adapter@D@__crt_stdio_output@@@2@@__crt_stdio_output@@AAE_ND@Z 0040ca60 f i libucrt:output.obj
 0001:0000baf0       ?type_case_integer@?$output_processor@DV?$stream_output_adapter@D@__crt_stdio_output@@V?$standard_base@DV?$stream_output_adapter@D@__crt_stdio_output@@@2@@__crt_stdio_output@@AAE_NI_N@Z 0040caf0 f i libucrt:output.obj
 0001:0000bc41       ?type_case_n@?$output_processor@DV?$stream_output_adapter@D@__crt_stdio_output@@V?$standard_base@DV?$stream_output_adapter@D@__crt_stdio_output@@@2@@__crt_stdio_output@@AAE_NXZ 0040cc41 f i libucrt:output.obj
 0001:0000bcb5       ?type_case_o@?$output_processor@DV?$stream_output_adapter@D@__crt_stdio_output@@V?$standard_base@DV?$stream_output_adapter@D@__crt_stdio_output@@@2@@__crt_stdio_output@@AAE_NXZ 0040ccb5 f i libucrt:output.obj
 0001:0000bcd4       ?type_case_p@?$output_processor@DV?$stream_output_adapter@D@__crt_stdio_output@@V?$standard_base@DV?$stream_output_adapter@D@__crt_stdio_output@@@2@@__crt_stdio_output@@AAE_NXZ 0040ccd4 f i libucrt:output.obj
 0001:0000bcec       ?type_case_s@?$output_processor@DV?$stream_output_adapter@D@__crt_stdio_output@@V?$standard_base@DV?$stream_output_adapter@D@__crt_stdio_output@@@2@@__crt_stdio_output@@AAE_NXZ 0040ccec f i libucrt:output.obj
 0001:0000bd5d       ?validate@?$stream_output_adapter@D@__crt_stdio_output@@QBE_NXZ 0040cd5d f i libucrt:output.obj
 0001:0000bd7e       ?validate_stream_is_ansi_if_required@?$__acrt_stdio_char_traits@D@@SA_NQAU_iobuf@@@Z 0040cd7e f i libucrt:output.obj
 0001:0000be05       ?write_character_without_count_update@?$stream_output_adapter@D@__crt_stdio_output@@QBE_ND@Z 0040ce05 f i libucrt:output.obj
 0001:0000be3b       ?write_stored_string_tchar@?$output_processor@DV?$stream_output_adapter@D@__crt_stdio_output@@V?$standard_base@DV?$stream_output_adapter@D@__crt_stdio_output@@@2@@__crt_stdio_output@@AAE_ND@Z 0040ce3b f i libucrt:output.obj
 0001:0000bee2       ?write_string@?$stream_output_adapter@D@__crt_stdio_output@@QBEXQBDHQAHAAV__crt_deferred_errno_cache@@@Z 0040cee2 f i libucrt:output.obj
 0001:0000bf0e       ?write_string_impl@?$output_adapter_common@DV?$stream_output_adapter@D@__crt_stdio_output@@@__crt_stdio_output@@IBEXQBDHQAHAAV__crt_deferred_errno_cache@@@Z 0040cf0e f i libucrt:output.obj
 0001:0000bfac       ___acrt_locale_get_ctype_array_value 0040cfac f i libucrt:output.obj
 0001:0000bfce       ___stdio_common_vfprintf   0040cfce f   libucrt:output.obj
 0001:0000c051       ___acrt_errno_from_os_error 0040d051 f   libucrt:errno.obj
 0001:0000c094       ___acrt_errno_map_os_error 0040d094 f   libucrt:errno.obj
 0001:0000c0b7       ___doserrno                0040d0b7 f   libucrt:errno.obj
 0001:0000c0ca       __errno                    0040d0ca f   libucrt:errno.obj
 0001:0000c0dd       __seh_filter_exe           0040d0dd f   libucrt:exception_filter.obj
 0001:0000c235       __query_app_type           0040d235 f   libucrt:report_runtime_error.obj
 0001:0000c23b       __set_app_type             0040d23b f   libucrt:report_runtime_error.obj
 0001:0000c24a       ___acrt_has_user_matherr   0040d24a f   libucrt:matherr.obj
 0001:0000c262       ___acrt_initialize_user_matherr 0040d262 f   libucrt:matherr.obj
 0001:0000c271       ___acrt_invoke_user_matherr 0040d271 f   libucrt:matherr.obj
 0001:0000c2a3       ___setusermatherr          0040d2a3 f   libucrt:matherr.obj
 0001:0000c565       ___acrt_allocate_buffer_for_argv 0040d565 f   libucrt:argv_parsing.obj
 0001:0000c5b4       __configure_narrow_argv    0040d5b4 f   libucrt:argv_parsing.obj
 0001:0000c7c0       ??$uninitialize@A6AXAAPAPAD@Z@?$dual_state_global@PAPAD@__crt_state_management@@QAEXA6AXAAPAPAD@Z@Z 0040d7c0 f i libucrt:environment_initialization.obj
 0001:0000c7c0       ??$uninitialize@A6AXAAPAPA_W@Z@?$dual_state_global@PAPA_W@__crt_state_management@@QAEXA6AXAAPAPA_W@Z@Z 0040d7c0 f i libucrt:environment_initialization.obj
 0001:0000c81f       ___dcrt_get_or_create_narrow_environment_nolock 0040d81f f   libucrt:environment_initialization.obj
 0001:0000c824       ___dcrt_uninitialize_environments_nolock 0040d824 f   libucrt:environment_initialization.obj
 0001:0000c85b       __get_initial_narrow_environment 0040d85b f   libucrt:environment_initialization.obj
 0001:0000c86f       __initialize_narrow_environment 0040d86f f   libucrt:environment_initialization.obj
 0001:0000c874       __initterm                 0040d874 f   libucrt:initterm.obj
 0001:0000c8b9       __initterm_e               0040d8b9 f   libucrt:initterm.obj
 0001:0000c8e7       __get_fmode                0040d8e7 f   libucrt:setmode.obj
 0001:0000c914       __set_fmode                0040d914 f   libucrt:setmode.obj
 0001:0000c951       __setmode_nolock           0040d951 f   libucrt:setmode.obj
 0001:0000ca20       ___acrt_initialize_command_line 0040da20 f   libucrt:argv_data.obj
 0001:0000ca39       ___p___argc                0040da39 f   libucrt:argv_data.obj
 0001:0000ca3f       ___p___argv                0040da3f f   libucrt:argv_data.obj
 0001:0000cab3       ___acrt_set_locale_changed 0040dab3 f   libucrt:wsetlocale.obj
 0001:0000cabe       ___acrt_uninitialize_locale 0040dabe f   libucrt:wsetlocale.obj
 0001:0000cae5       __configthreadlocale       0040dae5 f   libucrt:wsetlocale.obj
 0001:0000cb47       __query_new_mode           0040db47 f   libucrt:new_mode.obj
 0001:0000cb4e       __set_new_mode             0040db4e f   libucrt:new_mode.obj
 0001:0000cb7d       ___p__commode              0040db7d f   libucrt:ncommode.obj
 0001:0000ce3c       __crt_atexit               0040de3c f   libucrt:onexit.obj
 0001:0000ce52       __execute_onexit_table     0040de52 f   libucrt:onexit.obj
 0001:0000ce7f       __initialize_onexit_table  0040de7f f   libucrt:onexit.obj
 0001:0000cea8       __register_onexit_function 0040dea8 f   libucrt:onexit.obj
 0001:0000cfd6       ___acrt_initialize         0040dfd6 f   libucrt:initialization.obj
 0001:0000cfe8       ___acrt_uninitialize       0040dfe8 f   libucrt:initialization.obj
 0001:0000d018       __controlfp_s              0040e018 f   libucrt:contrlfp.obj
 0001:0000d077       _terminate                 0040e077 f   libucrt:terminate.obj
 0001:0000d0b3       _strcpy_s                  0040e0b3 f   libucrt:strcpy_s.obj
 0001:0000d10d       _abort                     0040e10d f   libucrt:abort.obj
 0001:0000d151       _calloc                    0040e151 f   libucrt:calloc.obj
 0001:0000d15c       ??$is_overflow_condition@K@__crt_strtox@@YA_NIK@Z 0040e15c f i libucrt:atox.obj
 0001:0000d18d       ??$parse_integer@KV?$c_string_character_source@D@__crt_strtox@@@__crt_strtox@@YAKQAU__crt_locale_pointers@@V?$c_string_character_source@D@0@H_N@Z 0040e18d f i libucrt:atox.obj
 0001:0000d3b2       ?unget@?$c_string_character_source@D@__crt_strtox@@QAEXD@Z 0040e3b2 f i libucrt:atox.obj
 0001:0000d3db       ?validate@?$c_string_character_source@D@__crt_strtox@@QBE_NXZ 0040e3db f i libucrt:atox.obj
 0001:0000d3f6       __ischartype_l             0040e3f6 f i libucrt:atox.obj
 0001:0000d450       _strncmp                   0040e450 f   libucrt:strncmp.obj
 0001:0000d4c8       _wcsncmp                   0040e4c8 f   libucrt:wcsncmp.obj
 0001:0000d502       __malloc_base              0040e502 f   libucrt:malloc_base.obj
 0001:0000d550       __free_base                0040e550 f   libucrt:free_base.obj
 0001:0000d58a       ___acrt_initialize_locks   0040e58a f   libucrt:locks.obj
 0001:0000d5cb       ___acrt_lock               0040e5cb f   libucrt:locks.obj
 0001:0000d5e2       ___acrt_uninitialize_locks 0040e5e2 f   libucrt:locks.obj
 0001:0000d613       ___acrt_unlock             0040e613 f   libucrt:locks.obj
 0001:0000d62a       ___acrt_get_process_end_policy 0040e62a f   libucrt:win_policies.obj
 0001:0000d65b       ___acrt_call_reportfault   0040e65b f   libucrt:invalid_parameter.obj
 0001:0000d794       ___acrt_initialize_invalid_parameter_handler 0040e794 f   libucrt:invalid_parameter.obj
 0001:0000d7a3       __invalid_parameter        0040e7a3 f   libucrt:invalid_parameter.obj
 0001:0000d807       __invalid_parameter_noinfo 0040e807 f   libucrt:invalid_parameter.obj
 0001:0000d817       __invoke_watson            0040e817 f   libucrt:invalid_parameter.obj
 0001:0000d84b       ?__acrt_stdio_allocate_stream@@YA?AV__crt_stdio_stream@@XZ 0040e84b f   libucrt:stream.obj
 0001:0000d8b4       ?__acrt_stdio_free_stream@@YAXV__crt_stdio_stream@@@Z 0040e8b4 f   libucrt:stream.obj
 0001:0000d9b1       ??$__acrt_stdio_parse_mode@D@@YA?AU__acrt_stdio_stream_mode@@QBD@Z 0040e9b1 f i libucrt:openfile.obj
 0001:0000dc5e       ?__acrt_stdio_parse_mode_D@@YA_NAAU__acrt_stdio_stream_mode@@@Z 0040ec5e f i libucrt:openfile.obj
 0001:0000dc79       ?__acrt_stdio_parse_mode_T@@YA_NAAU__acrt_stdio_stream_mode@@@Z 0040ec79 f i libucrt:openfile.obj
 0001:0000dc98       ?__acrt_stdio_parse_mode_b@@YA_NAAU__acrt_stdio_stream_mode@@@Z 0040ec98 f i libucrt:openfile.obj
 0001:0000dcb8       ?__acrt_stdio_parse_mode_c@@YA_NAAU__acrt_stdio_stream_mode@@AA_N@Z 0040ecb8 f i libucrt:openfile.obj
 0001:0000dcda       ?__acrt_stdio_parse_mode_n@@YA_NAAU__acrt_stdio_stream_mode@@AA_N@Z 0040ecda f i libucrt:openfile.obj
 0001:0000dcfc       ?__acrt_stdio_parse_mode_plus@@YA_NAAU__acrt_stdio_stream_mode@@AA_N@Z 0040ecfc f i libucrt:openfile.obj
 0001:0000dd32       ?__acrt_stdio_parse_mode_t@@YA_NAAU__acrt_stdio_stream_mode@@@Z 0040ed32 f i libucrt:openfile.obj
 0001:0000dd52       ?__acrt_stdio_parse_mode_x@@YA_NAAU__acrt_stdio_stream_mode@@@Z 0040ed52 f i libucrt:openfile.obj
 0001:0000dd72       __openfile                 0040ed72 f   libucrt:openfile.obj
 0001:0000e0d0       __lseek                    0040f0d0 f   libucrt:lseek.obj
 0001:0000e0db       __lseeki64                 0040f0db f   libucrt:lseek.obj
 0001:0000e0f6       __lseeki64_nolock          0040f0f6 f   libucrt:lseek.obj
 0001:0000e111       __fileno                   0040f111 f   libucrt:fileno.obj
 0001:0000e63c       __read                     0040f63c f   libucrt:read.obj
 0001:0000e750       __read_nolock              0040f750 f   libucrt:read.obj
 0001:0000ec6a       ___acrt_initialize_lowio   0040fc6a f   libucrt:ioinit.obj
 0001:0000ecca       ___acrt_uninitialize_lowio 0040fcca f   libucrt:ioinit.obj
 0001:0000ed82       __close                    0040fd82 f   libucrt:close.obj
 0001:0000ee0f       __close_nolock             0040fe0f f   libucrt:close.obj
 0001:0000eeab       ___acrt_stdio_free_buffer_nolock 0040feab f   libucrt:_freebuf.obj
 0001:0000f075       ___acrt_stdio_refill_and_read_narrow_nolock 00410075 f   libucrt:_filbuf.obj
 0001:0000f7f9       __write                    004107f9 f   libucrt:write.obj
 0001:0000f8eb       __write_nolock             004108eb f   libucrt:write.obj
 0001:0000fd33       ___acrt_stdio_flush_and_write_narrow_nolock 00410d33 f   libucrt:_flsbuf.obj
 0001:0000fd3e       ___acrt_stdio_begin_temporary_buffering_nolock 00410d3e f   libucrt:_sftbuf.obj
 0001:0000fdf1       ___acrt_stdio_end_temporary_buffering_nolock 00410df1 f   libucrt:_sftbuf.obj
 0001:0000fecd       __commit                   00410ecd f   libucrt:commit.obj
 0001:0000ff4a       __calloc_base              00410f4a f   libucrt:calloc_base.obj
 0001:00010159       ___acrt_AppPolicyGetProcessTerminationMethodInternal@4 00411159 f   libucrt:winapi_thunks.obj
 0001:00010199       ___acrt_AreFileApisANSI@0  00411199 f   libucrt:winapi_thunks.obj
 0001:000101b8       ___acrt_CompareStringEx@36 004111b8 f   libucrt:winapi_thunks.obj
 0001:00010215       ___acrt_FlsAlloc@4         00411215 f   libucrt:winapi_thunks.obj
 0001:00010254       ___acrt_FlsFree@4          00411254 f   libucrt:winapi_thunks.obj
 0001:00010293       ___acrt_FlsGetValue@4      00411293 f   libucrt:winapi_thunks.obj
 0001:000102d2       ___acrt_FlsSetValue@8      004112d2 f   libucrt:winapi_thunks.obj
 0001:00010314       ___acrt_InitializeCriticalSectionEx@12 00411314 f   libucrt:winapi_thunks.obj
 0001:0001035f       ___acrt_LCMapStringEx@36   0041135f f   libucrt:winapi_thunks.obj
 0001:000103bc       ___acrt_LocaleNameToLCID@8 004113bc f   libucrt:winapi_thunks.obj
 0001:000103ed       ___acrt_initialize_winapi_thunks 004113ed f   libucrt:winapi_thunks.obj
 0001:00010418       ___acrt_uninitialize_winapi_thunks 00411418 f   libucrt:winapi_thunks.obj
 0001:0001044e       __fcloseall                0041144e f   libucrt:closeall.obj
 0001:000104f9       ??$make_c_string_character_source@DPAPAD@__crt_strtox@@YA?AV?$c_string_character_source@D@0@QBDQAPAD@Z 004114f9 f i libucrt:strtox.obj
 0001:00010514       _strtol                    00411514 f   libucrt:strtox.obj
 0001:0001053e       __mbtowc_l                 0041153e f   libucrt:mbtowc.obj
 0001:00010680       _mbtowc                    00411680 f   libucrt:mbtowc.obj
 0001:0001069a       __wctomb_s_l               0041169a f   libucrt:wctomb.obj
 0001:000107f5       _wctomb_s                  004117f5 f   libucrt:wctomb.obj
 0001:00010812       _strnlen                   00411812 f   libucrt:strnlen.obj
 0001:00010934       _wcsnlen                   00411934 f   libucrt:strnlen.obj
 0001:00010e22       ___acrt_getptd             00411e22 f   libucrt:per_thread_data.obj
 0001:00010edf       ___acrt_getptd_head        00411edf f   libucrt:per_thread_data.obj
 0001:00010f79       ___acrt_getptd_noexit      00411f79 f   libucrt:per_thread_data.obj
 0001:0001102e       ___acrt_initialize_ptd     0041202e f   libucrt:per_thread_data.obj
 0001:0001105a       ___acrt_uninitialize_ptd   0041205a f   libucrt:per_thread_data.obj
 0001:00011074       ___acrt_update_locale_info 00412074 f   libucrt:locale_update.obj
 0001:000110a1       ___acrt_update_multibyte_info 004120a1 f   libucrt:locale_update.obj
 0001:000110ce       ?__acrt_fp_classify@@YA?AW4__acrt_fp_class@@ABN@Z 004120ce f i libucrt:cvt.obj
 0001:00011919       ___acrt_fp_format          00412919 f   libucrt:cvt.obj
 0001:00011a54       __get_printf_count_output  00412a54 f   libucrt:printf_count_output.obj
 0001:00011c02       ??$__acrt_mbs_to_wcs_cp@U__crt_win32_buffer_internal_dynamic_resizing@@@@YAHQBDAAV?$__crt_win32_buffer@_WU__crt_win32_buffer_internal_dynamic_resizing@@@@I@Z 00412c02 f i libucrt:argv_wildcards.obj
 0001:00012116       ?__acrt_get_utf8_acp_compatibility_codepage@@YAIXZ 00413116 f i libucrt:argv_wildcards.obj
 0001:00012155       ?_deallocate@?$__crt_win32_buffer@_WU__crt_win32_buffer_internal_dynamic_resizing@@@@AAEXXZ 00413155 f i libucrt:argv_wildcards.obj
 0001:00012155       ?_deallocate@?$__crt_win32_buffer@DU__crt_win32_buffer_internal_dynamic_resizing@@@@AAEXXZ 00413155 f i libucrt:argv_wildcards.obj
 0001:0001216f       ?allocate@?$__crt_win32_buffer@DU__crt_win32_buffer_internal_dynamic_resizing@@@@QAEHI@Z 0041316f f i libucrt:argv_wildcards.obj
 0001:000121ab       ?allocate@?$__crt_win32_buffer@_WU__crt_win32_buffer_internal_dynamic_resizing@@@@QAEHI@Z 004131ab f i libucrt:argv_wildcards.obj
 0001:000121ea       ?allocate@__crt_win32_buffer_internal_dynamic_resizing@@SAHQAPAXIABV__crt_win32_buffer_empty_debug_info@@@Z 004131ea f i libucrt:argv_wildcards.obj
 0001:00012290       ___acrt_expand_narrow_argv_wildcards 00413290 f   libucrt:argv_wildcards.obj
 0001:00012362       ?allocate@?$__crt_win32_buffer@DU__crt_win32_buffer_no_resizing@@@@QAEHI@Z 00413362 f i libucrt:getmodulefilenamea.obj
 0001:00012389       ?set_to_nullptr@?$__crt_win32_buffer@DU__crt_win32_buffer_no_resizing@@@@QAEXXZ 00413389 f i libucrt:getmodulefilenamea.obj
 0001:0001239d       ___acrt_GetModuleFileNameA 0041339d f   libucrt:getmodulefilenamea.obj
 0001:0001295c       ___acrt_initialize_multibyte 0041395c f   libucrt:mbctype.obj
 0001:000129a4       ___acrt_update_thread_multibyte_data 004139a4 f   libucrt:mbctype.obj
 0001:000129b7       __setmbcp_nolock           004139b7 f   libucrt:mbctype.obj
 0001:00012c01       __ismbblead                00413c01 f   libucrt:ismbbyte.obj
 0001:00012c19       ___acrt_MultiByteToWideChar 00413c19 f   libucrt:multibytetowidechar.obj
 0001:00012c95       ___acrt_WideCharToMultiByte 00413c95 f   libucrt:widechartomultibyte.obj
 0001:00012d79       ___dcrt_get_narrow_environment_from_os 00413d79 f   libucrt:get_environment_from_os.obj
 0001:0001315a       ___dcrt_set_variable_in_narrow_environment_nolock 0041415a f   libucrt:setenv.obj
 0001:00013165       ___acrt_lowio_create_handle_array 00414165 f   libucrt:osfinfo.obj
 0001:000131e0       ___acrt_lowio_destroy_handle_array 004141e0 f   libucrt:osfinfo.obj
 0001:00013215       ___acrt_lowio_ensure_fh_exists 00414215 f   libucrt:osfinfo.obj
 0001:000132b3       ___acrt_lowio_lock_fh      004142b3 f   libucrt:osfinfo.obj
 0001:000132d6       ___acrt_lowio_set_os_handle 004142d6 f   libucrt:osfinfo.obj
 0001:00013368       ___acrt_lowio_unlock_fh    00414368 f   libucrt:osfinfo.obj
 0001:0001338b       __alloc_osfhnd             0041438b f   libucrt:osfinfo.obj
 0001:0001349e       __free_osfhnd              0041449e f   libucrt:osfinfo.obj
 0001:0001352f       __get_osfhandle            0041452f f   libucrt:osfinfo.obj
 0001:00013599       ___acrt_locale_free_monetary 00414599 f   libucrt:initmon.obj
 0001:00013697       ___acrt_locale_free_numeric 00414697 f   libucrt:initnum.obj
 0001:00013738       ___acrt_locale_free_time   00414738 f   libucrt:inittime.obj
 0001:0001381c       ___pctype_func             0041481c f   libucrt:ctype.obj
 0001:00013840       ___acrt_GetStringTypeA     00414840 f   libucrt:getstringtypea.obj
 0001:00013943       __freea_crt                00414943 f i libucrt:getstringtypea.obj
 0001:00013963       ___acrt_add_locale_ref     00414963 f   libucrt:locale_refcounting.obj
 0001:000139e0       ___acrt_free_locale        004149e0 f   libucrt:locale_refcounting.obj
 0001:00013b28       ___acrt_locale_add_lc_time_reference 00414b28 f   libucrt:locale_refcounting.obj
 0001:00013b51       ___acrt_locale_free_lc_time_if_unreferenced 00414b51 f   libucrt:locale_refcounting.obj
 0001:00013b82       ___acrt_locale_release_lc_time_reference 00414b82 f   libucrt:locale_refcounting.obj
 0001:00013bab       ___acrt_release_locale_ref 00414bab f   libucrt:locale_refcounting.obj
 0001:00013c2c       ___acrt_update_thread_locale_data 00414c2c f   libucrt:locale_refcounting.obj
 0001:00013cad       __updatetlocinfoEx_nolock  00414cad f   libucrt:locale_refcounting.obj
 0001:00013cfd       __recalloc_base            00414cfd f   libucrt:recalloc.obj
 0001:00013d6a       ___acrt_initialize_heap    00414d6a f   libucrt:heap_handle.obj
 0001:00013d7b       ___acrt_uninitialize_heap  00414d7b f   libucrt:heap_handle.obj
 0001:00013d85       ___acrt_execute_initializers 00414d85 f   libucrt:shared_initialization.obj
 0001:00013ded       ___acrt_execute_uninitializers 00414ded f   libucrt:shared_initialization.obj
 0001:00013e1e       ___acrt_initialize_new_handler 00414e1e f   libucrt:new_handler.obj
 0001:00013e2d       __callnewh                 00414e2d f   libucrt:new_handler.obj
 0001:00013e5a       __query_new_handler        00414e5a f   libucrt:new_handler.obj
 0001:00013f84       ___acrt_get_sigabrt_handler 00414f84 f   libucrt:signal.obj
 0001:00013fab       ___acrt_initialize_signal_handlers 00414fab f   libucrt:signal.obj
 0001:00013fc9       ___fpecode                 00414fc9 f   libucrt:signal.obj
 0001:00013fd2       _raise                     00414fd2 f   libucrt:signal.obj
 0001:00014274       __clearfp                  00415274 f   libucrt:ieee87.obj
 0001:00014352       __control87                00415352 f   libucrt:ieee87.obj
 0001:000146f1       __isctype_l                004156f1 f   libucrt:isctype.obj
 0001:000147bc       ___ascii_wcsnicmp          004157bc f   libucrt:wcsnicmp.obj
 0001:0001480b       __strnicmp                 0041580b f   libucrt:strnicmp.obj
 0001:00014878       __strnicmp_l               00415878 f   libucrt:strnicmp.obj
 0001:00014f0e       __sopen_nolock             00415f0e f   libucrt:open.obj
 0001:00014f7c       __sopen_s                  00415f7c f   libucrt:open.obj
 0001:00014f9c       __wsopen_nolock            00415f9c f   libucrt:open.obj
 0001:000152c6       __isatty                   004162c6 f   libucrt:isatty.obj
 0001:0001531c       ___acrt_stdio_allocate_buffer_nolock 0041631c f   libucrt:_getbuf.obj
 0001:000153a1       ?__mbrtowc_utf8@__crt_mbstring@@YAIPA_WPBDIPAU_Mbstatet@@@Z 004163a1 f   libucrt:mbrtowc.obj
 0001:000153e1       ?__mbsrtowcs_utf8@__crt_mbstring@@YAIPA_WPAPBDIPAU_Mbstatet@@@Z 004163e1 f   libucrt:mbrtowc.obj
 0001:000154dc       __putwch_nolock            004164dc f   libucrt:putwch.obj
 0001:0001555e       ___acrt_DownlevelLocaleNameToLCID 0041655e f   libucrt:lcidtoname_downlevel.obj
 0001:0001558a       __isleadbyte_l             0041658a f i libucrt:_wctype.obj
 0001:000155c4       ?__c32rtomb_utf8@__crt_mbstring@@YAIPAD_UPAU_Mbstatet@@@Z 004165c4 f   libucrt:c32rtomb.obj
 0001:0001566f       ?return_illegal_sequence@__crt_mbstring@@YAIPAU_Mbstatet@@@Z 0041666f f i libucrt:c32rtomb.obj
 0001:0001568e       ___acrt_fp_strflt_to_string 0041668e f   libucrt:_fptostr.obj
 0001:00015750       ?divide@__crt_strtox@@YA_KAAUbig_integer@1@ABU21@@Z 00416750 f i libucrt:cfout.obj
 0001:00015be8       ___acrt_fltout             00416be8 f   libucrt:cfout.obj
 0001:00016f80       _qsort                     00417f80 f   libucrt:qsort.obj
 0001:00017477       _strncpy_s                 00418477 f   libucrt:strncpy_s.obj
 0001:00017490       _strpbrk                   00418490 f   libucrt:strpbrk.obj
 0001:000174d0       __mbsdec                   004184d0 f   libucrt:mbsdec.obj
 0001:000174e7       __mbsdec_l                 004184e7 f   libucrt:mbsdec.obj
 0001:0001775e       ___acrt_LCMapStringA       0041875e f   libucrt:lcmapstringa.obj
 0001:000177b6       __strnicoll                004187b6 f   libucrt:strnicol.obj
 0001:000177df       __strnicoll_l              004187df f   libucrt:strnicol.obj
 0001:000178a7       ___acrt_SetEnvironmentVariableA 004188a7 f   libucrt:setenvironmentvariablea.obj
 0001:0001793c       __msize_base               0041893c f   libucrt:msize.obj
 0001:0001796f       __realloc_base             0041896f f   libucrt:realloc_base.obj
 0001:000179d8       ___set_fpsr_sse2           004189d8 f   libucrt:fpctrl.obj
 0001:00017a58       __clrfp                    00418a58 f   libucrt:fpctrl.obj
 0001:00017a69       __ctrlfp                   00418a69 f   libucrt:fpctrl.obj
 0001:00017a93       __set_statfp               00418a93 f   libucrt:fpctrl.obj
 0001:00017aec       __statfp                   00418aec f   libucrt:fpctrl.obj
 0001:00017b00       ___ascii_strnicmp          00418b00 f   libucrt:_strnicm.obj
 0001:00017b61       ??0__crt_seek_guard@@QAE@H_J@Z 00418b61 f i libucrt:chsize.obj
 0001:00017bae       __chsize_nolock            00418bae f   libucrt:chsize.obj
 0001:00017d1e       ?__mbrtoc32_utf8@__crt_mbstring@@YAIPA_UPBDIPAU_Mbstatet@@@Z 00418d1e f   libucrt:mbrtoc32.obj
 0001:00017ee4       ___dcrt_lowio_ensure_console_output_initialized 00418ee4 f   libucrt:initcon.obj
 0001:00017f03       ___dcrt_terminate_console_output 00418f03 f   libucrt:initcon.obj
 0001:00017f1a       ___dcrt_write_console      00418f1a f   libucrt:initcon.obj
 0001:00017f6f       _fegetenv                  00418f6f f   libucrt:fegetenv.obj
 0001:00017f8c       _fesetenv                  00418f8c f   libucrt:fesetenv.obj
 0001:00017fd7       _feholdexcept              00418fd7 f   libucrt:feholdexcept.obj
 0001:00018030       __CIlog10                  00419030 f   libucrt:log10_impl.obj
 0001:0001806b       __CIlog10_default          0041906b f   libucrt:log10_impl.obj
 0001:0001807f       __log10_default            0041907f     libucrt:log10_impl.obj
 0001:00018140       _ceil                      00419140 f   libucrt:ceil_pentium4.obj
 0001:00018180       __ceil_pentium4            00419180 f   libucrt:ceil_pentium4.obj
 0001:0001825d       ___strncnt                 0041925d f   libucrt:strncnt.obj
 0001:00018504       ___acrt_CompareStringA     00419504 f   libucrt:comparestringa.obj
 0001:00018857       ___acrt_fenv_get_control   00419857 f   libucrt:_fenvutils.obj
 0001:000188d7       ___acrt_fenv_get_status    004198d7 f   libucrt:_fenvutils.obj
 0001:0001898f       ___acrt_fenv_set_control   0041998f f   libucrt:_fenvutils.obj
 0001:000189f7       ___acrt_fenv_set_status    004199f7 f   libucrt:_fenvutils.obj
 0001:00018aee       ___acrt_initialize_sse2    00419aee f   libucrt:mathfcns.obj
 0001:00018b00       __CIlog10_pentium4         00419b00 f   libucrt:log10_pentium4.obj
 0001:00018b18       __log10_pentium4           00419b18     libucrt:log10_pentium4.obj
 0001:00018db0       __fFEXP                    00419db0 f   libucrt:87tran.obj
 0001:00018e07       __rtinfpopse               00419e07     libucrt:87tran.obj
 0001:00018e09       __rtinfnpopse              00419e09     libucrt:87tran.obj
 0001:00018e19       __fFLN                     00419e19     libucrt:87tran.obj
 0001:00018ece       __rtinfpop                 00419ece     libucrt:87tran.obj
 0001:00018ed0       __rtinfnpop                00419ed0     libucrt:87tran.obj
 0001:00018ee0       __rtforexpinf              00419ee0 f   libucrt:87tran.obj
 0001:00018eed       __ffexpm1                  00419eed     libucrt:87tran.obj
 0001:00018fa0       __trandisp1                00419fa0 f   libucrt:87disp.obj
 0001:00019015       __trandisp2                0041a015 f   libucrt:87disp.obj
 0001:000190af       __rttospopde               0041a0af     libucrt:87disp.obj
 0001:000190b4       __rttospop                 0041a0b4     libucrt:87disp.obj
 0001:000190c0       __rtnospop                 0041a0c0 f   libucrt:87disp.obj
 0001:000190d0       __rttosnpop                0041a0d0 f   libucrt:87disp.obj
 0001:000190d1       __rtnospopde               0041a0d1     libucrt:87disp.obj
 0001:000190d8       __rtzeropop                0041a0d8     libucrt:87disp.obj
 0001:000190da       __rtzeronpop               0041a0da     libucrt:87disp.obj
 0001:000190e0       __rtzerospop               0041a0e0 f   libucrt:87disp.obj
 0001:000190ed       __rtonepop                 0041a0ed     libucrt:87disp.obj
 0001:000190f0       __rtonenpop                0041a0f0 f   libucrt:87disp.obj
 0001:00019100       __tosnan1                  0041a100 f   libucrt:87disp.obj
 0001:00019130       __nosnan2                  0041a130 f   libucrt:87disp.obj
 0001:00019140       __tosnan2                  0041a140 f   libucrt:87disp.obj
 0001:00019170       __nan2                     0041a170 f   libucrt:87disp.obj
 0001:000191b0       __rtindfpop                0041a1b0 f   libucrt:87disp.obj
 0001:000191b2       __rtindfnpop               0041a1b2     libucrt:87disp.obj
 0001:000191c3       __rttosnpopde              0041a1c3     libucrt:87disp.obj
 0001:000191d0       __rtatan2inf               0041a1d0 f   libucrt:87disp.obj
 0001:000191ed       __rtchsifneg               0041a1ed     libucrt:87disp.obj
 0001:00019200       __twoToTOS                 0041a200 f   libucrt:common.obj
 0001:00019215       __load_CW                  0041a215 f   libucrt:common.obj
 0001:0001922c       __convertTOStoQNaN         0041a22c f   libucrt:common.obj
 0001:00019245       __fload_withFB             0041a245 f   libucrt:common.obj
 0001:00019288       __checkTOS_withFB          0041a288 f   libucrt:common.obj
 0001:0001929e       __fast_exit                0041a29e f   libucrt:common.obj
 0001:000192ab       __math_exit                0041a2ab f   libucrt:common.obj
 0001:000192d5       __check_overflow_exit      0041a2d5 f   libucrt:common.obj
 0001:000192e9       __check_range_exit         0041a2e9 f   libucrt:common.obj
 0001:00019390       __startTwoArgErrorHandling 0041a390 f   libucrt:genexcep.obj
 0001:000193a7       __startOneArgErrorHandling 0041a3a7 f   libucrt:genexcep.obj
 0001:000193e3       ___libm_error_support      0041a3e3 f   libucrt:libm_error.obj
 0001:000195d7       __ceil_default             0041a5d7 f   libucrt:ceil.obj
 0001:0001968c       __d_inttype                0041a68c f   libucrt:powhlp.obj
 0001:000196f4       __powhlp                   0041a6f4 f   libucrt:powhlp.obj
 0001:0001981f       __87except                 0041a81f f   libucrt:87except.obj
 0001:00019929       __frnd                     0041a929 f   libucrt:frnd.obj
 0001:0001993d       __errcode                  0041a93d f   libucrt:fpexcept.obj
 0001:00019971       __except1                  0041a971 f   libucrt:fpexcept.obj
 0001:00019a3f       __handle_exc               0041aa3f f   libucrt:fpexcept.obj
 0001:00019c2a       __raise_exc                0041ac2a f   libucrt:fpexcept.obj
 0001:00019c4d       __raise_exc_ex             0041ac4d f   libucrt:fpexcept.obj
 0001:00019f43       __set_errno_from_matherr   0041af43 f   libucrt:fpexcept.obj
 0001:00019f72       __umatherr                 0041af72 f   libucrt:fpexcept.obj
 0001:0001a012       __decomp                   0041b012 f   libucrt:util.obj
 0001:0001a0e4       __set_exp                  0041b0e4 f   libucrt:util.obj
 0001:0001a111       __sptype                   0041b111 f   libucrt:util.obj
 0001:0001a16f       __fpclass                  0041b16f f   libucrt:ieeemisc.obj
 0001:0001a220       __FindPESection            0041b220 f   LIBCMT:pesect.obj
 0001:0001a270       __IsNonwritableInCurrentImage 0041b270 f   LIBCMT:pesect.obj
 0001:0001a330       __ValidateImageBase        0041b330 f   LIBCMT:pesect.obj
 0001:0001a370       __aulldvrm                 0041b370 f   LIBCMT:ulldvrm.obj
 0001:0001a410       __alldiv                   0041b410 f   LIBCMT:lldiv.obj
 0001:0001a4c0       __alloca_probe             0041b4c0 f   LIBCMT:chkstk.obj
 0001:0001a4c0       __chkstk                   0041b4c0 f   LIBCMT:chkstk.obj
 0001:0001a4f0       __allmul                   0041b4f0 f   LIBCMT:llmul.obj
 0001:0001a530       __alldvrm                  0041b530 f   LIBCMT:lldvrm.obj
 0001:0001a610       __aullshr                  0041b610 f   LIBCMT:ullshr.obj
 0001:0001a630       __alloca_probe_16          0041b630 f   LIBCMT:alloca16.obj
 0001:0001a646       __alloca_probe_8           0041b646     LIBCMT:alloca16.obj
 0001:0001a660       __allshl                   0041b660 f   LIBCMT:llshl.obj
 0001:0001a680       __ftol2_sse                0041b680     LIBCMT:ftol2.obj
 0001:0001a680       __ftol2_sse_excpt          0041b680     LIBCMT:ftol2.obj
 0001:0001a680       __ftoi2                    0041b680 f   LIBCMT:ftol2.obj
 0001:0001a700       __ftoui2                   0041b700 f   LIBCMT:ftol2.obj
 0001:0001a7b0       __ftol2                    0041b7b0 f   LIBCMT:ftol2.obj
 0001:0001a860       __ftoul2                   0041b860 f   LIBCMT:ftol2.obj
 0001:0001a920       _strrchr                   0041b920 f   libvcruntime:strrchr.obj
 0001:0001aa60       _strchr                    0041ba60 f   libvcruntime:strchr.obj
 0001:0001aace       ___from_strstr_to_strchr   0041bace     libvcruntime:strchr.obj
 0001:0001ab8b       __filter_x86_sse2_floating_point_exception_default 0041bb8b f   LIBCMT:x86_exception_filter.obj
 0001:0001ab8b       __filter_x86_sse2_floating_point_exception 0041bb8b f   LIBCMT:x86_exception_filter.obj
 0002:00000000       __imp__QueryPerformanceCounter@4 0041c000     kernel32:KERNEL32.dll
 0002:00000004       __imp__GetCurrentProcessId@0 0041c004     kernel32:KERNEL32.dll
 0002:00000008       __imp__GetCurrentThreadId@0 0041c008     kernel32:KERNEL32.dll
 0002:0000000c       __imp__GetSystemTimeAsFileTime@4 0041c00c     kernel32:KERNEL32.dll
 0002:00000010       __imp__InitializeSListHead@4 0041c010     kernel32:KERNEL32.dll
 0002:00000014       __imp__IsDebuggerPresent@0 0041c014     kernel32:KERNEL32.dll
 0002:00000018       __imp__UnhandledExceptionFilter@4 0041c018     kernel32:KERNEL32.dll
 0002:0000001c       __imp__SetUnhandledExceptionFilter@4 0041c01c     kernel32:KERNEL32.dll
 0002:00000020       __imp__GetStartupInfoW@4   0041c020     kernel32:KERNEL32.dll
 0002:00000024       __imp__IsProcessorFeaturePresent@4 0041c024     kernel32:KERNEL32.dll
 0002:00000028       __imp__GetModuleHandleW@4  0041c028     kernel32:KERNEL32.dll
 0002:0000002c       __imp__GetCurrentProcess@0 0041c02c     kernel32:KERNEL32.dll
 0002:00000030       __imp__TerminateProcess@8  0041c030     kernel32:KERNEL32.dll
 0002:00000034       __imp__WriteConsoleW@20    0041c034     kernel32:KERNEL32.dll
 0002:00000038       __imp__RtlUnwind@16        0041c038     kernel32:KERNEL32.dll
 0002:0000003c       __imp__GetLastError@0      0041c03c     kernel32:KERNEL32.dll
 0002:00000040       __imp__SetLastError@4      0041c040     kernel32:KERNEL32.dll
 0002:00000044       __imp__EnterCriticalSection@4 0041c044     kernel32:KERNEL32.dll
 0002:00000048       __imp__LeaveCriticalSection@4 0041c048     kernel32:KERNEL32.dll
 0002:0000004c       __imp__DeleteCriticalSection@4 0041c04c     kernel32:KERNEL32.dll
 0002:00000050       __imp__InitializeCriticalSectionAndSpinCount@8 0041c050     kernel32:KERNEL32.dll
 0002:00000054       __imp__TlsAlloc@0          0041c054     kernel32:KERNEL32.dll
 0002:00000058       __imp__TlsGetValue@4       0041c058     kernel32:KERNEL32.dll
 0002:0000005c       __imp__TlsSetValue@8       0041c05c     kernel32:KERNEL32.dll
 0002:00000060       __imp__TlsFree@4           0041c060     kernel32:KERNEL32.dll
 0002:00000064       __imp__FreeLibrary@4       0041c064     kernel32:KERNEL32.dll
 0002:00000068       __imp__GetProcAddress@8    0041c068     kernel32:KERNEL32.dll
 0002:0000006c       __imp__LoadLibraryExW@12   0041c06c     kernel32:KERNEL32.dll
 0002:00000070       __imp__RaiseException@16   0041c070     kernel32:KERNEL32.dll
 0002:00000074       __imp__ExitProcess@4       0041c074     kernel32:KERNEL32.dll
 0002:00000078       __imp__GetModuleHandleExW@12 0041c078     kernel32:KERNEL32.dll
 0002:0000007c       __imp__ReadFile@20         0041c07c     kernel32:KERNEL32.dll
 0002:00000080       __imp__GetStdHandle@4      0041c080     kernel32:KERNEL32.dll
 0002:00000084       __imp__WriteFile@20        0041c084     kernel32:KERNEL32.dll
 0002:00000088       __imp__GetModuleFileNameW@12 0041c088     kernel32:KERNEL32.dll
 0002:0000008c       __imp__GetCommandLineA@0   0041c08c     kernel32:KERNEL32.dll
 0002:00000090       __imp__GetCommandLineW@0   0041c090     kernel32:KERNEL32.dll
 0002:00000094       __imp__HeapAlloc@12        0041c094     kernel32:KERNEL32.dll
 0002:00000098       __imp__HeapFree@12         0041c098     kernel32:KERNEL32.dll
 0002:0000009c       __imp__SetFilePointerEx@20 0041c09c     kernel32:KERNEL32.dll
 0002:000000a0       __imp__GetConsoleMode@8    0041c0a0     kernel32:KERNEL32.dll
 0002:000000a4       __imp__ReadConsoleW@20     0041c0a4     kernel32:KERNEL32.dll
 0002:000000a8       __imp__GetFileType@4       0041c0a8     kernel32:KERNEL32.dll
 0002:000000ac       __imp__CloseHandle@4       0041c0ac     kernel32:KERNEL32.dll
 0002:000000b0       __imp__GetConsoleCP@0      0041c0b0     kernel32:KERNEL32.dll
 0002:000000b4       __imp__GetFileSizeEx@8     0041c0b4     kernel32:KERNEL32.dll
 0002:000000b8       __imp__FlushFileBuffers@4  0041c0b8     kernel32:KERNEL32.dll
 0002:000000bc       __imp__CompareStringW@24   0041c0bc     kernel32:KERNEL32.dll
 0002:000000c0       __imp__LCMapStringW@24     0041c0c0     kernel32:KERNEL32.dll
 0002:000000c4       __imp__FindClose@4         0041c0c4     kernel32:KERNEL32.dll
 0002:000000c8       __imp__FindFirstFileExW@24 0041c0c8     kernel32:KERNEL32.dll
 0002:000000cc       __imp__FindNextFileW@8     0041c0cc     kernel32:KERNEL32.dll
 0002:000000d0       __imp__IsValidCodePage@4   0041c0d0     kernel32:KERNEL32.dll
 0002:000000d4       __imp__GetACP@0            0041c0d4     kernel32:KERNEL32.dll
 0002:000000d8       __imp__GetOEMCP@0          0041c0d8     kernel32:KERNEL32.dll
 0002:000000dc       __imp__GetCPInfo@8         0041c0dc     kernel32:KERNEL32.dll
 0002:000000e0       __imp__MultiByteToWideChar@24 0041c0e0     kernel32:KERNEL32.dll
 0002:000000e4       __imp__WideCharToMultiByte@32 0041c0e4     kernel32:KERNEL32.dll
 0002:000000e8       __imp__GetEnvironmentStringsW@0 0041c0e8     kernel32:KERNEL32.dll
 0002:000000ec       __imp__FreeEnvironmentStringsW@4 0041c0ec     kernel32:KERNEL32.dll
 0002:000000f0       __imp__SetEnvironmentVariableW@8 0041c0f0     kernel32:KERNEL32.dll
 0002:000000f4       __imp__SetStdHandle@8      0041c0f4     kernel32:KERNEL32.dll
 0002:000000f8       __imp__GetStringTypeW@16   0041c0f8     kernel32:KERNEL32.dll
 0002:000000fc       __imp__GetProcessHeap@0    0041c0fc     kernel32:KERNEL32.dll
 0002:00000100       __imp__CreateFileW@28      0041c100     kernel32:KERNEL32.dll
 0002:00000104       __imp__HeapSize@12         0041c104     kernel32:KERNEL32.dll
 0002:00000108       __imp__HeapReAlloc@16      0041c108     kernel32:KERNEL32.dll
 0002:0000010c       __imp__SetEndOfFile@4      0041c10c     kernel32:KERNEL32.dll
 0002:00000110       __imp__DecodePointer@4     0041c110     kernel32:KERNEL32.dll
 0002:00000114       \177KERNEL32_NULL_THUNK_DATA 0041c114     kernel32:KERNEL32.dll
 0002:00000118       ___guard_check_icall_fptr  0041c118     LIBCMT:guard_support.obj
 0002:0000011c       ___xc_a                    0041c11c     LIBCMT:initializers.obj
 0002:00000124       ___xc_z                    0041c124     LIBCMT:initializers.obj
 0002:00000128       ___xi_a                    0041c128     LIBCMT:initializers.obj
 0002:00000134       ___acrt_stdio_initializer  0041c134     libucrt:stdio_initializer.obj
 0002:00000138       ___acrt_multibyte_initializer 0041c138     libucrt:multibyte_initializer.obj
 0002:0000013c       ___acrt_tran_sse2_initializer 0041c13c     libucrt:sse2_initializer.obj
 0002:00000140       ___xi_z                    0041c140     LIBCMT:initializers.obj
 0002:00000144       ___xp_a                    0041c144     LIBCMT:initializers.obj
 0002:00000148       ___acrt_locale_terminator  0041c148     libucrt:locale_initializer.obj
 0002:0000014c       ___dcrt_console_output_terminator 0041c14c     libucrt:console_output_initializer.obj
 0002:00000150       ___acrt_stdio_terminator   0041c150     libucrt:stdio_initializer.obj
 0002:00000154       ___xp_z                    0041c154     LIBCMT:initializers.obj
 0002:00000158       ___xt_a                    0041c158     LIBCMT:initializers.obj
 0002:0000015c       ___xt_z                    0041c15c     LIBCMT:initializers.obj
 0002:0000108c       __pDestructExceptionObject 0041d08c     libvcruntime:ehhelpers.obj
 0002:00001410       ??_C@_08EHJDFFNH@__based?$CI@ 0041d410     libvcruntime:undname.obj
 0002:0000141c       ??_C@_07KOLFKCDI@__cdecl@  0041d41c     libvcruntime:undname.obj
 0002:00001424       ??_C@_08GHMPAG@__pascal@   0041d424     libvcruntime:undname.obj
 0002:00001430       ??_C@_09IFJBGAPI@__stdcall@ 0041d430     libvcruntime:undname.obj
 0002:0000143c       ??_C@_0L@NPHFGOKO@__thiscall@ 0041d43c     libvcruntime:undname.obj
 0002:00001448       ??_C@_0L@JMKHOMEK@__fastcall@ 0041d448     libvcruntime:undname.obj
 0002:00001454       ??_C@_0N@BCKKPABJ@__vectorcall@ 0041d454     libvcruntime:undname.obj
 0002:00001464       ??_C@_09HIJEGCPM@__clrcall@ 0041d464     libvcruntime:undname.obj
 0002:00001470       ??_C@_06GHPCKEAG@__eabi@   0041d470     libvcruntime:undname.obj
 0002:00001478       ??_C@_09IOPIDJLG@__swift_1@ 0041d478     libvcruntime:undname.obj
 0002:00001484       ??_C@_09KFNFGKHF@__swift_2@ 0041d484     libvcruntime:undname.obj
 0002:00001490       ??_C@_07JOMMBBKO@__ptr64@  0041d490     libvcruntime:undname.obj
 0002:00001498       ??_C@_0L@PILCLIHE@__restrict@ 0041d498     libvcruntime:undname.obj
 0002:000014a4       ??_C@_0M@GFIIJFMG@__unaligned@ 0041d4a4     libvcruntime:undname.obj
 0002:000014b0       ??_C@_09DHDLOLLB@restrict?$CI@ 0041d4b0     libvcruntime:undname.obj
 0002:000014ba       ??_C@_00CNPNBAHC@@         0041d4ba     libvcruntime:undname.obj
 0002:000014bc       ??_C@_04NIHEBCM@?5new@     0041d4bc     libvcruntime:undname.obj
 0002:000014c4       ??_C@_07FPCDHGMM@?5delete@ 0041d4c4     libvcruntime:undname.obj
 0002:000014cc       ??_C@_01NEMOKFLO@?$DN@     0041d4cc     libvcruntime:undname.obj
 0002:000014d0       ??_C@_02GPIOPFAK@?$DO?$DO@ 0041d4d0     libvcruntime:undname.obj
 0002:000014d4       ??_C@_02FODMEDOG@?$DM?$DM@ 0041d4d4     libvcruntime:undname.obj
 0002:000014d8       ??_C@_01DCLJPIOD@?$CB@     0041d4d8     libvcruntime:undname.obj
 0002:000014dc       ??_C@_02EGOFBIJA@?$DN?$DN@ 0041d4dc     libvcruntime:undname.obj
 0002:000014e0       ??_C@_02FDNJECIE@?$CB?$DN@ 0041d4e0     libvcruntime:undname.obj
 0002:000014e4       ??_C@_02GPECMEKF@?$FL?$FN@ 0041d4e4     libvcruntime:undname.obj
 0002:000014e8       ??_C@_08LHJFAFGD@operator@ 0041d4e8     libvcruntime:undname.obj
 0002:000014f4       ??_C@_02HBOOOICD@?9?$DO@   0041d4f4     libvcruntime:undname.obj
 0002:000014f8       ??_C@_01NBENCBCI@?$CK@     0041d4f8     libvcruntime:undname.obj
 0002:000014fc       ??_C@_02ECNGHCIF@?$CL?$CL@ 0041d4fc     libvcruntime:undname.obj
 0002:00001500       ??_C@_02BAABKJLB@?9?9@     0041d500     libvcruntime:undname.obj
 0002:00001504       ??_C@_01JOAMLHOP@?9@       0041d504     libvcruntime:undname.obj
 0002:00001508       ??_C@_01MIFGBAGJ@?$CL@     0041d508     libvcruntime:undname.obj
 0002:0000150c       ??_C@_01HNPIGOCE@?$CG@     0041d50c     libvcruntime:undname.obj
 0002:00001510       ??_C@_03MNHNFDLC@?9?$DO?$CK@ 0041d510     libvcruntime:undname.obj
 0002:00001514       ??_C@_01KMDKNFGN@?1@       0041d514     libvcruntime:undname.obj
 0002:00001518       ??_C@_01FGNFDNOH@?$CF@     0041d518     libvcruntime:undname.obj
 0002:0000151c       ??_C@_01MNNFJEPP@?$DM@     0041d51c     libvcruntime:undname.obj
 0002:00001520       ??_C@_02EHCHHCKH@?$DM?$DN@ 0041d520     libvcruntime:undname.obj
 0002:00001524       ??_C@_01PPODPGHN@?$DO@     0041d524     libvcruntime:undname.obj
 0002:00001528       ??_C@_02EEKDKGMJ@?$DO?$DN@ 0041d528     libvcruntime:undname.obj
 0002:0000152c       ??_C@_01IHBHIGKO@?0@       0041d52c     libvcruntime:undname.obj
 0002:00001530       ??_C@_02HCKGKOFO@?$CI?$CJ@ 0041d530     libvcruntime:undname.obj
 0002:00001534       ??_C@_01PJKLJHI@?$HO@      0041d534     libvcruntime:undname.obj
 0002:00001538       ??_C@_01JKBOJNNK@?$FO@     0041d538     libvcruntime:undname.obj
 0002:0000153c       ??_C@_01DNKMNLPK@?$HM@     0041d53c     libvcruntime:undname.obj
 0002:00001540       ??_C@_02PPKAJPJL@?$CG?$CG@ 0041d540     libvcruntime:undname.obj
 0002:00001544       ??_C@_02NONPIBCD@?$HM?$HM@ 0041d544     libvcruntime:undname.obj
 0002:00001548       ??_C@_02FPIMKNGF@?$CK?$DN@ 0041d548     libvcruntime:undname.obj
 0002:0000154c       ??_C@_02FOEOMHFC@?$CL?$DN@ 0041d54c     libvcruntime:undname.obj
 0002:00001550       ??_C@_02FKMDLLOA@?9?$DN@   0041d550     libvcruntime:undname.obj
 0002:00001554       ??_C@_02FJEHGPIO@?1?$DN@   0041d554     libvcruntime:undname.obj
 0002:00001558       ??_C@_02FENAOKFI@?$CF?$DN@ 0041d558     libvcruntime:undname.obj
 0002:0000155c       ??_C@_03IKFCCPFF@?$DO?$DO?$DN@ 0041d55c     libvcruntime:undname.obj
 0002:00001560       ??_C@_03CDNPDDLA@?$DM?$DM?$DN@ 0041d560     libvcruntime:undname.obj
 0002:00001564       ??_C@_02FGJGFEAB@?$CG?$DN@ 0041d564     libvcruntime:undname.obj
 0002:00001568       ??_C@_02DHLNPPGH@?$HM?$DN@ 0041d568     libvcruntime:undname.obj
 0002:0000156c       ??_C@_02MHEGNOJ@?$FO?$DN@  0041d56c     libvcruntime:undname.obj
 0002:00001570       ??_C@_09IFPLHPGF@?$GAvftable?8@ 0041d570     libvcruntime:undname.obj
 0002:0000157c       ??_C@_09BLBHBJP@?$GAvbtable?8@ 0041d57c     libvcruntime:undname.obj
 0002:00001588       ??_C@_07FEEIOKP@?$GAvcall?8@ 0041d588     libvcruntime:undname.obj
 0002:00001590       ??_C@_08LLFFHHDJ@?$GAtypeof?8@ 0041d590     libvcruntime:undname.obj
 0002:0000159c       ??_C@_0BF@KDPPACIK@?$GAlocal?5static?5guard?8@ 0041d59c     libvcruntime:undname.obj
 0002:000015b4       ??_C@_08OBABFOLI@?$GAstring?8@ 0041d5b4     libvcruntime:undname.obj
 0002:000015c0       ??_C@_0BD@JDLKDPAB@?$GAvbase?5destructor?8@ 0041d5c0     libvcruntime:undname.obj
 0002:000015d4       ??_C@_0BN@DEGPLNFK@?$GAvector?5deleting?5destructor?8@ 0041d5d4     libvcruntime:undname.obj
 0002:000015f4       ??_C@_0BO@OBMKPJIG@?$GAdefault?5constructor?5closure?8@ 0041d5f4     libvcruntime:undname.obj
 0002:00001614       ??_C@_0BN@IMDCHIKM@?$GAscalar?5deleting?5destructor?8@ 0041d614     libvcruntime:undname.obj
 0002:00001634       ??_C@_0BO@PFGOCPJJ@?$GAvector?5constructor?5iterator?8@ 0041d634     libvcruntime:undname.obj
 0002:00001654       ??_C@_0BN@LFPFMEDL@?$GAvector?5destructor?5iterator?8@ 0041d654     libvcruntime:undname.obj
 0002:00001674       ??_C@_0CE@IKBNEHA@?$GAvector?5vbase?5constructor?5itera@ 0041d674     libvcruntime:undname.obj
 0002:00001698       ??_C@_0BL@NILFHHPC@?$GAvirtual?5displacement?5map?8@ 0041d698     libvcruntime:undname.obj
 0002:000016b4       ??_C@_0CB@JONCMFFK@?$GAeh?5vector?5constructor?5iterator@ 0041d6b4     libvcruntime:undname.obj
 0002:000016d8       ??_C@_0CA@GCEOPDGL@?$GAeh?5vector?5destructor?5iterator?8@ 0041d6d8     libvcruntime:undname.obj
 0002:000016f8       ??_C@_0CH@OOJPLCPH@?$GAeh?5vector?5vbase?5constructor?5it@ 0041d6f8     libvcruntime:undname.obj
 0002:00001720       ??_C@_0BL@LLKPOHJI@?$GAcopy?5constructor?5closure?8@ 0041d720     libvcruntime:undname.obj
 0002:0000173c       ??_C@_0BA@KBCDOMBN@?$GAudt?5returning?8@ 0041d73c     libvcruntime:undname.obj
 0002:0000174c       ??_C@_03KLGMFNMG@?$GAEH@   0041d74c     libvcruntime:undname.obj
 0002:00001750       ??_C@_05KHLCHHI@?$GARTTI@  0041d750     libvcruntime:undname.obj
 0002:00001758       ??_C@_0BA@KKLDJDLB@?$GAlocal?5vftable?8@ 0041d758     libvcruntime:undname.obj
 0002:00001768       ??_C@_0CE@IIHCMGGL@?$GAlocal?5vftable?5constructor?5clos@ 0041d768     libvcruntime:undname.obj
 0002:0000178c       ??_C@_06FHBGPFGH@?5new?$FL?$FN@ 0041d78c     libvcruntime:undname.obj
 0002:00001794       ??_C@_09LBNFPBCA@?5delete?$FL?$FN@ 0041d794     libvcruntime:undname.obj
 0002:000017a0       ??_C@_0P@HJKNJFNN@?$GAomni?5callsig?8@ 0041d7a0     libvcruntime:undname.obj
 0002:000017b0       ??_C@_0BL@CNOONJFP@?$GAplacement?5delete?5closure?8@ 0041d7b0     libvcruntime:undname.obj
 0002:000017cc       ??_C@_0BN@CKNJLHMB@?$GAplacement?5delete?$FL?$FN?5closure?8@ 0041d7cc     libvcruntime:undname.obj
 0002:000017ec       ??_C@_0CG@CFDHKGGD@?$GAmanaged?5vector?5constructor?5ite@ 0041d7ec     libvcruntime:undname.obj
 0002:00001814       ??_C@_0CF@IMGKMJNO@?$GAmanaged?5vector?5destructor?5iter@ 0041d814     libvcruntime:undname.obj
 0002:0000183c       ??_C@_0CG@HLDDJMAG@?$GAeh?5vector?5copy?5constructor?5ite@ 0041d83c     libvcruntime:undname.obj
 0002:00001864       ??_C@_0CM@FCBBDIGB@?$GAeh?5vector?5vbase?5copy?5construct@ 0041d864     libvcruntime:undname.obj
 0002:00001890       ??_C@_0BL@CLIPGLGB@?$GAdynamic?5initializer?5for?5?8@ 0041d890     libvcruntime:undname.obj
 0002:000018ac       ??_C@_0CB@PDBIFEP@?$GAdynamic?5atexit?5destructor?5for?5@ 0041d8ac     libvcruntime:undname.obj
 0002:000018d0       ??_C@_0CD@CGAJBKEJ@?$GAvector?5copy?5constructor?5iterat@ 0041d8d0     libvcruntime:undname.obj
 0002:000018f4       ??_C@_0CJ@GJELGAMM@?$GAvector?5vbase?5copy?5constructor?5@ 0041d8f4     libvcruntime:undname.obj
 0002:00001920       ??_C@_0CL@FGIJHLCE@?$GAmanaged?5vector?5copy?5constructo@ 0041d920     libvcruntime:undname.obj
 0002:0000194c       ??_C@_0BM@PMGGMLDN@?$GAlocal?5static?5thread?5guard?8@ 0041d94c     libvcruntime:undname.obj
 0002:00001968       ??_C@_0N@BDNMDMOL@operator?5?$CC?$CC?5@ 0041d968     libvcruntime:undname.obj
 0002:00001978       ??_C@_0BC@GGEBGALA@operator?5co_await@ 0041d978     libvcruntime:undname.obj
 0002:0000198c       ??_C@_0M@GAAIMMOH@operator?$DM?$DN?$DO@ 0041d98c     libvcruntime:undname.obj
 0002:00001998       ??_C@_0BC@DAFEJGAK@?5Type?5Descriptor?8@ 0041d998     libvcruntime:undname.obj
 0002:000019ac       ??_C@_0BM@LDKODKLH@?5Base?5Class?5Descriptor?5at?5?$CI@ 0041d9ac     libvcruntime:undname.obj
 0002:000019c8       ??_C@_0BD@LGICGFMM@?5Base?5Class?5Array?8@ 0041d9c8     libvcruntime:undname.obj
 0002:000019dc       ??_C@_0BN@MECKDCOJ@?5Class?5Hierarchy?5Descriptor?8@ 0041d9dc     libvcruntime:undname.obj
 0002:000019fc       ??_C@_0BK@CFCOFLF@?5Complete?5Object?5Locator?8@ 0041d9fc     libvcruntime:undname.obj
 0002:00001a18       ??_C@_0BG@JNJLAMPM@?$GAanonymous?5namespace?8@ 0041da18     libvcruntime:undname.obj
 0002:00001a3c       ??_C@_1DM@KHCHBNEB@?$AAa?$AAp?$AAi?$AA?9?$AAm?$AAs?$AA?9?$AAw?$AAi?$AAn?$AA?9?$AAc?$AAo?$AAr?$AAe@ 0041da3c     libvcruntime:winapi_downlevel.obj
 0002:00001a78       ??_C@_1DK@LPPGFMPP@?$AAa?$AAp?$AAi?$AA?9?$AAm?$AAs?$AA?9?$AAw?$AAi?$AAn?$AA?9?$AAc?$AAo?$AAr?$AAe@ 0041da78     libvcruntime:winapi_downlevel.obj
 0002:00001ab4       ??_C@_1BC@GDMECMAK@?$AAk?$AAe?$AAr?$AAn?$AAe?$AAl?$AA3?$AA2@ 0041dab4     libvcruntime:winapi_downlevel.obj
 0002:00001ac8       ??_C@_1BA@PFFKHIOG@?$AAa?$AAp?$AAi?$AA?9?$AAm?$AAs?$AA?9@ 0041dac8     libvcruntime:winapi_downlevel.obj
 0002:00001ae0       ??_C@_08KNHFBNJ@FlsAlloc@  0041dae0     libvcruntime:winapi_downlevel.obj
 0002:00001af4       ??_C@_07PEJMOBNF@FlsFree@  0041daf4     libvcruntime:winapi_downlevel.obj
 0002:00001b04       ??_C@_0M@GDNOONDI@FlsGetValue@ 0041db04     libvcruntime:winapi_downlevel.obj
 0002:00001b18       ??_C@_0M@JCPCPOEF@FlsSetValue@ 0041db18     libvcruntime:winapi_downlevel.obj
 0002:00001b2c       ??_C@_0BM@HCFOFFN@InitializeCriticalSectionEx@ 0041db2c     libvcruntime:winapi_downlevel.obj
 0002:00001b48       ??_C@_1BI@BGOHAHKC@?$AAm?$AAs?$AAc?$AAo?$AAr?$AAe?$AAe?$AA?4?$AAd?$AAl?$AAl@ 0041db48     libucrt:exit.obj
 0002:00001b60       ??_C@_0P@MIGLKIOC@CorExitProcess@ 0041db60     libucrt:exit.obj
 0002:00001b70       _standard_lookup_table     0041db70     libucrt:output.obj
 0002:00001bcc       ??_C@_1O@CEDCILHN@?$AA?$CI?$AAn?$AAu?$AAl?$AAl?$AA?$CJ@ 0041dbcc     libucrt:output.obj
 0002:00001bdc       ??_C@_06OJHGLDPL@?$CInull?$CJ@ 0041dbdc     libucrt:output.obj
 0002:00001d50       ___acrt_exception_action_table 0041dd50     libucrt:exception_filter.obj
 0002:00001de0       ___acrt_signal_action_table_count 0041dde0     libucrt:exception_filter.obj
 0002:00001de4       ___acrt_signal_action_first_fpe_index 0041dde4     libucrt:exception_filter.obj
 0002:00001de8       ___acrt_signal_action_fpe_count 0041dde8     libucrt:exception_filter.obj
 0002:00001e70       ?ccs@?1???$__acrt_stdio_parse_mode@D@@YA?AU__acrt_stdio_stream_mode@@QBD@Z@4QBDB 0041de70     libucrt:openfile.obj
 0002:00001e74       ?utf8_encoding@?1???$__acrt_stdio_parse_mode@D@@YA?AU__acrt_stdio_stream_mode@@QBD@Z@4QBDB 0041de74     libucrt:openfile.obj
 0002:00001e7c       ?utf16_encoding@?1???$__acrt_stdio_parse_mode@D@@YA?AU__acrt_stdio_stream_mode@@QBD@Z@4QBDB 0041de7c     libucrt:openfile.obj
 0002:00001e84       ?unicode_encoding@?1???$__acrt_stdio_parse_mode@D@@YA?AU__acrt_stdio_stream_mode@@QBD@Z@4QBDB 0041de84     libucrt:openfile.obj
[...]
 0002:00001b10       ?candidate_modules@?1??try_get_FlsSetValue@@YAP6GHKPAX@ZXZ@4QBW4module_id@?A0x7e0cc890@@B 0041db10     libvcruntime:winapi_downlevel.obj
 0002:00001b24       ?candidate_modules@?1??try_get_InitializeCriticalSectionEx@@YAP6GHPAU_RTL_CRITICAL_SECTION@@KK@ZXZ@4QBW4module_id@?A0x7e0cc890@@B 0041db24     libvcruntime:winapi_downlevel.obj
 0002:00001be8       ?errtable@@3QBUerrentry@?A0x31fdb9ec@@B 0041dbe8     libucrt:errno.obj
 0002:00001df0       ___acrt_initializers       0041ddf0     libucrt:initialization.obj
 0002:00001e90       ?module_names@?A0x391cf84c@@3QBQB_WB 0041de90     libucrt:winapi_thunks.obj
 0002:00002308       ?candidate_modules@?1??try_get_AreFileApisANSI@@YAP6GHXZXZ@4QBW4module_id@?A0x391cf84c@@B 0041e308     libucrt:winapi_thunks.obj
 0002:0000231c       ?candidate_modules@?1??try_get_CompareStringEx@@YAP6GHPB_WK0H0HPAU_nlsversioninfo@@PAXJ@ZXZ@4QBW4module_id@?A0x391cf84c@@B 0041e31c     libucrt:winapi_thunks.obj
 0002:00002334       ?candidate_modules@?1??try_get_FlsAlloc@@YAP6GKP6GXPAX@Z@ZXZ@4QBW4module_id@?A0x391cf84c@@B 0041e334     libucrt:winapi_thunks.obj
 0002:0000233c       ?candidate_modules@?1??try_get_FlsFree@@YAP6GHK@ZXZ@4QBW4module_id@?A0x391cf84c@@B 0041e33c     libucrt:winapi_thunks.obj
 0002:00002344       ?candidate_modules@?1??try_get_FlsGetValue@@YAP6GPAXK@ZXZ@4QBW4module_id@?A0x391cf84c@@B 0041e344     libucrt:winapi_thunks.obj
 0002:0000234c       ?candidate_modules@?1??try_get_FlsSetValue@@YAP6GHKPAX@ZXZ@4QBW4module_id@?A0x391cf84c@@B 0041e34c     libucrt:winapi_thunks.obj
 0002:00002354       ?candidate_modules@?1??try_get_InitializeCriticalSectionEx@@YAP6GHPAU_RTL_CRITICAL_SECTION@@KK@ZXZ@4QBW4module_id@?A0x391cf84c@@B 0041e354     libucrt:winapi_thunks.obj
 0002:0000235c       ?candidate_modules@?1??try_get_LCMapStringEx@@YAP6GHPB_WK0HPA_WHPAU_nlsversioninfo@@PAXJ@ZXZ@4QBW4module_id@?A0x391cf84c@@B 0041e35c     libucrt:winapi_thunks.obj
 0002:00002374       ?candidate_modules@?1??try_get_LocaleNameToLCID@@YAP6GKPB_WK@ZXZ@4QBW4module_id@?A0x391cf84c@@B 0041e374     libucrt:winapi_thunks.obj
 0002:00002390       ?candidate_modules@?1??try_get_AppPolicyGetProcessTerminationMethod@@YAP6GJPAXPAW4AppPolicyProcessTerminationMethod@@@ZXZ@4QBW4module_id@?A0x391cf84c@@B 0041e390     libucrt:winapi_thunks.obj
 0002:000023c0       ?strings@?1??fp_format_nan_or_infinity@@YAHW4__acrt_fp_class@@_NPADI1@Z@4QAY03QBDA 0041e3c0     libucrt:cvt.obj
 0002:00002908       ?_mb_locale_names@@3QBQB_WB 0041e908     libucrt:mbctype.obj
 0002:00002f50       ?LcidToLocaleNameTable@?A0x881e4c05@@3QBULcidToLocaleName@1@B 0041ef50     libucrt:lcidtoname_downlevel.obj
 0002:00004070       ?LocaleNameToIndexTable@?A0x881e4c05@@3QBULocaleNameIndex@1@B 00420070     libucrt:lcidtoname_downlevel.obj
 0002:000058c8       ?large_power_indices@?1??multiply_by_power_of_ten@__crt_strtox@@YA_NAAUbig_integer@2@I@Z@4QBUunpack_index@?1??12@YA_N0I@Z@B 004218c8     libucrt:cfout.obj
 0002:000059a8       _over                      004219a8     libucrt:fpctrl.obj
 0002:000059b4       _under                     004219b4     libucrt:fpctrl.obj
 0002:000059d0       LOG_name                   004219d0     libucrt:log10_impl.obj
 0002:000059e0       _One                       004219e0     libucrt:ceil_pentium4.obj
 0002:000059f0       _Bns                       004219f0     libucrt:ceil_pentium4.obj
 0002:00005a00       _Zero                      00421a00     libucrt:ceil_pentium4.obj
 0002:00005a10       _S                         00421a10     libucrt:ceil_pentium4.obj
 0002:00005a20       _NegZero                   00421a20     libucrt:ceil_pentium4.obj
 0002:00005a30       emask                      00421a30     libucrt:log10_pentium4.obj
 0002:00005a40       CC                         00421a40     libucrt:log10_pentium4.obj
 0002:00005a50       Magic                      00421a50     libucrt:log10_pentium4.obj
 0002:00005a60       hi_mask                    00421a60     libucrt:log10_pentium4.obj
 0002:00005a70       LOG10_2                    00421a70     libucrt:log10_pentium4.obj
 0002:00005a80       place_L                    00421a80     libucrt:log10_pentium4.obj
 0002:00005aa0       One                        00421aa0     libucrt:log10_pentium4.obj
 0002:00005ab0       Zero                       00421ab0     libucrt:log10_pentium4.obj
 0002:00005ac0       Two52                      00421ac0     libucrt:log10_pentium4.obj
 0002:00005ad0       Infs                       00421ad0     libucrt:log10_pentium4.obj
 0002:00005ae0       NaN                        00421ae0     libucrt:log10_pentium4.obj
 0002:00005af0       coeff                      00421af0     libucrt:log10_pentium4.obj
 0002:00005b4e       _log2max                   00421b4e     libucrt:87tran.obj
 0002:00005b58       _smallarg                  00421b58     libucrt:87tran.obj
 0002:00005b62       _half                      00421b62     libucrt:87tran.obj
 0002:00005bae       One                        00421bae     libucrt:87disp.obj
 0002:00005bb6       Three                      00421bb6     libucrt:87disp.obj
 0002:00005bbe       XAMtoTagTab                00421bbe     libucrt:87disp.obj
 0002:00005bd0       One                        00421bd0     libucrt:common.obj
 0002:00005be4       DblMax                     00421be4     libucrt:common.obj
 0002:00005bec       DblMin                     00421bec     libucrt:common.obj
 0002:00005bf4       IeeeAdjO                   00421bf4     libucrt:common.obj
 0002:00005bfc       IeeeAdjU                   00421bfc     libucrt:common.obj
 0002:00005c04       _infinity                  00421c04     libucrt:common.obj
 0002:00005c0c       _zero                      00421c0c     libucrt:common.obj
 0002:00006478       ?_names@?1??_get_fname@@9@9 00422478     libucrt:fpexcept.obj
 0002:00006620       two32                      00422620     LIBCMT:ftol2.obj
 0002:00006624       two63                      00422624     LIBCMT:ftol2.obj
 0002:00006628       _NaN                       00422628     LIBCMT:ftol2.obj
 0002:000069c0       __sehtable$?__scrt_common_main_seh@@YAHXZ 004229c0     LIBCMT:exe_main.obj
 0002:000069e0       __sehtable$___scrt_is_nonwritable_in_current_image 004229e0     LIBCMT:utility.obj
 0002:00006a00       __sehtable$___DestructExceptionObject 00422a00     libvcruntime:ehhelpers.obj
 0002:00006a20       __sehtable$??R<lambda_6e4b09c48022b2350581041d5f6b0c4c>@@QBE@XZ 00422a20     libucrt:exit.obj
 0002:00006a40       __sehtable$??$?RV<lambda_03b1d95aef87969028cfba75ccab2455>@@AAV<lambda_6e4b09c48022b2350581041d5f6b0c4c>@@V<lambda_22bdf7517842c4b3e53723af5aa32b9e>@@@?$__crt_seh_guarded_call@X@@QAEX$$QAV<lambda_03b1d95aef87969028cfba75ccab2455>@@AAV<lambda_6e4b09c48022b2350581041d5f6b0c4c>@@$$QAV<lambda_22bdf7517842c4b3e53723af5aa32b9e>@@@Z 00422a40     libucrt:exit.obj
 0002:00006a60       __sehtable$??$common_fsopen@D@@YAPAU_iobuf@@QBD0H@Z 00422a60     libucrt:fopen.obj
 0002:00006a80       __sehtable$??$common_ftell@J@@YAJV__crt_stdio_stream@@@Z 00422a80     libucrt:ftell.obj
 0002:00006aa0       __sehtable$_rewind         00422aa0     libucrt:rewind.obj
 0002:00006ac0       __sehtable$?common_fseek@@YAHV__crt_stdio_stream@@_JH@Z 00422ac0     libucrt:fseek.obj
 0002:00006ae0       __sehtable$_fclose         00422ae0     libucrt:fclose.obj
 0002:00006b00       __sehtable$_fread_s        00422b00     libucrt:fread.obj
 0002:00006b20       __sehtable$??$?RV<lambda_4ac01c32aa5b53846f05d0620572872e>@@AAV<lambda_5856287d7ecd2be6c9197bb4007c3f6e>@@V<lambda_e7a9868ed898c75c0f0637692d94351a>@@@?$__crt_seh_guarded_call@I@@QAEI$$QAV<lambda_4ac01c32aa5b53846f05d0620572872e>@@AAV<lambda_5856287d7ecd2be6c9197bb4007c3f6e>@@$$QAV<lambda_e7a9868ed898c75c0f0637692d94351a>@@@Z 00422b20     libucrt:fwrite.obj
 0002:00006b40       __sehtable$_fgetc          00422b40     libucrt:fgetc.obj
 0002:00006b60       __sehtable$_fputc          00422b60     libucrt:fputc.obj
 0002:00006b80       __sehtable$??$?RV<lambda_2866be3712abc81a800a822484c830d8>@@AAV<lambda_39ca0ed439415581b5b15c265174cece>@@V<lambda_2b24c74d71094a6cd0cb82e44167d71b>@@@?$__crt_seh_guarded_call@X@@QAEX$$QAV<lambda_2866be3712abc81a800a822484c830d8>@@AAV<lambda_39ca0ed439415581b5b15c265174cece>@@$$QAV<lambda_2b24c74d71094a6cd0cb82e44167d71b>@@@Z 00422b80     libucrt:fflush.obj
 0002:00006ba0       __sehtable$??$?RV<lambda_2cc53f568c5a2bb6f192f930a45d44ea>@@AAV<lambda_ab61a845afdef5b7c387490eaf3616ee>@@V<lambda_c2ffc0b7726aa6be21d5f0026187e748>@@@?$__crt_seh_guarded_call@X@@QAEX$$QAV<lambda_2cc53f568c5a2bb6f192f930a45d44ea>@@AAV<lambda_ab61a845afdef5b7c387490eaf3616ee>@@$$QAV<lambda_c2ffc0b7726aa6be21d5f0026187e748>@@@Z 00422ba0     libucrt:fflush.obj
 0002:00006bc0       __sehtable$??$?RV<lambda_6d20deecaf4856105ebacbad442d1079>@@AAV<lambda_9a32fed5bf61b6b509b2d3f6003082a1>@@V<lambda_63ea2239ed67c638ddbae41947fdf875>@@@?$__crt_seh_guarded_call@H@@QAEH$$QAV<lambda_6d20deecaf4856105ebacbad442d1079>@@AAV<lambda_9a32fed5bf61b6b509b2d3f6003082a1>@@$$QAV<lambda_63ea2239ed67c638ddbae41947fdf875>@@@Z 00422bc0     libucrt:fflush.obj
 0002:00006be0       __sehtable$??$?RV<lambda_c29ee0499b841886b80d843682cc403a>@@AAV<lambda_0be4ab1c2a6918fda4e39227d83ea893>@@V<lambda_5a3ed3da325c8ea037a470278c0f2d16>@@@?$__crt_seh_guarded_call@H@@QAEH$$QAV<lambda_c29ee0499b841886b80d843682cc403a>@@AAV<lambda_0be4ab1c2a6918fda4e39227d83ea893>@@$$QAV<lambda_5a3ed3da325c8ea037a470278c0f2d16>@@@Z 00422be0     libucrt:output.obj
 0002:00006c00       __sehtable$??$?RV<lambda_e5124f882df8998aaf41531e079ba474>@@AAV<lambda_3e16ef9562a7dcce91392c22ab16ea36>@@V<lambda_e25ca0880e6ef98be67edffd8c599615>@@@?$__crt_seh_guarded_call@X@@QAEX$$QAV<lambda_e5124f882df8998aaf41531e079ba474>@@AAV<lambda_3e16ef9562a7dcce91392c22ab16ea36>@@$$QAV<lambda_e25ca0880e6ef98be67edffd8c599615>@@@Z 00422c00     libucrt:wsetlocale.obj
 0002:00006c20       __sehtable$??$?RV<lambda_8e746cf0007f6ed984d6f78af1fec997>@@AAV<lambda_22ebabd17bc4fa466a2aca6d8deb888d>@@V<lambda_18ed0c0b38a6dc0daf1e7ac6d6adf05e>@@@?$__crt_seh_guarded_call@H@@QAEH$$QAV<lambda_8e746cf0007f6ed984d6f78af1fec997>@@AAV<lambda_22ebabd17bc4fa466a2aca6d8deb888d>@@$$QAV<lambda_18ed0c0b38a6dc0daf1e7ac6d6adf05e>@@@Z 00422c20     libucrt:onexit.obj
 0002:00006c40       __sehtable$??$?RV<lambda_69a2805e680e0e292e8ba93315fe43a8>@@AAV<lambda_f03950bc5685219e0bcd2087efbe011e>@@V<lambda_03fcd07e894ec930e3f35da366ca99d6>@@@?$__crt_seh_guarded_call@H@@QAEH$$QAV<lambda_69a2805e680e0e292e8ba93315fe43a8>@@AAV<lambda_f03950bc5685219e0bcd2087efbe011e>@@$$QAV<lambda_03fcd07e894ec930e3f35da366ca99d6>@@@Z 00422c40     libucrt:onexit.obj
 0002:00006c60       __sehtable$_terminate      00422c60     libucrt:terminate.obj
 0002:00006c80       __sehtable$?__acrt_stdio_allocate_stream@@YA?AV__crt_stdio_stream@@XZ 00422c80     libucrt:stream.obj
 0002:00006ca0       __sehtable$??$common_lseek@J@@YAJHJH@Z 00422ca0     libucrt:lseek.obj
 0002:00006cc0       __sehtable$??$common_lseek@_J@@YA_JH_JH@Z 00422cc0     libucrt:lseek.obj
 0002:00006ce0       __sehtable$__read          00422ce0     libucrt:read.obj
 0002:00006d00       __sehtable$___acrt_initialize_lowio 00422d00     libucrt:ioinit.obj
 0002:00006d20       __sehtable$??$?RV<lambda_218ce3db14220d0be481dae8ef3383b6>@@AAV<lambda_628dfdc04ba53c8bfc02c9951375f3f5>@@V<lambda_57dc472bd5c9d5f3b2cbca59b8a843ae>@@@?$__crt_seh_guarded_call@H@@QAEH$$QAV<lambda_218ce3db14220d0be481dae8ef3383b6>@@AAV<lambda_628dfdc04ba53c8bfc02c9951375f3f5>@@$$QAV<lambda_57dc472bd5c9d5f3b2cbca59b8a843ae>@@@Z 00422d20     libucrt:close.obj
 0002:00006d40       __sehtable$__write         00422d40     libucrt:write.obj
 0002:00006d60       __sehtable$??$?RV<lambda_9e9de3de5fa147e2223d7db92bc10aa6>@@AAV<lambda_38ce7e780aa69e748d6df282ebc68efe>@@V<lambda_8ca6da459f0f6780f1cff60fdc3d00e5>@@@?$__crt_seh_guarded_call@H@@QAEH$$QAV<lambda_9e9de3de5fa147e2223d7db92bc10aa6>@@AAV<lambda_38ce7e780aa69e748d6df282ebc68efe>@@$$QAV<lambda_8ca6da459f0f6780f1cff60fdc3d00e5>@@@Z 00422d60     libucrt:commit.obj
 0002:00006d80       __sehtable$__fcloseall     00422d80     libucrt:closeall.obj
 0002:00006da0       __sehtable$??$?RV<lambda_15ade71b0218206bbe3333a0c9b79046>@@AAV<lambda_da44e0f8b0f19ba52fefafb335991732>@@V<lambda_207f2d024fc103971653565357d6cd41>@@@?$__crt_seh_guarded_call@X@@QAEX$$QAV<lambda_15ade71b0218206bbe3333a0c9b79046>@@AAV<lambda_da44e0f8b0f19ba52fefafb335991732>@@$$QAV<lambda_207f2d024fc103971653565357d6cd41>@@@Z 00422da0     libucrt:per_thread_data.obj
 0002:00006dc0       __sehtable$??$?RV<lambda_a7e850c220f1c8d1e6efeecdedd162c6>@@AAV<lambda_46720907175c18b6c9d2717bc0d2d362>@@V<lambda_9048902d66e8d99359bc9897bbb930a8>@@@?$__crt_seh_guarded_call@X@@QAEX$$QAV<lambda_a7e850c220f1c8d1e6efeecdedd162c6>@@AAV<lambda_46720907175c18b6c9d2717bc0d2d362>@@$$QAV<lambda_9048902d66e8d99359bc9897bbb930a8>@@@Z 00422dc0     libucrt:per_thread_data.obj
 0002:00006de0       __sehtable$??$?RV<lambda_38edbb1296d33220d7e4dd0ed76b244a>@@AAV<lambda_5ce1d447e08cb34b2473517608e21441>@@V<lambda_fb385d3da700c9147fc39e65dd577a8c>@@@?$__crt_seh_guarded_call@X@@QAEX$$QAV<lambda_38edbb1296d33220d7e4dd0ed76b244a>@@AAV<lambda_5ce1d447e08cb34b2473517608e21441>@@$$QAV<lambda_fb385d3da700c9147fc39e65dd577a8c>@@@Z 00422de0     libucrt:per_thread_data.obj
 0002:00006e00       __sehtable$??$?RV<lambda_6affb1475c98b40b75cdec977db92e3c>@@AAV<lambda_b8d4b9c228a6ecc3f80208dbb4b4a104>@@V<lambda_608742c3c92a14382c1684fc64f96c88>@@@?$__crt_seh_guarded_call@X@@QAEX$$QAV<lambda_6affb1475c98b40b75cdec977db92e3c>@@AAV<lambda_b8d4b9c228a6ecc3f80208dbb4b4a104>@@$$QAV<lambda_608742c3c92a14382c1684fc64f96c88>@@@Z 00422e00     libucrt:per_thread_data.obj
 0002:00006e20       __sehtable$?update_thread_multibyte_data_internal@@YAPAU__crt_multibyte_data@@QAU__acrt_ptd@@QAPAU1@@Z 00422e20     libucrt:mbctype.obj
 0002:00006e40       __sehtable$??$?RV<lambda_ceb1ee4838e85a9d631eb091e2fbe199>@@AAV<lambda_ae742caa10f662c28703da3d2ea5e57e>@@V<lambda_cd08b5d6af4937fe54fc07d0c9bf6b37>@@@?$__crt_seh_guarded_call@X@@QAEX$$QAV<lambda_ceb1ee4838e85a9d631eb091e2fbe199>@@AAV<lambda_ae742caa10f662c28703da3d2ea5e57e>@@$$QAV<lambda_cd08b5d6af4937fe54fc07d0c9bf6b37>@@@Z 00422e40     libucrt:mbctype.obj
 0002:00006e60       __sehtable$__alloc_osfhnd  00422e60     libucrt:osfinfo.obj
 0002:00006e80       __sehtable$___acrt_lowio_ensure_fh_exists 00422e80     libucrt:osfinfo.obj
 0002:00006ea0       __sehtable$___acrt_update_thread_locale_data 00422ea0     libucrt:locale_refcounting.obj
 0002:00006ec0       __sehtable$__query_new_handler 00422ec0     libucrt:new_handler.obj
 0002:00006ee0       __sehtable$_raise          00422ee0     libucrt:signal.obj
 0002:00006f00       __sehtable$??$?RV<lambda_cbab9ec6f41b0180b23cc171c22676b0>@@AAV<lambda_44731a7d0e6d81c3e6aa82d741081786>@@V<lambda_4b292cb8dd18144e164572427af410ab>@@@?$__crt_seh_guarded_call@P6AXH@Z@@QAEP6AXH@Z$$QAV<lambda_cbab9ec6f41b0180b23cc171c22676b0>@@AAV<lambda_44731a7d0e6d81c3e6aa82d741081786>@@$$QAV<lambda_4b292cb8dd18144e164572427af410ab>@@@Z 00422f00     libucrt:signal.obj
 0002:00006f20       __sehtable$??$common_sopen_dispatch@D@@YAHQBDHHHQAHH@Z 00422f20     libucrt:open.obj
 0002:00006f40       __sehtable$___set_fpsr_sse2 00422f40     libucrt:fpctrl.obj
 0002:00006f60       __sehtable$__IsNonwritableInCurrentImage 00422f60     LIBCMT:pesect.obj
 0002:000071ea       .idata$6                   004231ea     kernel32:KERNEL32.dll
 0003:0000167c       $SG10038                   0042567c     libi77:prim-rtl-file.obj
 0003:000016b0       ?__vcrt_flsindex@@3KA      004256b0     libvcruntime:per_thread_data.obj
 0003:00001778       ?errno_no_memory@@3HA      00425778     libucrt:errno.obj
 0003:0000177c       ?doserrno_no_memory@@3KA   0042577c     libucrt:errno.obj
 0003:000018c8       ?__acrt_flsindex@@3KA      004258c8     libucrt:per_thread_data.obj
 0003:00001bb8       __mbctypes                 00425bb8     libucrt:mbctype.obj
 0003:00001cc0       __mbcasemaps               00425cc0     libucrt:mbctype.obj
 0003:00001dc0       ?__rgctypeflag@@3PADA      00425dc0     libucrt:mbctype.obj
 0003:00001dc8       ?__rgcode_page_info@@3PAUcode_page_info@@A 00425dc8     libucrt:mbctype.obj
 0003:00001f20       ?__DAZ_ENABLED@?1??__set_fpsr_sse2@@9@9 00425f20     libucrt:fpctrl.obj
 0003:00001f30       ?__dcrt_lowio_console_output_handle@@3PAXA 00425f30     libucrt:initcon.obj
 0003:00001f48       ?is_initialized_as_dll@@3_NA 00425f48     LIBCMT:utility.obj
 0003:00001f49       ?module_local_atexit_table_initialized@@3_NA 00425f49     LIBCMT:utility.obj
 0003:00001f4c       ?module_local_atexit_table@@3U_onexit_table_t@@A 00425f4c     LIBCMT:utility.obj
 0003:00001f58       ?module_local_at_quick_exit_table@@3U_onexit_table_t@@A 00425f58     LIBCMT:utility.obj
 0003:00001f88       _GS_ExceptionRecord        00425f88     LIBCMT:gs_report.obj
 0003:00001fd8       _GS_ContextRecord          00425fd8     LIBCMT:gs_report.obj
 0003:000022a8       ?__vcrt_startup_thread_ptd@@3U__vcrt_ptd@@A 004262a8     libvcruntime:per_thread_data.obj
 0003:000022d0       ___vcrt_lock_table         004262d0     libvcruntime:locks.obj
 0003:000022e8       ___vcrt_locks_initialized  004262e8     libvcruntime:locks.obj
 0003:00002314       ?heap@@3V_HeapManager@@A   00426314     libvcruntime:undname.obj
 0003:00002328       ?module_handles@@3PAPAUHINSTANCE__@@A 00426328     libvcruntime:winapi_downlevel.obj
 0003:00002334       ?function_pointers@@3PAPAXA 00426334     libvcruntime:winapi_downlevel.obj
 0003:0000234c       ?c_termination_complete@@3JA 0042634c     libucrt:exit.obj
 0003:00002350       ?thread_local_exit_callback_func@@3P6GXPAXK0@ZA 00426350     libucrt:exit.obj
 0003:00002364       ?__acrt_app_type@@3W4_crt_app_type@@A 00426364     libucrt:report_runtime_error.obj
 0003:00002368       ?user_matherr@@3V?$dual_state_global@P6AHPAU_exception@@@Z@__crt_state_management@@A 00426368     libucrt:matherr.obj
 0003:00002370       ?program_name@?1???$common_configure_argv@D@@YAHW4_crt_argv_mode@@@Z@4PADA 00426370     libucrt:argv_parsing.obj
 0003:000024a4       ?__acrt_global_new_mode@@3V?$dual_state_global@J@__crt_state_management@@A 004264a4     libucrt:new_mode.obj
 0003:000024c8       ?__acrt_lock_table@@3PAU_RTL_CRITICAL_SECTION@@A 004264c8     libucrt:locks.obj
 0003:00002618       ?__acrt_locks_initialized@@3IA 00426618     libucrt:locks.obj
 0003:0000261c       ?__acrt_invalid_parameter_handler@@3V?$dual_state_global@P6AXPB_W00II@Z@__crt_state_management@@A 0042661c     libucrt:invalid_parameter.obj
 0003:00002830       ?module_handles@@3PAPAUHINSTANCE__@@A 00426830     libucrt:winapi_thunks.obj
 0003:00002880       ?encoded_function_pointers@@3PAPAXA 00426880     libucrt:winapi_thunks.obj
 0003:00002908       ?internal_state@?1??_mbtowc_l@@9@4U_Mbstatet@@A 00426908     libucrt:mbtowc.obj
 0003:00002910       ?enable_percent_n@@3IA     00426910     libucrt:printf_count_output.obj
 0003:00002924       ?fSystemSet@@3HA           00426924     libucrt:mbctype.obj
 0003:00002928       ?initialized@?1??__acrt_initialize_multibyte@@9@4_NA 00426928     libucrt:mbctype.obj
 0003:0000293c       ?__acrt_new_handler@@3V?$dual_state_global@P6AHI@Z@__crt_state_management@@A 0042693c     libucrt:new_handler.obj
 0003:00002940       ?ctrlc_action@@3V?$dual_state_global@P6AXH@Z@__crt_state_management@@A 00426940     libucrt:signal.obj
 0003:00002944       ?ctrlbreak_action@@3V?$dual_state_global@P6AXH@Z@__crt_state_management@@A 00426944     libucrt:signal.obj
 0003:00002948       ?abort_action@@3V?$dual_state_global@P6AXH@Z@__crt_state_management@@A 00426948     libucrt:signal.obj
 0003:0000294c       ?term_action@@3V?$dual_state_global@P6AXH@Z@__crt_state_management@@A 0042694c     libucrt:signal.obj
 0003:00002954       ?internal_pst@?1??__mbrtoc32_utf8@__crt_mbstring@@YAIPA_UPBDIPAU_Mbstatet@@@Z@4U3@A 00426954     libucrt:mbrtoc32.obj
 0003:00002960       __pmatherr_set             00426960     libucrt:libm_error.obj

 Exports

  ordinal    name

